Archive member included to satisfy reference by file (symbol)

/nix/store/244x2dv48nan65bmpk2pv3pfl5s5jjn8-gcc-arm-embedded-12.3.rel1/bin/../lib/gcc/arm-none-eabi/12.3.1/../../../../arm-none-eabi/lib/thumb/v7-m/nofp/libc_nano.a(libc_a-exit.o)
                              /nix/store/244x2dv48nan65bmpk2pv3pfl5s5jjn8-gcc-arm-embedded-12.3.rel1/bin/../lib/gcc/arm-none-eabi/12.3.1/../../../../arm-none-eabi/lib/thumb/v7-m/nofp/crt0.o (exit)
/nix/store/244x2dv48nan65bmpk2pv3pfl5s5jjn8-gcc-arm-embedded-12.3.rel1/bin/../lib/gcc/arm-none-eabi/12.3.1/../../../../arm-none-eabi/lib/thumb/v7-m/nofp/libc_nano.a(libc_a-init.o)
                              /nix/store/244x2dv48nan65bmpk2pv3pfl5s5jjn8-gcc-arm-embedded-12.3.rel1/bin/../lib/gcc/arm-none-eabi/12.3.1/../../../../arm-none-eabi/lib/thumb/v7-m/nofp/crt0.o (__libc_init_array)
/nix/store/244x2dv48nan65bmpk2pv3pfl5s5jjn8-gcc-arm-embedded-12.3.rel1/bin/../lib/gcc/arm-none-eabi/12.3.1/../../../../arm-none-eabi/lib/thumb/v7-m/nofp/libc_nano.a(libc_a-memcpy-stub.o)
                              build/queue.o (memcpy)
/nix/store/244x2dv48nan65bmpk2pv3pfl5s5jjn8-gcc-arm-embedded-12.3.rel1/bin/../lib/gcc/arm-none-eabi/12.3.1/../../../../arm-none-eabi/lib/thumb/v7-m/nofp/libc_nano.a(libc_a-findfp.o)
                              /nix/store/244x2dv48nan65bmpk2pv3pfl5s5jjn8-gcc-arm-embedded-12.3.rel1/bin/../lib/gcc/arm-none-eabi/12.3.1/../../../../arm-none-eabi/lib/thumb/v7-m/nofp/libc_nano.a(libc_a-exit.o) (__stdio_exit_handler)
/nix/store/244x2dv48nan65bmpk2pv3pfl5s5jjn8-gcc-arm-embedded-12.3.rel1/bin/../lib/gcc/arm-none-eabi/12.3.1/../../../../arm-none-eabi/lib/thumb/v7-m/nofp/libc_nano.a(libc_a-stdio.o)
                              /nix/store/244x2dv48nan65bmpk2pv3pfl5s5jjn8-gcc-arm-embedded-12.3.rel1/bin/../lib/gcc/arm-none-eabi/12.3.1/../../../../arm-none-eabi/lib/thumb/v7-m/nofp/libc_nano.a(libc_a-findfp.o) (__sread)
/nix/store/244x2dv48nan65bmpk2pv3pfl5s5jjn8-gcc-arm-embedded-12.3.rel1/bin/../lib/gcc/arm-none-eabi/12.3.1/../../../../arm-none-eabi/lib/thumb/v7-m/nofp/libc_nano.a(libc_a-writer.o)
                              /nix/store/244x2dv48nan65bmpk2pv3pfl5s5jjn8-gcc-arm-embedded-12.3.rel1/bin/../lib/gcc/arm-none-eabi/12.3.1/../../../../arm-none-eabi/lib/thumb/v7-m/nofp/libc_nano.a(libc_a-stdio.o) (_write_r)
/nix/store/244x2dv48nan65bmpk2pv3pfl5s5jjn8-gcc-arm-embedded-12.3.rel1/bin/../lib/gcc/arm-none-eabi/12.3.1/../../../../arm-none-eabi/lib/thumb/v7-m/nofp/libc_nano.a(libc_a-errno.o)
                              build/sysmem.o (__errno)
/nix/store/244x2dv48nan65bmpk2pv3pfl5s5jjn8-gcc-arm-embedded-12.3.rel1/bin/../lib/gcc/arm-none-eabi/12.3.1/../../../../arm-none-eabi/lib/thumb/v7-m/nofp/libc_nano.a(libc_a-fwalk.o)
                              /nix/store/244x2dv48nan65bmpk2pv3pfl5s5jjn8-gcc-arm-embedded-12.3.rel1/bin/../lib/gcc/arm-none-eabi/12.3.1/../../../../arm-none-eabi/lib/thumb/v7-m/nofp/libc_nano.a(libc_a-findfp.o) (_fwalk_sglue)
/nix/store/244x2dv48nan65bmpk2pv3pfl5s5jjn8-gcc-arm-embedded-12.3.rel1/bin/../lib/gcc/arm-none-eabi/12.3.1/../../../../arm-none-eabi/lib/thumb/v7-m/nofp/libc_nano.a(libc_a-memset.o)
                              /nix/store/244x2dv48nan65bmpk2pv3pfl5s5jjn8-gcc-arm-embedded-12.3.rel1/bin/../lib/gcc/arm-none-eabi/12.3.1/../../../../arm-none-eabi/lib/thumb/v7-m/nofp/crt0.o (memset)
/nix/store/244x2dv48nan65bmpk2pv3pfl5s5jjn8-gcc-arm-embedded-12.3.rel1/bin/../lib/gcc/arm-none-eabi/12.3.1/../../../../arm-none-eabi/lib/thumb/v7-m/nofp/libc_nano.a(libc_a-lock.o)
                              /nix/store/244x2dv48nan65bmpk2pv3pfl5s5jjn8-gcc-arm-embedded-12.3.rel1/bin/../lib/gcc/arm-none-eabi/12.3.1/../../../../arm-none-eabi/lib/thumb/v7-m/nofp/libc_nano.a(libc_a-findfp.o) (__retarget_lock_init_recursive)
/nix/store/244x2dv48nan65bmpk2pv3pfl5s5jjn8-gcc-arm-embedded-12.3.rel1/bin/../lib/gcc/arm-none-eabi/12.3.1/../../../../arm-none-eabi/lib/thumb/v7-m/nofp/libc_nano.a(libc_a-closer.o)
                              /nix/store/244x2dv48nan65bmpk2pv3pfl5s5jjn8-gcc-arm-embedded-12.3.rel1/bin/../lib/gcc/arm-none-eabi/12.3.1/../../../../arm-none-eabi/lib/thumb/v7-m/nofp/libc_nano.a(libc_a-stdio.o) (_close_r)
/nix/store/244x2dv48nan65bmpk2pv3pfl5s5jjn8-gcc-arm-embedded-12.3.rel1/bin/../lib/gcc/arm-none-eabi/12.3.1/../../../../arm-none-eabi/lib/thumb/v7-m/nofp/libc_nano.a(libc_a-reent.o)
                              /nix/store/244x2dv48nan65bmpk2pv3pfl5s5jjn8-gcc-arm-embedded-12.3.rel1/bin/../lib/gcc/arm-none-eabi/12.3.1/../../../../arm-none-eabi/lib/thumb/v7-m/nofp/libc_nano.a(libc_a-writer.o) (errno)
/nix/store/244x2dv48nan65bmpk2pv3pfl5s5jjn8-gcc-arm-embedded-12.3.rel1/bin/../lib/gcc/arm-none-eabi/12.3.1/../../../../arm-none-eabi/lib/thumb/v7-m/nofp/libc_nano.a(libc_a-impure.o)
                              /nix/store/244x2dv48nan65bmpk2pv3pfl5s5jjn8-gcc-arm-embedded-12.3.rel1/bin/../lib/gcc/arm-none-eabi/12.3.1/../../../../arm-none-eabi/lib/thumb/v7-m/nofp/libc_nano.a(libc_a-errno.o) (_impure_ptr)
[...]
Memory Configuration

Name             Origin             Length             Attributes
RAM              0x20000000         0x00005000         xrw
FLASH            0x08000000         0x00010000         xr
*default*        0x00000000         0xffffffff

Linker script and memory map

LOAD /nix/store/244x2dv48nan65bmpk2pv3pfl5s5jjn8-gcc-arm-embedded-12.3.rel1/bin/../lib/gcc/arm-none-eabi/12.3.1/thumb/v7-m/nofp/crti.o
LOAD /nix/store/244x2dv48nan65bmpk2pv3pfl5s5jjn8-gcc-arm-embedded-12.3.rel1/bin/../lib/gcc/arm-none-eabi/12.3.1/thumb/v7-m/nofp/crtbegin.o
LOAD /nix/store/244x2dv48nan65bmpk2pv3pfl5s5jjn8-gcc-arm-embedded-12.3.rel1/bin/../lib/gcc/arm-none-eabi/12.3.1/../../../../arm-none-eabi/lib/thumb/v7-m/nofp/crt0.o
LOAD build/main.o
LOAD build/gpio.o
LOAD build/freertos.o
LOAD build/i2c.o
LOAD build/oled.o
LOAD build/stm32f1xx_it.o
LOAD build/stm32f1xx_hal_msp.o
LOAD build/stm32f1xx_hal_timebase_tim.o
LOAD build/usb_device.o
LOAD build/usbd_desc.o
LOAD build/usbd_cdc_if.o
LOAD build/usbd_conf.o
LOAD build/stm32f1xx_hal_gpio_ex.o
LOAD build/stm32f1xx_hal_pcd.o
LOAD build/stm32f1xx_hal_pcd_ex.o
LOAD build/stm32f1xx_ll_usb.o
LOAD build/stm32f1xx_hal.o
LOAD build/stm32f1xx_hal_rcc.o
LOAD build/stm32f1xx_hal_rcc_ex.o
LOAD build/stm32f1xx_hal_gpio.o
LOAD build/stm32f1xx_hal_dma.o
LOAD build/stm32f1xx_hal_cortex.o
LOAD build/stm32f1xx_hal_pwr.o
LOAD build/stm32f1xx_hal_flash.o
LOAD build/stm32f1xx_hal_flash_ex.o
LOAD build/stm32f1xx_hal_exti.o
LOAD build/stm32f1xx_hal_i2c.o
LOAD build/stm32f1xx_hal_tim.o
LOAD build/stm32f1xx_hal_tim_ex.o
LOAD build/system_stm32f1xx.o
LOAD build/croutine.o
LOAD build/event_groups.o
LOAD build/list.o
LOAD build/queue.o
LOAD build/stream_buffer.o
LOAD build/tasks.o
LOAD build/timers.o
LOAD build/cmsis_os2.o
LOAD build/heap_4.o
LOAD build/port.o
LOAD build/usbd_core.o
LOAD build/usbd_ctlreq.o
LOAD build/usbd_ioreq.o
LOAD build/usbd_cdc.o
LOAD build/sysmem.o
LOAD build/syscalls.o
LOAD build/startup_stm32f103xb.o
LOAD /nix/store/244x2dv48nan65bmpk2pv3pfl5s5jjn8-gcc-arm-embedded-12.3.rel1/bin/../lib/gcc/arm-none-eabi/12.3.1/../../../../arm-none-eabi/lib/thumb/v7-m/nofp/libc_nano.a
LOAD /nix/store/244x2dv48nan65bmpk2pv3pfl5s5jjn8-gcc-arm-embedded-12.3.rel1/bin/../lib/gcc/arm-none-eabi/12.3.1/../../../../arm-none-eabi/lib/thumb/v7-m/nofp/libm.a
LOAD /nix/store/244x2dv48nan65bmpk2pv3pfl5s5jjn8-gcc-arm-embedded-12.3.rel1/bin/../lib/gcc/arm-none-eabi/12.3.1/../../../../arm-none-eabi/lib/thumb/v7-m/nofp/libnosys.a
START GROUP
LOAD /nix/store/244x2dv48nan65bmpk2pv3pfl5s5jjn8-gcc-arm-embedded-12.3.rel1/bin/../lib/gcc/arm-none-eabi/12.3.1/thumb/v7-m/nofp/libgcc.a
LOAD /nix/store/244x2dv48nan65bmpk2pv3pfl5s5jjn8-gcc-arm-embedded-12.3.rel1/bin/../lib/gcc/arm-none-eabi/12.3.1/../../../../arm-none-eabi/lib/thumb/v7-m/nofp/libc_nano.a
END GROUP
START GROUP
LOAD /nix/store/244x2dv48nan65bmpk2pv3pfl5s5jjn8-gcc-arm-embedded-12.3.rel1/bin/../lib/gcc/arm-none-eabi/12.3.1/thumb/v7-m/nofp/libgcc.a
LOAD /nix/store/244x2dv48nan65bmpk2pv3pfl5s5jjn8-gcc-arm-embedded-12.3.rel1/bin/../lib/gcc/arm-none-eabi/12.3.1/../../../../arm-none-eabi/lib/thumb/v7-m/nofp/libc_nano.a
END GROUP
LOAD /nix/store/244x2dv48nan65bmpk2pv3pfl5s5jjn8-gcc-arm-embedded-12.3.rel1/bin/../lib/gcc/arm-none-eabi/12.3.1/thumb/v7-m/nofp/crtend.o
LOAD /nix/store/244x2dv48nan65bmpk2pv3pfl5s5jjn8-gcc-arm-embedded-12.3.rel1/bin/../lib/gcc/arm-none-eabi/12.3.1/thumb/v7-m/nofp/crtn.o
                0x20005000                        _estack = (ORIGIN (RAM) + LENGTH (RAM))
                0x00000400                        _Min_Heap_Size = 0x400
                0x00000400                        _Min_Stack_Size = 0x400

.isr_vector     0x08000000      0x10c
                0x08000000                        . = ALIGN (0x4)
 *(.isr_vector)
 .isr_vector    0x08000000      0x10c build/startup_stm32f103xb.o
                0x08000000                g_pfnVectors
                0x0800010c                        . = ALIGN (0x4)

.text           0x08000110     0x68a8
                0x08000110                        . = ALIGN (0x4)
 *(.text)
 *(.text*)
 .text.deregister_tm_clones
                0x08000110       0x1c /nix/store/244x2dv48nan65bmpk2pv3pfl5s5jjn8-gcc-arm-embedded-12.3.rel1/bin/../lib/gcc/arm-none-eabi/12.3.1/thumb/v7-m/nofp/crtbegin.o
 .text.register_tm_clones
                0x0800012c       0x24 /nix/store/244x2dv48nan65bmpk2pv3pfl5s5jjn8-gcc-arm-embedded-12.3.rel1/bin/../lib/gcc/arm-none-eabi/12.3.1/thumb/v7-m/nofp/crtbegin.o
 .text.__do_global_dtors_aux
                0x08000150       0x28 /nix/store/244x2dv48nan65bmpk2pv3pfl5s5jjn8-gcc-arm-embedded-12.3.rel1/bin/../lib/gcc/arm-none-eabi/12.3.1/thumb/v7-m/nofp/crtbegin.o
 .text.frame_dummy
                0x08000178       0x24 /nix/store/244x2dv48nan65bmpk2pv3pfl5s5jjn8-gcc-arm-embedded-12.3.rel1/bin/../lib/gcc/arm-none-eabi/12.3.1/thumb/v7-m/nofp/crtbegin.o
 .text.HAL_TIM_PeriodElapsedCallback
                0x0800019c       0x18 build/main.o
                0x0800019c                HAL_TIM_PeriodElapsedCallback
 .text.Error_Handler
                0x080001b4        0x4 build/main.o
                0x080001b4                Error_Handler
 .text.SystemClock_Config
                0x080001b8       0x86 build/main.o
                0x080001b8                SystemClock_Config
 .text.main     0x0800023e       0x2c build/main.o
                0x0800023e                main
 *fill*         0x0800026a        0x2 
 .text.MX_GPIO_Init
                0x0800026c       0x80 build/gpio.o
                0x0800026c                MX_GPIO_Init
 .text.StartOled
                0x080002ec       0x5c build/freertos.o
                0x080002ec                StartOled
 .text.StartMax
                0x08000348       0x34 build/freertos.o
                0x08000348                StartMax
 .text.MX_FREERTOS_Init
                0x0800037c       0x38 build/freertos.o
                0x0800037c                MX_FREERTOS_Init
 .text.MX_I2C1_Init
                0x080003b4       0x3c build/i2c.o
                0x080003b4                MX_I2C1_Init
 .text.MX_I2C2_Init
                0x080003f0       0x3c build/i2c.o
                0x080003f0                MX_I2C2_Init
 .text.HAL_I2C_MspInit
                0x0800042c       0xac build/i2c.o
                0x0800042c                HAL_I2C_MspInit
 .text.SSD1306_WriteByte
                0x080004d8       0x28 build/oled.o
                0x080004d8                SSD1306_WriteByte
 .text.OLED_Init
                0x08000500       0xf2 build/oled.o
                0x08000500                OLED_Init
 .text.OLED_Clear
                0x080005f2       0x42 build/oled.o
                0x080005f2                OLED_Clear
 .text.OLED_Set_Pos
                0x08000634       0x28 build/oled.o
                0x08000634                OLED_Set_Pos
 .text.OLED_ShowChar
                0x0800065c       0x98 build/oled.o
                0x0800065c                OLED_ShowChar
 .text.OLED_ShowString
                0x080006f4       0x36 build/oled.o
                0x080006f4                OLED_ShowString
 .text.NMI_Handler
                0x0800072a        0x2 build/stm32f1xx_it.o
                0x0800072a                NMI_Handler
 .text.HardFault_Handler
                0x0800072c        0x2 build/stm32f1xx_it.o
                0x0800072c                HardFault_Handler
 .text.MemManage_Handler
                0x0800072e        0x2 build/stm32f1xx_it.o
                0x0800072e                MemManage_Handler
 .text.BusFault_Handler
                0x08000730        0x2 build/stm32f1xx_it.o
                0x08000730                BusFault_Handler
 .text.UsageFault_Handler
                0x08000732        0x2 build/stm32f1xx_it.o
                0x08000732                UsageFault_Handler
 .text.DebugMon_Handler
                0x08000734        0x2 build/stm32f1xx_it.o
                0x08000734                DebugMon_Handler
 *fill*         0x08000736        0x2 
 .text.USB_LP_CAN1_RX0_IRQHandler
                0x08000738       0x10 build/stm32f1xx_it.o
                0x08000738                USB_LP_CAN1_RX0_IRQHandler
 .text.TIM1_UP_IRQHandler
                0x08000748       0x10 build/stm32f1xx_it.o
                0x08000748                TIM1_UP_IRQHandler
 .text.HAL_MspInit
                0x08000758       0x54 build/stm32f1xx_hal_msp.o
                0x08000758                HAL_MspInit
 .text.HAL_InitTick
                0x080007ac       0x94 build/stm32f1xx_hal_timebase_tim.o
                0x080007ac                HAL_InitTick
 .text.MX_USB_DEVICE_Init
                0x08000840       0x54 build/usb_device.o
                0x08000840                MX_USB_DEVICE_Init
 .text.USBD_FS_DeviceDescriptor
                0x08000894        0xc build/usbd_desc.o
                0x08000894                USBD_FS_DeviceDescriptor
 .text.USBD_FS_LangIDStrDescriptor
                0x080008a0        0xc build/usbd_desc.o
                0x080008a0                USBD_FS_LangIDStrDescriptor
 .text.IntToUnicode
                0x080008ac       0x46 build/usbd_desc.o
 *fill*         0x080008f2        0x2 
 .text.Get_SerialNum
                0x080008f4       0x38 build/usbd_desc.o
 .text.USBD_FS_SerialStrDescriptor
                0x0800092c       0x14 build/usbd_desc.o
                0x0800092c                USBD_FS_SerialStrDescriptor
 .text.USBD_FS_ProductStrDescriptor
                0x08000940       0x24 build/usbd_desc.o
                0x08000940                USBD_FS_ProductStrDescriptor
 .text.USBD_FS_ManufacturerStrDescriptor
                0x08000964       0x1c build/usbd_desc.o
                0x08000964                USBD_FS_ManufacturerStrDescriptor
 .text.USBD_FS_ConfigStrDescriptor
                0x08000980       0x24 build/usbd_desc.o
                0x08000980                USBD_FS_ConfigStrDescriptor
 .text.USBD_FS_InterfaceStrDescriptor
                0x080009a4       0x24 build/usbd_desc.o
                0x080009a4                USBD_FS_InterfaceStrDescriptor
 .text.CDC_DeInit_FS
                0x080009c8        0x4 build/usbd_cdc_if.o
 .text.CDC_Control_FS
                0x080009cc        0x4 build/usbd_cdc_if.o
 .text.CDC_Receive_FS
                0x080009d0       0x1c build/usbd_cdc_if.o
 .text.CDC_Init_FS
                0x080009ec       0x28 build/usbd_cdc_if.o
 .text.CDC_Transmit_FS
                0x08000a14       0x2c build/usbd_cdc_if.o
                0x08000a14                CDC_Transmit_FS
 .text.USBD_Get_USB_Status
                0x08000a40       0x14 build/usbd_conf.o
 .text.HAL_PCD_MspInit
                0x08000a54       0x40 build/usbd_conf.o
                0x08000a54                HAL_PCD_MspInit
 .text.HAL_PCD_SetupStageCallback
                0x08000a94       0x10 build/usbd_conf.o
                0x08000a94                HAL_PCD_SetupStageCallback
 .text.HAL_PCD_DataOutStageCallback
                0x08000aa4       0x18 build/usbd_conf.o
                0x08000aa4                HAL_PCD_DataOutStageCallback
 .text.HAL_PCD_DataInStageCallback
                0x08000abc       0x16 build/usbd_conf.o
                0x08000abc                HAL_PCD_DataInStageCallback
 .text.HAL_PCD_SOFCallback
                0x08000ad2        0xc build/usbd_conf.o
                0x08000ad2                HAL_PCD_SOFCallback
 .text.HAL_PCD_ResetCallback
                0x08000ade       0x24 build/usbd_conf.o
                0x08000ade                HAL_PCD_ResetCallback
 *fill*         0x08000b02        0x2 
 .text.HAL_PCD_SuspendCallback
                0x08000b04       0x20 build/usbd_conf.o
                0x08000b04                HAL_PCD_SuspendCallback
 .text.HAL_PCD_ResumeCallback
                0x08000b24        0xc build/usbd_conf.o
                0x08000b24                HAL_PCD_ResumeCallback
 .text.USBD_LL_Init
                0x08000b30       0x84 build/usbd_conf.o
                0x08000b30                USBD_LL_Init
 .text.USBD_LL_Start
                0x08000bb4       0x10 build/usbd_conf.o
                0x08000bb4                USBD_LL_Start
 .text.USBD_LL_OpenEP
                0x08000bc4       0x16 build/usbd_conf.o
                0x08000bc4                USBD_LL_OpenEP
 .text.USBD_LL_CloseEP
                0x08000bda       0x10 build/usbd_conf.o
                0x08000bda                USBD_LL_CloseEP
 .text.USBD_LL_StallEP
                0x08000bea       0x10 build/usbd_conf.o
                0x08000bea                USBD_LL_StallEP
 .text.USBD_LL_ClearStallEP
                0x08000bfa       0x10 build/usbd_conf.o
                0x08000bfa                USBD_LL_ClearStallEP
 .text.USBD_LL_IsStallEP
                0x08000c0a       0x2e build/usbd_conf.o
                0x08000c0a                USBD_LL_IsStallEP
 .text.USBD_LL_SetUSBAddress
                0x08000c38       0x10 build/usbd_conf.o
                0x08000c38                USBD_LL_SetUSBAddress
 .text.USBD_LL_Transmit
                0x08000c48       0x10 build/usbd_conf.o
                0x08000c48                USBD_LL_Transmit
 .text.USBD_LL_PrepareReceive
                0x08000c58       0x10 build/usbd_conf.o
                0x08000c58                USBD_LL_PrepareReceive
 .text.USBD_LL_GetRxDataSize
                0x08000c68        0xc build/usbd_conf.o
                0x08000c68                USBD_LL_GetRxDataSize
 .text.USBD_static_malloc
                0x08000c74        0x8 build/usbd_conf.o
                0x08000c74                USBD_static_malloc
 .text.USBD_static_free
                0x08000c7c        0x2 build/usbd_conf.o
                0x08000c7c                USBD_static_free
 .text.HAL_PCDEx_SetConnectionState
                0x08000c7e        0x2 build/usbd_conf.o
                0x08000c7e                HAL_PCDEx_SetConnectionState
 .text.HAL_PCD_EP_DB_Receive
                0x08000c80      0x11c build/stm32f1xx_hal_pcd.o
 .text.HAL_PCD_Init
                0x08000d9c      0x110 build/stm32f1xx_hal_pcd.o
                0x08000d9c                HAL_PCD_Init
 .text.HAL_PCD_Start
                0x08000eac       0x32 build/stm32f1xx_hal_pcd.o
                0x08000eac                HAL_PCD_Start
 .text.HAL_PCD_EP_DB_Transmit
                0x08000ede      0x424 build/stm32f1xx_hal_pcd.o
 .text.PCD_EP_ISR_Handler
                0x08001302      0x53e build/stm32f1xx_hal_pcd.o
 .text.HAL_PCD_SetAddress
                0x08001840       0x28 build/stm32f1xx_hal_pcd.o
                0x08001840                HAL_PCD_SetAddress
 .text.HAL_PCD_IRQHandler
                0x08001868      0x1b0 build/stm32f1xx_hal_pcd.o
                0x08001868                HAL_PCD_IRQHandler
 .text.HAL_PCD_EP_Open
                0x08001a18       0x7c build/stm32f1xx_hal_pcd.o
                0x08001a18                HAL_PCD_EP_Open
 .text.HAL_PCD_EP_Close
                0x08001a94       0x64 build/stm32f1xx_hal_pcd.o
                0x08001a94                HAL_PCD_EP_Close
 .text.HAL_PCD_EP_Receive
                0x08001af8       0x3a build/stm32f1xx_hal_pcd.o
                0x08001af8                HAL_PCD_EP_Receive
 .text.HAL_PCD_EP_GetRxCount
                0x08001b32       0x12 build/stm32f1xx_hal_pcd.o
                0x08001b32                HAL_PCD_EP_GetRxCount
 .text.HAL_PCD_EP_Transmit
                0x08001b44       0x44 build/stm32f1xx_hal_pcd.o
                0x08001b44                HAL_PCD_EP_Transmit
 .text.HAL_PCD_EP_SetStall
                0x08001b88       0x78 build/stm32f1xx_hal_pcd.o
                0x08001b88                HAL_PCD_EP_SetStall
 .text.HAL_PCD_EP_ClrStall
                0x08001c00       0x76 build/stm32f1xx_hal_pcd.o
                0x08001c00                HAL_PCD_EP_ClrStall
 .text.HAL_PCDEx_PMAConfig
                0x08001c76       0x38 build/stm32f1xx_hal_pcd_ex.o
                0x08001c76                HAL_PCDEx_PMAConfig
 .text.USB_CoreInit
                0x08001cae        0xe build/stm32f1xx_ll_usb.o
                0x08001cae                USB_CoreInit
 .text.USB_EnableGlobalInt
                0x08001cbc       0x12 build/stm32f1xx_ll_usb.o
                0x08001cbc                USB_EnableGlobalInt
 .text.USB_DisableGlobalInt
                0x08001cce       0x14 build/stm32f1xx_ll_usb.o
                0x08001cce                USB_DisableGlobalInt
 .text.USB_SetCurrentMode
                0x08001ce2        0x4 build/stm32f1xx_ll_usb.o
                0x08001ce2                USB_SetCurrentMode
 .text.USB_DevInit
                0x08001ce6       0x22 build/stm32f1xx_ll_usb.o
                0x08001ce6                USB_DevInit
 .text.USB_ActivateEndpoint
                0x08001d08      0x3ca build/stm32f1xx_ll_usb.o
                0x08001d08                USB_ActivateEndpoint
 .text.USB_DeactivateEndpoint
                0x080020d2      0x1d6 build/stm32f1xx_ll_usb.o
                0x080020d2                USB_DeactivateEndpoint
 .text.USB_EPSetStall
                0x080022a8       0x4a build/stm32f1xx_ll_usb.o
                0x080022a8                USB_EPSetStall
 .text.USB_EPClearStall
                0x080022f2       0xa2 build/stm32f1xx_ll_usb.o
                0x080022f2                USB_EPClearStall
 .text.USB_SetDevAddress
                0x08002394        0xc build/stm32f1xx_ll_usb.o
                0x08002394                USB_SetDevAddress
 .text.USB_DevConnect
                0x080023a0        0x4 build/stm32f1xx_ll_usb.o
                0x080023a0                USB_DevConnect
 .text.USB_DevDisconnect
                0x080023a4        0x4 build/stm32f1xx_ll_usb.o
                0x080023a4                USB_DevDisconnect
 .text.USB_ReadInterrupts
                0x080023a8        0x8 build/stm32f1xx_ll_usb.o
                0x080023a8                USB_ReadInterrupts
 .text.USB_EP0_OutStart
                0x080023b0        0x4 build/stm32f1xx_ll_usb.o
                0x080023b0                USB_EP0_OutStart
 .text.USB_WritePMA
                0x080023b4       0x26 build/stm32f1xx_ll_usb.o
                0x080023b4                USB_WritePMA
 .text.USB_EPStartXfer
                0x080023da      0x7ce build/stm32f1xx_ll_usb.o
                0x080023da                USB_EPStartXfer
 .text.USB_ReadPMA
                0x08002ba8       0x30 build/stm32f1xx_ll_usb.o
                0x08002ba8                USB_ReadPMA
 .text.HAL_Init
                0x08002bd8       0x24 build/stm32f1xx_hal.o
                0x08002bd8                HAL_Init
 .text.HAL_IncTick
                0x08002bfc       0x18 build/stm32f1xx_hal.o
                0x08002bfc                HAL_IncTick
 .text.HAL_GetTick
                0x08002c14        0xc build/stm32f1xx_hal.o
                0x08002c14                HAL_GetTick
 .text.HAL_Delay
                0x08002c20       0x28 build/stm32f1xx_hal.o
                0x08002c20                HAL_Delay
 .text.RCC_Delay
                0x08002c48       0x2c build/stm32f1xx_hal_rcc.o
 .text.HAL_RCC_OscConfig
                0x08002c74      0x410 build/stm32f1xx_hal_rcc.o
                0x08002c74                HAL_RCC_OscConfig
 .text.HAL_RCC_GetSysClockFreq
                0x08003084       0x54 build/stm32f1xx_hal_rcc.o
                0x08003084                HAL_RCC_GetSysClockFreq
 .text.HAL_RCC_ClockConfig
                0x080030d8      0x16c build/stm32f1xx_hal_rcc.o
                0x080030d8                HAL_RCC_ClockConfig
 .text.HAL_RCC_GetHCLKFreq
                0x08003244        0xc build/stm32f1xx_hal_rcc.o
                0x08003244                HAL_RCC_GetHCLKFreq
 .text.HAL_RCC_GetPCLK1Freq
                0x08003250       0x20 build/stm32f1xx_hal_rcc.o
                0x08003250                HAL_RCC_GetPCLK1Freq
 .text.HAL_RCC_GetPCLK2Freq
                0x08003270       0x20 build/stm32f1xx_hal_rcc.o
                0x08003270                HAL_RCC_GetPCLK2Freq
 .text.HAL_RCC_GetClockConfig
                0x08003290       0x3c build/stm32f1xx_hal_rcc.o
                0x08003290                HAL_RCC_GetClockConfig
 .text.HAL_RCCEx_PeriphCLKConfig
                0x080032cc      0x118 build/stm32f1xx_hal_rcc_ex.o
                0x080032cc                HAL_RCCEx_PeriphCLKConfig
 .text.HAL_GPIO_Init
                0x080033e4      0x21c build/stm32f1xx_hal_gpio.o
                0x080033e4                HAL_GPIO_Init
 .text.HAL_GPIO_WritePin
                0x08003600        0xc build/stm32f1xx_hal_gpio.o
                0x08003600                HAL_GPIO_WritePin
 .text.__NVIC_SetPriority
                0x0800360c       0x28 build/stm32f1xx_hal_cortex.o
 .text.NVIC_EncodePriority
                0x08003634       0x3e build/stm32f1xx_hal_cortex.o
 *fill*         0x08003672        0x2 
 .text.HAL_NVIC_SetPriorityGrouping
                0x08003674       0x24 build/stm32f1xx_hal_cortex.o
                0x08003674                HAL_NVIC_SetPriorityGrouping
 .text.HAL_NVIC_SetPriority
                0x08003698       0x20 build/stm32f1xx_hal_cortex.o
                0x08003698                HAL_NVIC_SetPriority
 .text.HAL_NVIC_EnableIRQ
                0x080036b8       0x1c build/stm32f1xx_hal_cortex.o
                0x080036b8                HAL_NVIC_EnableIRQ
 .text.I2C_IsAcknowledgeFailed
                0x080036d4       0x32 build/stm32f1xx_hal_i2c.o
 .text.I2C_WaitOnFlagUntilTimeout
                0x08003706       0xaa build/stm32f1xx_hal_i2c.o
 .text.I2C_WaitOnMasterAddressFlagUntilTimeout
                0x080037b0       0xd6 build/stm32f1xx_hal_i2c.o
 *fill*         0x08003886        0x2 
 .text.I2C_MasterRequestWrite
                0x08003888       0xb4 build/stm32f1xx_hal_i2c.o
 .text.I2C_WaitOnTXEFlagUntilTimeout
                0x0800393c       0x5e build/stm32f1xx_hal_i2c.o
 .text.I2C_WaitOnBTFFlagUntilTimeout
                0x0800399a       0x5e build/stm32f1xx_hal_i2c.o
 .text.HAL_I2C_Init
                0x080039f8      0x1bc build/stm32f1xx_hal_i2c.o
                0x080039f8                HAL_I2C_Init
 .text.HAL_I2C_Master_Transmit
                0x08003bb4      0x178 build/stm32f1xx_hal_i2c.o
                0x08003bb4                HAL_I2C_Master_Transmit
 .text.HAL_TIM_Base_MspInit
                0x08003d2c        0x2 build/stm32f1xx_hal_tim.o
                0x08003d2c                HAL_TIM_Base_MspInit
 *fill*         0x08003d2e        0x2 
 .text.HAL_TIM_Base_Start_IT
                0x08003d30       0x68 build/stm32f1xx_hal_tim.o
                0x08003d30                HAL_TIM_Base_Start_IT
 .text.HAL_TIM_OC_DelayElapsedCallback
                0x08003d98        0x2 build/stm32f1xx_hal_tim.o
                0x08003d98                HAL_TIM_OC_DelayElapsedCallback
 .text.HAL_TIM_IC_CaptureCallback
                0x08003d9a        0x2 build/stm32f1xx_hal_tim.o
                0x08003d9a                HAL_TIM_IC_CaptureCallback
 .text.HAL_TIM_PWM_PulseFinishedCallback
                0x08003d9c        0x2 build/stm32f1xx_hal_tim.o
                0x08003d9c                HAL_TIM_PWM_PulseFinishedCallback
 .text.HAL_TIM_TriggerCallback
                0x08003d9e        0x2 build/stm32f1xx_hal_tim.o
                0x08003d9e                HAL_TIM_TriggerCallback
 .text.HAL_TIM_IRQHandler
                0x08003da0      0x17a build/stm32f1xx_hal_tim.o
                0x08003da0                HAL_TIM_IRQHandler
 *fill*         0x08003f1a        0x2 
 .text.TIM_Base_SetConfig
                0x08003f1c       0x74 build/stm32f1xx_hal_tim.o
                0x08003f1c                TIM_Base_SetConfig
 .text.HAL_TIM_Base_Init
                0x08003f90       0x58 build/stm32f1xx_hal_tim.o
                0x08003f90                HAL_TIM_Base_Init
 .text.HAL_TIMEx_CommutCallback
                0x08003fe8        0x2 build/stm32f1xx_hal_tim_ex.o
                0x08003fe8                HAL_TIMEx_CommutCallback
 .text.HAL_TIMEx_BreakCallback
                0x08003fea        0x2 build/stm32f1xx_hal_tim_ex.o
                0x08003fea                HAL_TIMEx_BreakCallback
 .text.SystemInit
                0x08003fec        0x2 build/system_stm32f1xx.o
                0x08003fec                SystemInit
 .text.vListInitialise
                0x08003fee       0x16 build/list.o
                0x08003fee                vListInitialise
 .text.vListInitialiseItem
                0x08004004        0x6 build/list.o
                0x08004004                vListInitialiseItem
 .text.vListInsertEnd
                0x0800400a       0x16 build/list.o
                0x0800400a                vListInsertEnd
 .text.vListInsert
                0x08004020       0x32 build/list.o
                0x08004020                vListInsert
 .text.uxListRemove
                0x08004052       0x26 build/list.o
                0x08004052                uxListRemove
 .text.prvIsQueueFull
                0x08004078       0x1e build/queue.o
 .text.prvIsQueueEmpty
                0x08004096       0x1a build/queue.o
 .text.prvCopyDataToQueue
                0x080040b0       0x76 build/queue.o
 .text.prvCopyDataFromQueue
                0x08004126       0x24 build/queue.o
 .text.prvUnlockQueue
                0x0800414a       0x6e build/queue.o
 .text.xQueueGenericReset
                0x080041b8       0x84 build/queue.o
                0x080041b8                xQueueGenericReset
 .text.prvInitialiseNewQueue
                0x0800423c       0x22 build/queue.o
 .text.xQueueGenericCreateStatic
                0x0800425e       0x92 build/queue.o
                0x0800425e                xQueueGenericCreateStatic
 .text.xQueueGenericSend
                0x080042f0      0x188 build/queue.o
                0x080042f0                xQueueGenericSend
 .text.xQueueGenericSendFromISR
                0x08004478       0xcc build/queue.o
                0x08004478                xQueueGenericSendFromISR
 .text.xQueueReceive
                0x08004544      0x15e build/queue.o
                0x08004544                xQueueReceive
 *fill*         0x080046a2        0x2 
 .text.vQueueAddToRegistry
                0x080046a4       0x28 build/queue.o
                0x080046a4                vQueueAddToRegistry
 .text.vQueueWaitForMessageRestricted
                0x080046cc       0x52 build/queue.o
                0x080046cc                vQueueWaitForMessageRestricted
 *fill*         0x0800471e        0x2 
 .text.prvResetNextTaskUnblockTime
                0x08004720       0x2c build/tasks.o
 .text.prvInitialiseNewTask
                0x0800474c       0x98 build/tasks.o
 .text.prvInitialiseTaskLists
                0x080047e4       0x68 build/tasks.o
 .text.prvAddNewTaskToReadyList
                0x0800484c       0xac build/tasks.o
 .text.prvDeleteTCB
                0x080048f8       0x38 build/tasks.o
 .text.prvCheckTasksWaitingTermination
                0x08004930       0x4c build/tasks.o
 .text.prvIdleTask
                0x0800497c       0x28 build/tasks.o
 .text.prvAddCurrentTaskToDelayedList
                0x080049a4       0x7c build/tasks.o
 .text.xTaskCreateStatic
                0x08004a20       0x74 build/tasks.o
                0x08004a20                xTaskCreateStatic
 .text.xTaskCreate
                0x08004a94       0x64 build/tasks.o
                0x08004a94                xTaskCreate
 .text.vTaskStartScheduler
                0x08004af8       0x98 build/tasks.o
                0x08004af8                vTaskStartScheduler
 .text.vTaskSuspendAll
                0x08004b90       0x10 build/tasks.o
                0x08004b90                vTaskSuspendAll
 .text.xTaskGetTickCount
                0x08004ba0        0xc build/tasks.o
                0x08004ba0                xTaskGetTickCount
 .text.xTaskIncrementTick
                0x08004bac      0x118 build/tasks.o
                0x08004bac                xTaskIncrementTick
 .text.xTaskResumeAll
                0x08004cc4       0xf8 build/tasks.o
                0x08004cc4                xTaskResumeAll
 .text.vTaskDelay
                0x08004dbc       0x4c build/tasks.o
                0x08004dbc                vTaskDelay
 .text.vTaskSwitchContext
                0x08004e08       0x98 build/tasks.o
                0x08004e08                vTaskSwitchContext
 .text.vTaskPlaceOnEventList
                0x08004ea0       0x30 build/tasks.o
                0x08004ea0                vTaskPlaceOnEventList
 .text.vTaskPlaceOnEventListRestricted
                0x08004ed0       0x38 build/tasks.o
                0x08004ed0                vTaskPlaceOnEventListRestricted
 .text.xTaskRemoveFromEventList
                0x08004f08       0x8c build/tasks.o
                0x08004f08                xTaskRemoveFromEventList
 .text.vTaskInternalSetTimeOutState
                0x08004f94       0x18 build/tasks.o
                0x08004f94                vTaskInternalSetTimeOutState
 .text.xTaskCheckForTimeOut
                0x08004fac       0x84 build/tasks.o
                0x08004fac                xTaskCheckForTimeOut
 .text.vTaskMissedYield
                0x08005030        0xc build/tasks.o
                0x08005030                vTaskMissedYield
 .text.xTaskGetSchedulerState
                0x0800503c       0x20 build/tasks.o
                0x0800503c                xTaskGetSchedulerState
 .text.xTaskPriorityDisinherit
                0x0800505c       0x90 build/tasks.o
                0x0800505c                xTaskPriorityDisinherit
 .text.prvGetNextExpireTime
                0x080050ec       0x20 build/timers.o
 .text.prvInsertTimerInActiveList
                0x0800510c       0x48 build/timers.o
 .text.prvCheckForValidListAndQueue
                0x08005154       0x70 build/timers.o
 .text.xTimerCreateTimerTask
                0x080051c4       0x64 build/timers.o
                0x080051c4                xTimerCreateTimerTask
 .text.xTimerGenericCommand
                0x08005228       0x6c build/timers.o
                0x08005228                xTimerGenericCommand
 .text.prvSwitchTimerLists
                0x08005294       0x78 build/timers.o
 .text.prvSampleTimeNow
                0x0800530c       0x2c build/timers.o
 .text.prvProcessExpiredTimer
                0x08005338       0x60 build/timers.o
 .text.prvProcessTimerOrBlockTask
                0x08005398       0x70 build/timers.o
 .text.prvProcessReceivedCommands
                0x08005408       0xf8 build/timers.o
 .text.prvTimerTask
                0x08005500       0x16 build/timers.o
 *fill*         0x08005516        0x2 
 .text.osKernelInitialize
                0x08005518       0x44 build/cmsis_os2.o
                0x08005518                osKernelInitialize
 .text.osKernelStart
                0x0800555c       0x4c build/cmsis_os2.o
                0x0800555c                osKernelStart
 .text.osThreadNew
                0x080055a8       0xec build/cmsis_os2.o
                0x080055a8                osThreadNew
 .text.osDelay  0x08005694       0x44 build/cmsis_os2.o
                0x08005694                osDelay
 .text.vApplicationGetIdleTaskMemory
                0x080056d8       0x18 build/cmsis_os2.o
                0x080056d8                vApplicationGetIdleTaskMemory
 .text.vApplicationGetTimerTaskMemory
                0x080056f0       0x18 build/cmsis_os2.o
                0x080056f0                vApplicationGetTimerTaskMemory
 .text.prvHeapInit
                0x08005708       0x64 build/heap_4.o
 .text.prvInsertBlockIntoFreeList
                0x0800576c       0x60 build/heap_4.o
 .text.pvPortMalloc
                0x080057cc       0xf8 build/heap_4.o
                0x080057cc                pvPortMalloc
 .text.vPortFree
                0x080058c4       0x70 build/heap_4.o
                0x080058c4                vPortFree
 .text.prvTaskExitError
                0x08005934       0x40 build/port.o
 .text.prvPortStartFirstTask
                0x08005974       0x20 build/port.o
 .text.pxPortInitialiseStack
                0x08005994       0x24 build/port.o
                0x08005994                pxPortInitialiseStack
 *fill*         0x080059b8        0x8 
 .text.SVC_Handler
                0x080059c0       0x24 build/port.o
                0x080059c0                SVC_Handler
 .text.vPortEnterCritical
                0x080059e4       0x44 build/port.o
                0x080059e4                vPortEnterCritical
 .text.vPortExitCritical
                0x08005a28       0x2c build/port.o
                0x08005a28                vPortExitCritical
 *fill*         0x08005a54        0xc 
 .text.PendSV_Handler
                0x08005a60       0x44 build/port.o
                0x08005a60                PendSV_Handler
 .text.SysTick_Handler
                0x08005aa4       0x2c build/port.o
                0x08005aa4                SysTick_Handler
 .text.vPortSetupTimerInterrupt
                0x08005ad0       0x28 build/port.o
                0x08005ad0                vPortSetupTimerInterrupt
 .text.xPortStartScheduler
                0x08005af8       0xc0 build/port.o
                0x08005af8                xPortStartScheduler
 .text.vPortValidateInterruptPriority
                0x08005bb8       0x5c build/port.o
                0x08005bb8                vPortValidateInterruptPriority
 .text.USBD_Init
                0x08005c14       0x2e build/usbd_core.o
                0x08005c14                USBD_Init
 .text.USBD_RegisterClass
                0x08005c42        0xe build/usbd_core.o
                0x08005c42                USBD_RegisterClass
 .text.USBD_Start
                0x08005c50        0xa build/usbd_core.o
                0x08005c50                USBD_Start
 .text.USBD_SetClassConfig
                0x08005c5a       0x18 build/usbd_core.o
                0x08005c5a                USBD_SetClassConfig
 .text.USBD_ClrClassConfig
                0x08005c72        0xe build/usbd_core.o
                0x08005c72                USBD_ClrClassConfig
 .text.USBD_LL_SetupStage
                0x08005c80       0x5a build/usbd_core.o
                0x08005c80                USBD_LL_SetupStage
 .text.USBD_LL_DataOutStage
                0x08005cda       0x8c build/usbd_core.o
                0x08005cda                USBD_LL_DataOutStage
 .text.USBD_LL_DataInStage
                0x08005d66       0xd0 build/usbd_core.o
                0x08005d66                USBD_LL_DataInStage
 .text.USBD_LL_Reset
                0x08005e36       0x50 build/usbd_core.o
                0x08005e36                USBD_LL_Reset
 .text.USBD_LL_SetSpeed
                0x08005e86        0x6 build/usbd_core.o
                0x08005e86                USBD_LL_SetSpeed
 .text.USBD_LL_Suspend
                0x08005e8c       0x12 build/usbd_core.o
                0x08005e8c                USBD_LL_Suspend
 .text.USBD_LL_Resume
                0x08005e9e       0x16 build/usbd_core.o
                0x08005e9e                USBD_LL_Resume
 .text.USBD_LL_SOF
                0x08005eb4       0x1c build/usbd_core.o
                0x08005eb4                USBD_LL_SOF
 .text.USBD_GetLen
                0x08005ed0       0x14 build/usbd_ctlreq.o
 .text.USBD_SetFeature
                0x08005ee4       0x14 build/usbd_ctlreq.o
 .text.USBD_ParseSetupRequest
                0x08005ef8       0x28 build/usbd_ctlreq.o
                0x08005ef8                USBD_ParseSetupRequest
 .text.USBD_CtlError
                0x08005f20       0x14 build/usbd_ctlreq.o
                0x08005f20                USBD_CtlError
 .text.USBD_GetDescriptor
                0x08005f34      0x186 build/usbd_ctlreq.o
 .text.USBD_SetAddress
                0x080060ba       0x4e build/usbd_ctlreq.o
 .text.USBD_SetConfig
                0x08006108       0xb0 build/usbd_ctlreq.o
 .text.USBD_GetConfig
                0x080061b8       0x3e build/usbd_ctlreq.o
 .text.USBD_GetStatus
                0x080061f6       0x38 build/usbd_ctlreq.o
 .text.USBD_ClrFeature
                0x0800622e       0x26 build/usbd_ctlreq.o
 .text.USBD_StdDevReq
                0x08006254       0x68 build/usbd_ctlreq.o
                0x08006254                USBD_StdDevReq
 .text.USBD_StdItfReq
                0x080062bc       0x60 build/usbd_ctlreq.o
                0x080062bc                USBD_StdItfReq
 .text.USBD_StdEPReq
                0x0800631c      0x1e2 build/usbd_ctlreq.o
                0x0800631c                USBD_StdEPReq
 .text.USBD_GetString
                0x080064fe       0x3a build/usbd_ctlreq.o
                0x080064fe                USBD_GetString
 .text.USBD_CtlSendData
                0x08006538       0x1a build/usbd_ioreq.o
                0x08006538                USBD_CtlSendData
 .text.USBD_CtlContinueSendData
                0x08006552       0x10 build/usbd_ioreq.o
                0x08006552                USBD_CtlContinueSendData
 .text.USBD_CtlPrepareRx
                0x08006562       0x1e build/usbd_ioreq.o
                0x08006562                USBD_CtlPrepareRx
 .text.USBD_CtlContinueRx
                0x08006580       0x10 build/usbd_ioreq.o
                0x08006580                USBD_CtlContinueRx
 .text.USBD_CtlSendStatus
                0x08006590       0x16 build/usbd_ioreq.o
                0x08006590                USBD_CtlSendStatus
 .text.USBD_CtlReceiveStatus
                0x080065a6       0x16 build/usbd_ioreq.o
                0x080065a6                USBD_CtlReceiveStatus
 .text.USBD_CDC_EP0_RxReady
                0x080065bc       0x28 build/usbd_cdc.o
 .text.USBD_CDC_GetFSCfgDesc
                0x080065e4        0xc build/usbd_cdc.o
 .text.USBD_CDC_GetHSCfgDesc
                0x080065f0        0xc build/usbd_cdc.o
 .text.USBD_CDC_GetOtherSpeedCfgDesc
                0x080065fc        0xc build/usbd_cdc.o
 .text.USBD_CDC_GetDeviceQualifierDescriptor
                0x08006608        0xc build/usbd_cdc.o
                0x08006608                USBD_CDC_GetDeviceQualifierDescriptor
 .text.USBD_CDC_DataOut
                0x08006614       0x2e build/usbd_cdc.o
 .text.USBD_CDC_DataIn
                0x08006642       0x4e build/usbd_cdc.o
 .text.USBD_CDC_Setup
                0x08006690       0xd6 build/usbd_cdc.o
 .text.USBD_CDC_DeInit
                0x08006766       0x42 build/usbd_cdc.o
 .text.USBD_CDC_Init
                0x080067a8       0xaa build/usbd_cdc.o
 .text.USBD_CDC_RegisterInterface
                0x08006852        0xe build/usbd_cdc.o
                0x08006852                USBD_CDC_RegisterInterface
 .text.USBD_CDC_SetTxBuffer
                0x08006860       0x10 build/usbd_cdc.o
                0x08006860                USBD_CDC_SetTxBuffer
 .text.USBD_CDC_SetRxBuffer
                0x08006870        0xc build/usbd_cdc.o
                0x08006870                USBD_CDC_SetRxBuffer
 .text.USBD_CDC_TransmitPacket
                0x0800687c       0x32 build/usbd_cdc.o
                0x0800687c                USBD_CDC_TransmitPacket
 .text.USBD_CDC_ReceivePacket
                0x080068ae       0x30 build/usbd_cdc.o
                0x080068ae                USBD_CDC_ReceivePacket
 *fill*         0x080068de        0x2 
 .text.Reset_Handler
                0x080068e0       0x48 build/startup_stm32f103xb.o
                0x080068e0                Reset_Handler
 .text.Default_Handler
                0x08006928        0x2 build/startup_stm32f103xb.o
                0x08006928                RTC_Alarm_IRQHandler
                0x08006928                EXTI2_IRQHandler
                0x08006928                TIM1_CC_IRQHandler
                0x08006928                PVD_IRQHandler
                0x08006928                EXTI3_IRQHandler
                0x08006928                EXTI0_IRQHandler
                0x08006928                I2C2_EV_IRQHandler
                0x08006928                ADC1_2_IRQHandler
                0x08006928                SPI1_IRQHandler
                0x08006928                TAMPER_IRQHandler
                0x08006928                DMA1_Channel4_IRQHandler
                0x08006928                USART3_IRQHandler
                0x08006928                RTC_IRQHandler
                0x08006928                DMA1_Channel7_IRQHandler
                0x08006928                CAN1_RX1_IRQHandler
                0x08006928                TIM4_IRQHandler
                0x08006928                I2C1_EV_IRQHandler
                0x08006928                DMA1_Channel6_IRQHandler
                0x08006928                TIM3_IRQHandler
                0x08006928                RCC_IRQHandler
                0x08006928                TIM1_TRG_COM_IRQHandler
                0x08006928                DMA1_Channel1_IRQHandler
                0x08006928                Default_Handler
                0x08006928                EXTI15_10_IRQHandler
                0x08006928                EXTI9_5_IRQHandler
                0x08006928                SPI2_IRQHandler
                0x08006928                DMA1_Channel5_IRQHandler
                0x08006928                EXTI4_IRQHandler
                0x08006928                USB_HP_CAN1_TX_IRQHandler
                0x08006928                DMA1_Channel3_IRQHandler
                0x08006928                WWDG_IRQHandler
                0x08006928                TIM2_IRQHandler
                0x08006928                TIM1_BRK_IRQHandler
                0x08006928                EXTI1_IRQHandler
                0x08006928                USART2_IRQHandler
                0x08006928                I2C2_ER_IRQHandler
                0x08006928                DMA1_Channel2_IRQHandler
                0x08006928                CAN1_SCE_IRQHandler
                0x08006928                FLASH_IRQHandler
                0x08006928                USART1_IRQHandler
                0x08006928                I2C1_ER_IRQHandler
                0x08006928                USBWakeUp_IRQHandler
 *fill*         0x0800692a        0x2 
 .text.__libc_init_array
                0x0800692c       0x48 /nix/store/244x2dv48nan65bmpk2pv3pfl5s5jjn8-gcc-arm-embedded-12.3.rel1/bin/../lib/gcc/arm-none-eabi/12.3.1/../../../../arm-none-eabi/lib/thumb/v7-m/nofp/libc_nano.a(libc_a-init.o)
                0x0800692c                __libc_init_array
 .text.memcpy   0x08006974       0x1c /nix/store/244x2dv48nan65bmpk2pv3pfl5s5jjn8-gcc-arm-embedded-12.3.rel1/bin/../lib/gcc/arm-none-eabi/12.3.1/../../../../arm-none-eabi/lib/thumb/v7-m/nofp/libc_nano.a(libc_a-memcpy-stub.o)
                0x08006974                memcpy
 .text.memset   0x08006990       0x10 /nix/store/244x2dv48nan65bmpk2pv3pfl5s5jjn8-gcc-arm-embedded-12.3.rel1/bin/../lib/gcc/arm-none-eabi/12.3.1/../../../../arm-none-eabi/lib/thumb/v7-m/nofp/libc_nano.a(libc_a-memset.o)
                0x08006990                memset
 *(.glue_7)
 .glue_7        0x080069a0        0x0 linker stubs
 *(.glue_7t)
 .glue_7t       0x080069a0        0x0 linker stubs
 *(.eh_frame)
 .eh_frame      0x080069a0        0x0 /nix/store/244x2dv48nan65bmpk2pv3pfl5s5jjn8-gcc-arm-embedded-12.3.rel1/bin/../lib/gcc/arm-none-eabi/12.3.1/thumb/v7-m/nofp/crtbegin.o
 *(.init)
 .init          0x080069a0        0x4 /nix/store/244x2dv48nan65bmpk2pv3pfl5s5jjn8-gcc-arm-embedded-12.3.rel1/bin/../lib/gcc/arm-none-eabi/12.3.1/thumb/v7-m/nofp/crti.o
                0x080069a0                _init
 .init          0x080069a4        0x8 /nix/store/244x2dv48nan65bmpk2pv3pfl5s5jjn8-gcc-arm-embedded-12.3.rel1/bin/../lib/gcc/arm-none-eabi/12.3.1/thumb/v7-m/nofp/crtn.o
 *(.fini)
 .fini          0x080069ac        0x4 /nix/store/244x2dv48nan65bmpk2pv3pfl5s5jjn8-gcc-arm-embedded-12.3.rel1/bin/../lib/gcc/arm-none-eabi/12.3.1/thumb/v7-m/nofp/crti.o
                0x080069ac                _fini
 .fini          0x080069b0        0x8 /nix/store/244x2dv48nan65bmpk2pv3pfl5s5jjn8-gcc-arm-embedded-12.3.rel1/bin/../lib/gcc/arm-none-eabi/12.3.1/thumb/v7-m/nofp/crtn.o
                0x080069b8                        . = ALIGN (0x4)
                0x080069b8                        _etext = .

.vfp11_veneer   0x080069b8        0x0
 .vfp11_veneer  0x080069b8        0x0 linker stubs

.v4_bx          0x080069b8        0x0
 .v4_bx         0x080069b8        0x0 linker stubs

.iplt           0x080069b8        0x0
 .iplt          0x080069b8        0x0 /nix/store/244x2dv48nan65bmpk2pv3pfl5s5jjn8-gcc-arm-embedded-12.3.rel1/bin/../lib/gcc/arm-none-eabi/12.3.1/thumb/v7-m/nofp/crtbegin.o

.rodata         0x080069b8      0x930
                0x080069b8                        . = ALIGN (0x4)
 *(.rodata)
 *(.rodata*)
 .rodata.StartOled.str1.4
                0x080069b8       0x38 build/freertos.o
 .rodata.str1.4
                0x080069f0        0x9 build/freertos.o
 *fill*         0x080069f9        0x3 
 .rodata.Max_attributes
                0x080069fc       0x24 build/freertos.o
                0x080069fc                Max_attributes
 .rodata.Oled_attributes
                0x08006a20       0x24 build/freertos.o
                0x08006a20                Oled_attributes
 .rodata.F8X16  0x08006a44      0x5f0 build/oled.o
                0x08006a44                F8X16
 .rodata.F6x8   0x08007034      0x228 build/oled.o
                0x08007034                F6x8
 .rodata.USBD_FS_ProductStrDescriptor.str1.4
                0x0800725c       0x16 build/usbd_desc.o
 *fill*         0x08007272        0x2 
 .rodata.USBD_FS_ManufacturerStrDescriptor.str1.4
                0x08007274       0x13 build/usbd_desc.o
 *fill*         0x08007287        0x1 
 .rodata.USBD_FS_ConfigStrDescriptor.str1.4
                0x08007288        0xb build/usbd_desc.o
 *fill*         0x08007293        0x1 
 .rodata.USBD_FS_InterfaceStrDescriptor.str1.4
                0x08007294        0xe build/usbd_desc.o
 *fill*         0x080072a2        0x2 
 .rodata.aPredivFactorTable.0
                0x080072a4        0x2 build/stm32f1xx_hal_rcc.o
 *fill*         0x080072a6        0x2 
 .rodata.aPLLMULFactorTable.1
                0x080072a8       0x10 build/stm32f1xx_hal_rcc.o
 .rodata.APBPrescTable
                0x080072b8        0x8 build/system_stm32f1xx.o
                0x080072b8                APBPrescTable
 .rodata.AHBPrescTable
                0x080072c0       0x10 build/system_stm32f1xx.o
                0x080072c0                AHBPrescTable
 .rodata.vTaskStartScheduler.str1.4
                0x080072d0        0x5 build/tasks.o
 *fill*         0x080072d5        0x3 
 .rodata.prvCheckForValidListAndQueue.str1.4
                0x080072d8        0x5 build/timers.o
 *fill*         0x080072dd        0x3 
 .rodata.xTimerCreateTimerTask.str1.4
                0x080072e0        0x8 build/timers.o
                0x080072e8                        . = ALIGN (0x4)

.rel.dyn        0x080072e8        0x0
 .rel.iplt      0x080072e8        0x0 /nix/store/244x2dv48nan65bmpk2pv3pfl5s5jjn8-gcc-arm-embedded-12.3.rel1/bin/../lib/gcc/arm-none-eabi/12.3.1/thumb/v7-m/nofp/crtbegin.o

.ARM.extab
 *(.ARM.extab* .gnu.linkonce.armextab.*)

.ARM            0x080072e8        0x0
                0x080072e8                        __exidx_start = .
 *(.ARM.exidx*)
                0x080072e8                        __exidx_end = .

.preinit_array  0x080072e8        0x0
                0x080072e8                        PROVIDE (__preinit_array_start = .)
 *(.preinit_array*)
                0x080072e8                        PROVIDE (__preinit_array_end = .)

.init_array     0x080072e8        0x4
                0x080072e8                        PROVIDE (__init_array_start = .)
 *(SORT_BY_NAME(.init_array.*))
 *(.init_array*)
 .init_array    0x080072e8        0x4 /nix/store/244x2dv48nan65bmpk2pv3pfl5s5jjn8-gcc-arm-embedded-12.3.rel1/bin/../lib/gcc/arm-none-eabi/12.3.1/thumb/v7-m/nofp/crtbegin.o
                0x080072ec                        PROVIDE (__init_array_end = .)

.fini_array     0x080072ec        0x4
                [!provide]                        PROVIDE (__fini_array_start = .)
 *(SORT_BY_NAME(.fini_array.*))
 *(.fini_array*)
 .fini_array    0x080072ec        0x4 /nix/store/244x2dv48nan65bmpk2pv3pfl5s5jjn8-gcc-arm-embedded-12.3.rel1/bin/../lib/gcc/arm-none-eabi/12.3.1/thumb/v7-m/nofp/crtbegin.o
                [!provide]                        PROVIDE (__fini_array_end = .)
                0x080072f0                        _sidata = LOADADDR (.data)

.data           0x20000000      0x180 load address 0x080072f0
                0x20000000                        . = ALIGN (0x4)
                0x20000000                        _sdata = .
 *(.data)
 *(.data*)
 .data.USBD_StringSerial
                0x20000000       0x1a build/usbd_desc.o
                0x20000000                USBD_StringSerial
 *fill*         0x2000001a        0x2 
 .data.USBD_LangIDDesc
                0x2000001c        0x4 build/usbd_desc.o
                0x2000001c                USBD_LangIDDesc
 .data.USBD_FS_DeviceDesc
                0x20000020       0x12 build/usbd_desc.o
                0x20000020                USBD_FS_DeviceDesc
 *fill*         0x20000032        0x2 
 .data.FS_Desc  0x20000034       0x1c build/usbd_desc.o
                0x20000034                FS_Desc
 .data.USBD_Interface_fops_FS
                0x20000050       0x10 build/usbd_cdc_if.o
                0x20000050                USBD_Interface_fops_FS
 .data.uwTickFreq
                0x20000060        0x1 build/stm32f1xx_hal.o
                0x20000060                uwTickFreq
 *fill*         0x20000061        0x3 
 .data.uwTickPrio
                0x20000064        0x4 build/stm32f1xx_hal.o
                0x20000064                uwTickPrio
 .data.SystemCoreClock
                0x20000068        0x4 build/system_stm32f1xx.o
                0x20000068                SystemCoreClock
 .data.uxCriticalNesting
                0x2000006c        0x4 build/port.o
 .data.USBD_CDC_OtherSpeedCfgDesc
                0x20000070       0x43 build/usbd_cdc.o
                0x20000070                USBD_CDC_OtherSpeedCfgDesc
 *fill*         0x200000b3        0x1 
 .data.USBD_CDC_CfgFSDesc
                0x200000b4       0x43 build/usbd_cdc.o
                0x200000b4                USBD_CDC_CfgFSDesc
 *fill*         0x200000f7        0x1 
 .data.USBD_CDC_CfgHSDesc
                0x200000f8       0x43 build/usbd_cdc.o
                0x200000f8                USBD_CDC_CfgHSDesc
 *fill*         0x2000013b        0x1 
 .data.USBD_CDC
                0x2000013c       0x38 build/usbd_cdc.o
                0x2000013c                USBD_CDC
 .data.USBD_CDC_DeviceQualifierDesc
                0x20000174        0xa build/usbd_cdc.o
                0x20000180                        . = ALIGN (0x4)
 *fill*         0x2000017e        0x2 
                0x20000180                        _edata = .

.tm_clone_table
                0x20000180        0x0 load address 0x08007470
 .tm_clone_table
                0x20000180        0x0 /nix/store/244x2dv48nan65bmpk2pv3pfl5s5jjn8-gcc-arm-embedded-12.3.rel1/bin/../lib/gcc/arm-none-eabi/12.3.1/thumb/v7-m/nofp/crtbegin.o
 .tm_clone_table
                0x20000180        0x0 /nix/store/244x2dv48nan65bmpk2pv3pfl5s5jjn8-gcc-arm-embedded-12.3.rel1/bin/../lib/gcc/arm-none-eabi/12.3.1/thumb/v7-m/nofp/crtend.o

.igot.plt       0x20000180        0x0 load address 0x08007470
 .igot.plt      0x20000180        0x0 /nix/store/244x2dv48nan65bmpk2pv3pfl5s5jjn8-gcc-arm-embedded-12.3.rel1/bin/../lib/gcc/arm-none-eabi/12.3.1/thumb/v7-m/nofp/crtbegin.o
                0x20000180                        . = ALIGN (0x4)

.bss            0x20000180     0x2c34 load address 0x08007470
                0x20000180                        _sbss = .
                0x20000180                        __bss_start__ = _sbss
 *(.bss)
 *(.bss*)
 .bss.completed.1
                0x20000180        0x1 /nix/store/244x2dv48nan65bmpk2pv3pfl5s5jjn8-gcc-arm-embedded-12.3.rel1/bin/../lib/gcc/arm-none-eabi/12.3.1/thumb/v7-m/nofp/crtbegin.o
 *fill*         0x20000181        0x3 
 .bss.object.0  0x20000184       0x18 /nix/store/244x2dv48nan65bmpk2pv3pfl5s5jjn8-gcc-arm-embedded-12.3.rel1/bin/../lib/gcc/arm-none-eabi/12.3.1/thumb/v7-m/nofp/crtbegin.o
 .bss.MaxHandle
                0x2000019c        0x4 build/freertos.o
                0x2000019c                MaxHandle
 .bss.OledHandle
                0x200001a0        0x4 build/freertos.o
                0x200001a0                OledHandle
 .bss.hi2c2     0x200001a4       0x54 build/i2c.o
                0x200001a4                hi2c2
 .bss.hi2c1     0x200001f8       0x54 build/i2c.o
                0x200001f8                hi2c1
 .bss.htim1     0x2000024c       0x48 build/stm32f1xx_hal_timebase_tim.o
                0x2000024c                htim1
 .bss.hUsbDeviceFS
                0x20000294      0x2c4 build/usb_device.o
                0x20000294                hUsbDeviceFS
 .bss.USBD_StrDesc
                0x20000558      0x200 build/usbd_desc.o
                0x20000558                USBD_StrDesc
 .bss.UserTxBufferFS
                0x20000758      0x400 build/usbd_cdc_if.o
                0x20000758                UserTxBufferFS
 .bss.UserRxBufferFS
                0x20000b58      0x400 build/usbd_cdc_if.o
                0x20000b58                UserRxBufferFS
 .bss.mem.0     0x20000f58      0x220 build/usbd_conf.o
 .bss.hpcd_USB_FS
                0x20001178      0x2f0 build/usbd_conf.o
                0x20001178                hpcd_USB_FS
 .bss.uwTick    0x20001468        0x4 build/stm32f1xx_hal.o
                0x20001468                uwTick
 .bss.xQueueRegistry
                0x2000146c       0x40 build/queue.o
                0x2000146c                xQueueRegistry
 .bss.uxSchedulerSuspended
                0x200014ac        0x4 build/tasks.o
 .bss.xIdleTaskHandle
                0x200014b0        0x4 build/tasks.o
 .bss.xNextTaskUnblockTime
                0x200014b4        0x4 build/tasks.o
 .bss.uxTaskNumber
                0x200014b8        0x4 build/tasks.o
 .bss.xNumOfOverflows
                0x200014bc        0x4 build/tasks.o
 .bss.xYieldPending
                0x200014c0        0x4 build/tasks.o
 .bss.uxPendedTicks
                0x200014c4        0x4 build/tasks.o
 .bss.xSchedulerRunning
                0x200014c8        0x4 build/tasks.o
 .bss.uxTopReadyPriority
                0x200014cc        0x4 build/tasks.o
 .bss.xTickCount
                0x200014d0        0x4 build/tasks.o
 .bss.uxCurrentNumberOfTasks
                0x200014d4        0x4 build/tasks.o
 .bss.xSuspendedTaskList
                0x200014d8       0x14 build/tasks.o
 .bss.uxDeletedTasksWaitingCleanUp
                0x200014ec        0x4 build/tasks.o
 .bss.xTasksWaitingTermination
                0x200014f0       0x14 build/tasks.o
 .bss.xPendingReadyList
                0x20001504       0x14 build/tasks.o
 .bss.pxOverflowDelayedTaskList
                0x20001518        0x4 build/tasks.o
 .bss.pxDelayedTaskList
                0x2000151c        0x4 build/tasks.o
 .bss.xDelayedTaskList2
                0x20001520       0x14 build/tasks.o
 .bss.xDelayedTaskList1
                0x20001534       0x14 build/tasks.o
 .bss.pxReadyTasksLists
                0x20001548      0x460 build/tasks.o
 .bss.pxCurrentTCB
                0x200019a8        0x4 build/tasks.o
                0x200019a8                pxCurrentTCB
 .bss.xStaticTimerQueue.0
                0x200019ac       0x50 build/timers.o
 .bss.ucStaticTimerQueueStorage.1
                0x200019fc       0xa0 build/timers.o
 .bss.xLastTime.2
                0x20001a9c        0x4 build/timers.o
 .bss.xTimerTaskHandle
                0x20001aa0        0x4 build/timers.o
 .bss.xTimerQueue
                0x20001aa4        0x4 build/timers.o
 .bss.pxOverflowTimerList
                0x20001aa8        0x4 build/timers.o
 .bss.pxCurrentTimerList
                0x20001aac        0x4 build/timers.o
 .bss.xActiveTimerList2
                0x20001ab0       0x14 build/timers.o
 .bss.xActiveTimerList1
                0x20001ac4       0x14 build/timers.o
 .bss.Timer_Stack
                0x20001ad8      0x400 build/cmsis_os2.o
 .bss.Timer_TCB
                0x20001ed8       0x5c build/cmsis_os2.o
 .bss.Idle_Stack
                0x20001f34      0x200 build/cmsis_os2.o
 .bss.Idle_TCB  0x20002134       0x5c build/cmsis_os2.o
 .bss.KernelState
                0x20002190        0x4 build/cmsis_os2.o
 .bss.xBlockAllocatedBit
                0x20002194        0x4 build/heap_4.o
 .bss.xMinimumEverFreeBytesRemaining
                0x20002198        0x4 build/heap_4.o
 .bss.xFreeBytesRemaining
                0x2000219c        0x4 build/heap_4.o
 .bss.pxEnd     0x200021a0        0x4 build/heap_4.o
 .bss.xStart    0x200021a4        0x8 build/heap_4.o
 .bss.ucHeap    0x200021ac      0xc00 build/heap_4.o
 .bss.ulMaxPRIGROUPValue
                0x20002dac        0x4 build/port.o
 .bss.ucMaxSysCallPriority
                0x20002db0        0x1 build/port.o
 .bss.cfgidx.0  0x20002db1        0x1 build/usbd_ctlreq.o
 *(COMMON)
                0x20002db4                        . = ALIGN (0x4)
 *fill*         0x20002db2        0x2 
                0x20002db4                        _ebss = .
                0x20002db4                        __bss_end__ = _ebss

._user_heap_stack
                0x20002db4      0x804 load address 0x08007470
                0x20002db8                        . = ALIGN (0x8)
 *fill*         0x20002db4        0x4 
                [!provide]                        PROVIDE (end = .)
                0x20002db8                        PROVIDE (_end = .)
                0x200031b8                        . = (. + _Min_Heap_Size)
 *fill*         0x20002db8      0x400 
                0x200035b8                        . = (. + _Min_Stack_Size)
 *fill*         0x200031b8      0x400 
                0x200035b8                        . = ALIGN (0x8)

/DISCARD/
 libc.a(*)
 libm.a(*)
 libgcc.a(*)

.ARM.attributes
                0x00000000       0x29
 *(.ARM.attributes)
 .ARM.attributes
                0x00000000       0x1d /nix/store/244x2dv48nan65bmpk2pv3pfl5s5jjn8-gcc-arm-embedded-12.3.rel1/bin/../lib/gcc/arm-none-eabi/12.3.1/thumb/v7-m/nofp/crti.o
 .ARM.attributes
                0x0000001d       0x2d /nix/store/244x2dv48nan65bmpk2pv3pfl5s5jjn8-gcc-arm-embedded-12.3.rel1/bin/../lib/gcc/arm-none-eabi/12.3.1/thumb/v7-m/nofp/crtbegin.o
 .ARM.attributes
                0x0000004a       0x2d build/main.o
 .ARM.attributes
                0x00000077       0x2d build/gpio.o
 .ARM.attributes
                0x000000a4       0x2d build/freertos.o
 .ARM.attributes
                0x000000d1       0x2d build/i2c.o
 .ARM.attributes
                0x000000fe       0x2d build/oled.o
 .ARM.attributes
                0x0000012b       0x2d build/stm32f1xx_it.o
 .ARM.attributes
                0x00000158       0x2d build/stm32f1xx_hal_msp.o
 .ARM.attributes
                0x00000185       0x2d build/stm32f1xx_hal_timebase_tim.o
 .ARM.attributes
                0x000001b2       0x2d build/usb_device.o
 .ARM.attributes
                0x000001df       0x2d build/usbd_desc.o
 .ARM.attributes
                0x0000020c       0x2d build/usbd_cdc_if.o
 .ARM.attributes
                0x00000239       0x2d build/usbd_conf.o
 .ARM.attributes
                0x00000266       0x2d build/stm32f1xx_hal_pcd.o
 .ARM.attributes
                0x00000293       0x2d build/stm32f1xx_hal_pcd_ex.o
 .ARM.attributes
                0x000002c0       0x2d build/stm32f1xx_ll_usb.o
 .ARM.attributes
                0x000002ed       0x2d build/stm32f1xx_hal.o
 .ARM.attributes
                0x0000031a       0x2d build/stm32f1xx_hal_rcc.o
 .ARM.attributes
                0x00000347       0x2d build/stm32f1xx_hal_rcc_ex.o
 .ARM.attributes
                0x00000374       0x2d build/stm32f1xx_hal_gpio.o
 .ARM.attributes
                0x000003a1       0x2d build/stm32f1xx_hal_cortex.o
 .ARM.attributes
                0x000003ce       0x2d build/stm32f1xx_hal_i2c.o
 .ARM.attributes
                0x000003fb       0x2d build/stm32f1xx_hal_tim.o
 .ARM.attributes
                0x00000428       0x2d build/stm32f1xx_hal_tim_ex.o
 .ARM.attributes
                0x00000455       0x2d build/system_stm32f1xx.o
 .ARM.attributes
                0x00000482       0x2d build/list.o
 .ARM.attributes
                0x000004af       0x2d build/queue.o
 .ARM.attributes
                0x000004dc       0x2d build/tasks.o
 .ARM.attributes
                0x00000509       0x2d build/timers.o
 .ARM.attributes
                0x00000536       0x2d build/cmsis_os2.o
 .ARM.attributes
                0x00000563       0x2d build/heap_4.o
 .ARM.attributes
                0x00000590       0x2d build/port.o
 .ARM.attributes
                0x000005bd       0x2d build/usbd_core.o
 .ARM.attributes
                0x000005ea       0x2d build/usbd_ctlreq.o
 .ARM.attributes
                0x00000617       0x2d build/usbd_ioreq.o
 .ARM.attributes
                0x00000644       0x2d build/usbd_cdc.o
 .ARM.attributes
                0x00000671       0x21 build/startup_stm32f103xb.o
 .ARM.attributes
                0x00000692       0x2d /nix/store/244x2dv48nan65bmpk2pv3pfl5s5jjn8-gcc-arm-embedded-12.3.rel1/bin/../lib/gcc/arm-none-eabi/12.3.1/../../../../arm-none-eabi/lib/thumb/v7-m/nofp/libc_nano.a(libc_a-init.o)
 .ARM.attributes
                0x000006bf       0x2d /nix/store/244x2dv48nan65bmpk2pv3pfl5s5jjn8-gcc-arm-embedded-12.3.rel1/bin/../lib/gcc/arm-none-eabi/12.3.1/../../../../arm-none-eabi/lib/thumb/v7-m/nofp/libc_nano.a(libc_a-memcpy-stub.o)
 .ARM.attributes
                0x000006ec       0x2d /nix/store/244x2dv48nan65bmpk2pv3pfl5s5jjn8-gcc-arm-embedded-12.3.rel1/bin/../lib/gcc/arm-none-eabi/12.3.1/../../../../arm-none-eabi/lib/thumb/v7-m/nofp/libc_nano.a(libc_a-memset.o)
 .ARM.attributes
                0x00000719       0x2d /nix/store/244x2dv48nan65bmpk2pv3pfl5s5jjn8-gcc-arm-embedded-12.3.rel1/bin/../lib/gcc/arm-none-eabi/12.3.1/thumb/v7-m/nofp/crtend.o
 .ARM.attributes
                0x00000746       0x1d /nix/store/244x2dv48nan65bmpk2pv3pfl5s5jjn8-gcc-arm-embedded-12.3.rel1/bin/../lib/gcc/arm-none-eabi/12.3.1/thumb/v7-m/nofp/crtn.o
OUTPUT(build/cube.elf elf32-littlearm)
LOAD linker stubs
LOAD /nix/store/244x2dv48nan65bmpk2pv3pfl5s5jjn8-gcc-arm-embedded-12.3.rel1/bin/../lib/gcc/arm-none-eabi/12.3.1/../../../../arm-none-eabi/lib/thumb/v7-m/nofp/libc.a
LOAD /nix/store/244x2dv48nan65bmpk2pv3pfl5s5jjn8-gcc-arm-embedded-12.3.rel1/bin/../lib/gcc/arm-none-eabi/12.3.1/../../../../arm-none-eabi/lib/thumb/v7-m/nofp/libm.a
LOAD /nix/store/244x2dv48nan65bmpk2pv3pfl5s5jjn8-gcc-arm-embedded-12.3.rel1/bin/../lib/gcc/arm-none-eabi/12.3.1/thumb/v7-m/nofp/libgcc.a

.debug_info     0x00000000    0x2a4f5
 .debug_info    0x00000000      0xb50 build/main.o
 .debug_info    0x00000b50      0x37b build/gpio.o
 .debug_info    0x00000ecb      0x61a build/freertos.o
 .debug_info    0x000014e5      0xa7b build/i2c.o
 .debug_info    0x00001f60      0xefd build/oled.o
 .debug_info    0x00002e5d      0xcda build/stm32f1xx_it.o
 .debug_info    0x00003b37      0x3c9 build/stm32f1xx_hal_msp.o
 .debug_info    0x00003f00      0xb3f build/stm32f1xx_hal_timebase_tim.o
 .debug_info    0x00004a3f      0x792 build/usb_device.o
 .debug_info    0x000051d1      0x63c build/usbd_desc.o
 .debug_info    0x0000580d      0x98a build/usbd_cdc_if.o
 .debug_info    0x00006197     0x1f3a build/usbd_conf.o
 .debug_info    0x000080d1     0x1f56 build/stm32f1xx_hal_pcd.o
 .debug_info    0x0000a027      0x7b9 build/stm32f1xx_hal_pcd_ex.o
 .debug_info    0x0000a7e0     0x1d27 build/stm32f1xx_ll_usb.o
 .debug_info    0x0000c507      0x880 build/stm32f1xx_hal.o
 .debug_info    0x0000cd87      0xb10 build/stm32f1xx_hal_rcc.o
 .debug_info    0x0000d897      0x47d build/stm32f1xx_hal_rcc_ex.o
 .debug_info    0x0000dd14      0x6d7 build/stm32f1xx_hal_gpio.o
 .debug_info    0x0000e3eb      0xe13 build/stm32f1xx_hal_cortex.o
 .debug_info    0x0000f1fe     0x3cd2 build/stm32f1xx_hal_i2c.o
 .debug_info    0x00012ed0     0x40a9 build/stm32f1xx_hal_tim.o
 .debug_info    0x00016f79     0x1d2b build/stm32f1xx_hal_tim_ex.o
 .debug_info    0x00018ca4      0x26e build/system_stm32f1xx.o
 .debug_info    0x00018f12      0x309 build/list.o
 .debug_info    0x0001921b     0x2927 build/queue.o
 .debug_info    0x0001bb42     0x320f build/tasks.o
 .debug_info    0x0001ed51     0x1bca build/timers.o
 .debug_info    0x0002091b     0x5246 build/cmsis_os2.o
 .debug_info    0x00025b61      0x493 build/heap_4.o
 .debug_info    0x00025ff4      0x563 build/port.o
 .debug_info    0x00026557      0xf47 build/usbd_core.o
 .debug_info    0x0002749e     0x11b1 build/usbd_ctlreq.o
 .debug_info    0x0002864f      0x8c3 build/usbd_ioreq.o
 .debug_info    0x00028f12     0x15b3 build/usbd_cdc.o
 .debug_info    0x0002a4c5       0x30 build/startup_stm32f103xb.o

.debug_abbrev   0x00000000     0x57b6
 .debug_abbrev  0x00000000      0x279 build/main.o
 .debug_abbrev  0x00000279      0x14e build/gpio.o
 .debug_abbrev  0x000003c7      0x1b5 build/freertos.o
 .debug_abbrev  0x0000057c      0x1f6 build/i2c.o
 .debug_abbrev  0x00000772      0x289 build/oled.o
 .debug_abbrev  0x000009fb      0x19d build/stm32f1xx_it.o
 .debug_abbrev  0x00000b98      0x136 build/stm32f1xx_hal_msp.o
 .debug_abbrev  0x00000cce      0x22d build/stm32f1xx_hal_timebase_tim.o
 .debug_abbrev  0x00000efb      0x195 build/usb_device.o
 .debug_abbrev  0x00001090      0x23c build/usbd_desc.o
 .debug_abbrev  0x000012cc      0x26d build/usbd_cdc_if.o
 .debug_abbrev  0x00001539      0x33e build/usbd_conf.o
 .debug_abbrev  0x00001877      0x32d build/stm32f1xx_hal_pcd.o
 .debug_abbrev  0x00001ba4      0x184 build/stm32f1xx_hal_pcd_ex.o
 .debug_abbrev  0x00001d28      0x262 build/stm32f1xx_ll_usb.o
 .debug_abbrev  0x00001f8a      0x232 build/stm32f1xx_hal.o
 .debug_abbrev  0x000021bc      0x2d6 build/stm32f1xx_hal_rcc.o
 .debug_abbrev  0x00002492      0x1d4 build/stm32f1xx_hal_rcc_ex.o
 .debug_abbrev  0x00002666      0x222 build/stm32f1xx_hal_gpio.o
 .debug_abbrev  0x00002888      0x3aa build/stm32f1xx_hal_cortex.o
 .debug_abbrev  0x00002c32      0x31e build/stm32f1xx_hal_i2c.o
 .debug_abbrev  0x00002f50      0x2bd build/stm32f1xx_hal_tim.o
 .debug_abbrev  0x0000320d      0x2b7 build/stm32f1xx_hal_tim_ex.o
 .debug_abbrev  0x000034c4      0x140 build/system_stm32f1xx.o
 .debug_abbrev  0x00003604      0x124 build/list.o
 .debug_abbrev  0x00003728      0x454 build/queue.o
 .debug_abbrev  0x00003b7c      0x400 build/tasks.o
 .debug_abbrev  0x00003f7c      0x3cb build/timers.o
 .debug_abbrev  0x00004347      0x4c6 build/cmsis_os2.o
 .debug_abbrev  0x0000480d      0x267 build/heap_4.o
 .debug_abbrev  0x00004a74      0x2c2 build/port.o
 .debug_abbrev  0x00004d36      0x2ae build/usbd_core.o
 .debug_abbrev  0x00004fe4      0x2ec build/usbd_ctlreq.o
 .debug_abbrev  0x000052d0      0x18e build/usbd_ioreq.o
 .debug_abbrev  0x0000545e      0x33b build/usbd_cdc.o
 .debug_abbrev  0x00005799       0x1d build/startup_stm32f103xb.o

.debug_loc      0x00000000    0x22eab
 .debug_loc     0x00000000       0xc8 build/main.o
 .debug_loc     0x000000c8       0x38 build/gpio.o
 .debug_loc     0x00000100       0xb6 build/freertos.o
 .debug_loc     0x000001b6      0x162 build/i2c.o
 .debug_loc     0x00000318      0x575 build/oled.o
 .debug_loc     0x0000088d       0x40 build/stm32f1xx_it.o
 .debug_loc     0x000008cd       0x4d build/stm32f1xx_hal_msp.o
 .debug_loc     0x0000091a      0x107 build/stm32f1xx_hal_timebase_tim.o
 .debug_loc     0x00000a21       0x20 build/usb_device.o
 .debug_loc     0x00000a41      0x47b build/usbd_desc.o
 .debug_loc     0x00000ebc      0x197 build/usbd_cdc_if.o
 .debug_loc     0x00001053      0xefc build/usbd_conf.o
 .debug_loc     0x00001f4f     0x18cc build/stm32f1xx_hal_pcd.o
 .debug_loc     0x0000381b      0x12a build/stm32f1xx_hal_pcd_ex.o
 .debug_loc     0x00003945     0x1a41 build/stm32f1xx_ll_usb.o
 .debug_loc     0x00005386      0x1e1 build/stm32f1xx_hal.o
 .debug_loc     0x00005567      0x790 build/stm32f1xx_hal_rcc.o
 .debug_loc     0x00005cf7      0x495 build/stm32f1xx_hal_rcc_ex.o
 .debug_loc     0x0000618c      0x53c build/stm32f1xx_hal_gpio.o
 .debug_loc     0x000066c8      0x782 build/stm32f1xx_hal_cortex.o
 .debug_loc     0x00006e4a     0x4df9 build/stm32f1xx_hal_i2c.o
 .debug_loc     0x0000bc43     0x5cca build/stm32f1xx_hal_tim.o
 .debug_loc     0x0001190d     0x2117 build/stm32f1xx_hal_tim_ex.o
 .debug_loc     0x00013a24       0xff build/system_stm32f1xx.o
 .debug_loc     0x00013b23       0xe5 build/list.o
 .debug_loc     0x00013c08     0x1e5d build/queue.o
 .debug_loc     0x00015a65     0x2919 build/tasks.o
 .debug_loc     0x0001837e     0x134d build/timers.o
 .debug_loc     0x000196cb     0x63ed build/cmsis_os2.o
 .debug_loc     0x0001fab8      0x3ed build/heap_4.o
 .debug_loc     0x0001fea5      0x16c build/port.o
 .debug_loc     0x00020011      0xaf6 build/usbd_core.o
 .debug_loc     0x00020b07     0x1631 build/usbd_ctlreq.o
 .debug_loc     0x00022138      0x364 build/usbd_ioreq.o
 .debug_loc     0x0002249c      0xa0f build/usbd_cdc.o

.debug_aranges  0x00000000     0x1a68
 .debug_aranges
                0x00000000       0x38 build/main.o
 .debug_aranges
                0x00000038       0x20 build/gpio.o
 .debug_aranges
                0x00000058       0x30 build/freertos.o
 .debug_aranges
                0x00000088       0x38 build/i2c.o
 .debug_aranges
                0x000000c0       0x50 build/oled.o
 .debug_aranges
                0x00000110       0x58 build/stm32f1xx_it.o
 .debug_aranges
                0x00000168       0x20 build/stm32f1xx_hal_msp.o
 .debug_aranges
                0x00000188       0x30 build/stm32f1xx_hal_timebase_tim.o
 .debug_aranges
                0x000001b8       0x20 build/usb_device.o
 .debug_aranges
                0x000001d8       0x60 build/usbd_desc.o
 .debug_aranges
                0x00000238       0x40 build/usbd_cdc_if.o
 .debug_aranges
                0x00000278      0x118 build/usbd_conf.o
 .debug_aranges
                0x00000390      0x140 build/stm32f1xx_hal_pcd.o
 .debug_aranges
                0x000004d0       0x38 build/stm32f1xx_hal_pcd_ex.o
 .debug_aranges
                0x00000508       0xf8 build/stm32f1xx_ll_usb.o
 .debug_aranges
                0x00000600       0xe0 build/stm32f1xx_hal.o
 .debug_aranges
                0x000006e0       0x90 build/stm32f1xx_hal_rcc.o
 .debug_aranges
                0x00000770       0x30 build/stm32f1xx_hal_rcc_ex.o
 .debug_aranges
                0x000007a0       0x58 build/stm32f1xx_hal_gpio.o
 .debug_aranges
                0x000007f8       0xc0 build/stm32f1xx_hal_cortex.o
 .debug_aranges
                0x000008b8      0x2a8 build/stm32f1xx_hal_i2c.o
 .debug_aranges
                0x00000b60      0x3d0 build/stm32f1xx_hal_tim.o
 .debug_aranges
                0x00000f30      0x168 build/stm32f1xx_hal_tim_ex.o
 .debug_aranges
                0x00001098       0x28 build/system_stm32f1xx.o
 .debug_aranges
                0x000010c0       0x40 build/list.o
 .debug_aranges
                0x00001100      0x158 build/queue.o
 .debug_aranges
                0x00001258      0x1f8 build/tasks.o
 .debug_aranges
                0x00001450       0xe0 build/timers.o
 .debug_aranges
                0x00001530      0x228 build/cmsis_os2.o
 .debug_aranges
                0x00001758       0x50 build/heap_4.o
 .debug_aranges
                0x000017a8       0x78 build/port.o
 .debug_aranges
                0x00001820       0xb8 build/usbd_core.o
 .debug_aranges
                0x000018d8       0x88 build/usbd_ctlreq.o
 .debug_aranges
                0x00001960       0x50 build/usbd_ioreq.o
 .debug_aranges
                0x000019b0       0x90 build/usbd_cdc.o
 .debug_aranges
                0x00001a40       0x28 build/startup_stm32f103xb.o

.debug_ranges   0x00000000     0x1da0
 .debug_ranges  0x00000000       0x28 build/main.o
 .debug_ranges  0x00000028       0x10 build/gpio.o
 .debug_ranges  0x00000038       0x20 build/freertos.o
 .debug_ranges  0x00000058       0x28 build/i2c.o
 .debug_ranges  0x00000080       0x40 build/oled.o
 .debug_ranges  0x000000c0       0x48 build/stm32f1xx_it.o
 .debug_ranges  0x00000108       0x10 build/stm32f1xx_hal_msp.o
 .debug_ranges  0x00000118       0x20 build/stm32f1xx_hal_timebase_tim.o
 .debug_ranges  0x00000138       0x10 build/usb_device.o
 .debug_ranges  0x00000148       0x50 build/usbd_desc.o
 .debug_ranges  0x00000198       0x30 build/usbd_cdc_if.o
 .debug_ranges  0x000001c8      0x108 build/usbd_conf.o
 .debug_ranges  0x000002d0      0x210 build/stm32f1xx_hal_pcd.o
 .debug_ranges  0x000004e0       0x28 build/stm32f1xx_hal_pcd_ex.o
 .debug_ranges  0x00000508      0x320 build/stm32f1xx_ll_usb.o
 .debug_ranges  0x00000828       0xd0 build/stm32f1xx_hal.o
 .debug_ranges  0x000008f8       0xa0 build/stm32f1xx_hal_rcc.o
 .debug_ranges  0x00000998       0x38 build/stm32f1xx_hal_rcc_ex.o
 .debug_ranges  0x000009d0       0x48 build/stm32f1xx_hal_gpio.o
 .debug_ranges  0x00000a18       0xb0 build/stm32f1xx_hal_cortex.o
 .debug_ranges  0x00000ac8      0x2b0 build/stm32f1xx_hal_i2c.o
 .debug_ranges  0x00000d78      0x3c0 build/stm32f1xx_hal_tim.o
 .debug_ranges  0x00001138      0x158 build/stm32f1xx_hal_tim_ex.o
 .debug_ranges  0x00001290       0x18 build/system_stm32f1xx.o
 .debug_ranges  0x000012a8       0x30 build/list.o
 .debug_ranges  0x000012d8      0x218 build/queue.o
 .debug_ranges  0x000014f0      0x320 build/tasks.o
 .debug_ranges  0x00001810       0xd0 build/timers.o
 .debug_ranges  0x000018e0      0x218 build/cmsis_os2.o
 .debug_ranges  0x00001af8       0x40 build/heap_4.o
 .debug_ranges  0x00001b38       0x68 build/port.o
 .debug_ranges  0x00001ba0       0xa8 build/usbd_core.o
 .debug_ranges  0x00001c48       0x78 build/usbd_ctlreq.o
 .debug_ranges  0x00001cc0       0x40 build/usbd_ioreq.o
 .debug_ranges  0x00001d00       0x80 build/usbd_cdc.o
 .debug_ranges  0x00001d80       0x20 build/startup_stm32f103xb.o

.debug_line     0x00000000    0x1f186
 .debug_line    0x00000000      0x3e9 build/main.o
 .debug_line    0x000003e9      0x1df build/gpio.o
 .debug_line    0x000005c8      0x243 build/freertos.o
 .debug_line    0x0000080b      0x3a5 build/i2c.o
 .debug_line    0x00000bb0      0x4da build/oled.o
 .debug_line    0x0000108a      0x2ed build/stm32f1xx_it.o
 .debug_line    0x00001377      0x1c4 build/stm32f1xx_hal_msp.o
 .debug_line    0x0000153b      0x2f6 build/stm32f1xx_hal_timebase_tim.o
 .debug_line    0x00001831      0x235 build/usb_device.o
 .debug_line    0x00001a66      0x374 build/usbd_desc.o
 .debug_line    0x00001dda      0x26e build/usbd_cdc_if.o
 .debug_line    0x00002048      0x7c6 build/usbd_conf.o
 .debug_line    0x0000280e     0x19f6 build/stm32f1xx_hal_pcd.o
 .debug_line    0x00004204      0x29f build/stm32f1xx_hal_pcd_ex.o
 .debug_line    0x000044a3     0x1956 build/stm32f1xx_ll_usb.o
 .debug_line    0x00005df9      0x53a build/stm32f1xx_hal.o
 .debug_line    0x00006333      0xc22 build/stm32f1xx_hal_rcc.o
 .debug_line    0x00006f55      0x497 build/stm32f1xx_hal_rcc_ex.o
 .debug_line    0x000073ec      0x5b7 build/stm32f1xx_hal_gpio.o
 .debug_line    0x000079a3      0x6dd build/stm32f1xx_hal_cortex.o
 .debug_line    0x00008080     0x563e build/stm32f1xx_hal_i2c.o
 .debug_line    0x0000d6be     0x4913 build/stm32f1xx_hal_tim.o
 .debug_line    0x00011fd1     0x1c5e build/stm32f1xx_hal_tim_ex.o
 .debug_line    0x00013c2f      0x252 build/system_stm32f1xx.o
 .debug_line    0x00013e81      0x380 build/list.o
 .debug_line    0x00014201     0x1f86 build/queue.o
 .debug_line    0x00016187     0x2ac9 build/tasks.o
 .debug_line    0x00018c50      0xdb6 build/timers.o
 .debug_line    0x00019a06     0x2dbe build/cmsis_os2.o
 .debug_line    0x0001c7c4      0x67d build/heap_4.o
 .debug_line    0x0001ce41      0x600 build/port.o
 .debug_line    0x0001d441      0x739 build/usbd_core.o
 .debug_line    0x0001db7a      0xb21 build/usbd_ctlreq.o
 .debug_line    0x0001e69b      0x2b0 build/usbd_ioreq.o
 .debug_line    0x0001e94b      0x7c7 build/usbd_cdc.o
 .debug_line    0x0001f112       0x74 build/startup_stm32f103xb.o

.debug_str      0x00000000     0x80ab
 .debug_str     0x00000000      0x8b2 build/main.o
                                0x977 (size before relaxing)
 .debug_str     0x000008b2       0xe8 build/gpio.o
                                0x257 (size before relaxing)
 .debug_str     0x0000099a      0x535 build/freertos.o
                                0x729 (size before relaxing)
 .debug_str     0x00000ecf      0x2d7 build/i2c.o
                                0x725 (size before relaxing)
 .debug_str     0x000011a6       0x96 build/oled.o
                                0x6d6 (size before relaxing)
 .debug_str     0x0000123c      0x3d2 build/stm32f1xx_it.o
                                0xa0b (size before relaxing)
 .debug_str     0x0000160e      0x341 build/stm32f1xx_hal_msp.o
                                0x4df (size before relaxing)
 .debug_str     0x0000194f      0x101 build/stm32f1xx_hal_timebase_tim.o
                                0xad8 (size before relaxing)
 .debug_str     0x00001a50      0x3df build/usb_device.o
                                0x625 (size before relaxing)
 .debug_str     0x00001e2f      0x181 build/usbd_desc.o
                                0x41d (size before relaxing)
 .debug_str     0x00001fb0      0x125 build/usbd_cdc_if.o
                                0x6d9 (size before relaxing)
 .debug_str     0x000020d5      0x555 build/usbd_conf.o
                               0x1172 (size before relaxing)
 .debug_str     0x0000262a      0x362 build/stm32f1xx_hal_pcd.o
                                0xae4 (size before relaxing)
 .debug_str     0x0000298c      0x159 build/stm32f1xx_hal_pcd_ex.o
                                0x694 (size before relaxing)
 .debug_str     0x00002ae5      0x126 build/stm32f1xx_ll_usb.o
                                0x6e6 (size before relaxing)
 .debug_str     0x00002c0b      0x2bb build/stm32f1xx_hal.o
                                0x7fa (size before relaxing)
 .debug_str     0x00002ec6      0x1c8 build/stm32f1xx_hal_rcc.o
                                0x5f7 (size before relaxing)
 .debug_str     0x0000308e       0x9c build/stm32f1xx_hal_rcc_ex.o
                                0x39f (size before relaxing)
 .debug_str     0x0000312a       0xec build/stm32f1xx_hal_gpio.o
                                0x3cc (size before relaxing)
 .debug_str     0x00003216      0x30c build/stm32f1xx_hal_cortex.o
                                0x89f (size before relaxing)
 .debug_str     0x00003522      0x897 build/stm32f1xx_hal_i2c.o
                                0xf91 (size before relaxing)
 .debug_str     0x00003db9      0xed7 build/stm32f1xx_hal_tim.o
                               0x1641 (size before relaxing)
 .debug_str     0x00004c90      0x55b build/stm32f1xx_hal_tim_ex.o
                                0xe5d (size before relaxing)
 .debug_str     0x000051eb       0x4f build/system_stm32f1xx.o
                                0x220 (size before relaxing)
 .debug_str     0x0000523a      0x14d build/list.o
                                0x2c1 (size before relaxing)
 .debug_str     0x00005387      0x9ae build/queue.o
                                0xc4c (size before relaxing)
 .debug_str     0x00005d35      0xc37 build/tasks.o
                               0x123b (size before relaxing)
 .debug_str     0x0000696c      0x5a9 build/timers.o
                                0xbc1 (size before relaxing)
 .debug_str     0x00006f15      0xa03 build/cmsis_os2.o
                               0x191d (size before relaxing)
 .debug_str     0x00007918      0x1d5 build/heap_4.o
                                0x3b5 (size before relaxing)
 .debug_str     0x00007aed      0x17d build/port.o
                                0x42d (size before relaxing)
 .debug_str     0x00007c6a      0x13e build/usbd_core.o
                                0x7fd (size before relaxing)
 .debug_str     0x00007da8       0xe2 build/usbd_ctlreq.o
                                0x717 (size before relaxing)
 .debug_str     0x00007e8a       0x60 build/usbd_ioreq.o
                                0x644 (size before relaxing)
 .debug_str     0x00007eea      0x18f build/usbd_cdc.o
                                0xbe5 (size before relaxing)
 .debug_str     0x00008079       0x32 build/startup_stm32f103xb.o
                                 0x57 (size before relaxing)

.comment        0x00000000       0x45
 .comment       0x00000000       0x45 build/main.o
                                 0x46 (size before relaxing)
 .comment       0x00000045       0x46 build/gpio.o
 .comment       0x00000045       0x46 build/freertos.o
 .comment       0x00000045       0x46 build/i2c.o
 .comment       0x00000045       0x46 build/oled.o
 .comment       0x00000045       0x46 build/stm32f1xx_it.o
 .comment       0x00000045       0x46 build/stm32f1xx_hal_msp.o
 .comment       0x00000045       0x46 build/stm32f1xx_hal_timebase_tim.o
 .comment       0x00000045       0x46 build/usb_device.o
 .comment       0x00000045       0x46 build/usbd_desc.o
 .comment       0x00000045       0x46 build/usbd_cdc_if.o
 .comment       0x00000045       0x46 build/usbd_conf.o
 .comment       0x00000045       0x46 build/stm32f1xx_hal_pcd.o
 .comment       0x00000045       0x46 build/stm32f1xx_hal_pcd_ex.o
 .comment       0x00000045       0x46 build/stm32f1xx_ll_usb.o
 .comment       0x00000045       0x46 build/stm32f1xx_hal.o
 .comment       0x00000045       0x46 build/stm32f1xx_hal_rcc.o
 .comment       0x00000045       0x46 build/stm32f1xx_hal_rcc_ex.o
 .comment       0x00000045       0x46 build/stm32f1xx_hal_gpio.o
 .comment       0x00000045       0x46 build/stm32f1xx_hal_cortex.o
 .comment       0x00000045       0x46 build/stm32f1xx_hal_i2c.o
 .comment       0x00000045       0x46 build/stm32f1xx_hal_tim.o
 .comment       0x00000045       0x46 build/stm32f1xx_hal_tim_ex.o
 .comment       0x00000045       0x46 build/system_stm32f1xx.o
 .comment       0x00000045       0x46 build/list.o
 .comment       0x00000045       0x46 build/queue.o
 .comment       0x00000045       0x46 build/tasks.o
 .comment       0x00000045       0x46 build/timers.o
 .comment       0x00000045       0x46 build/cmsis_os2.o
 .comment       0x00000045       0x46 build/heap_4.o
 .comment       0x00000045       0x46 build/port.o
 .comment       0x00000045       0x46 build/usbd_core.o
 .comment       0x00000045       0x46 build/usbd_ctlreq.o
 .comment       0x00000045       0x46 build/usbd_ioreq.o
 .comment       0x00000045       0x46 build/usbd_cdc.o

.debug_frame    0x00000000     0x4984
 .debug_frame   0x00000000       0x70 build/main.o
 .debug_frame   0x00000070       0x30 build/gpio.o
 .debug_frame   0x000000a0       0x58 build/freertos.o
 .debug_frame   0x000000f8       0x78 build/i2c.o
 .debug_frame   0x00000170       0xe0 build/oled.o
 .debug_frame   0x00000250       0xa0 build/stm32f1xx_it.o
 .debug_frame   0x000002f0       0x2c build/stm32f1xx_hal_msp.o
 .debug_frame   0x0000031c       0x54 build/stm32f1xx_hal_timebase_tim.o
 .debug_frame   0x00000370       0x28 build/usb_device.o
 .debug_frame   0x00000398       0xe0 build/usbd_desc.o
 .debug_frame   0x00000478       0x78 build/usbd_cdc_if.o
 .debug_frame   0x000004f0      0x2ec build/usbd_conf.o
 .debug_frame   0x000007dc      0x360 build/stm32f1xx_hal_pcd.o
 .debug_frame   0x00000b3c       0x50 build/stm32f1xx_hal_pcd_ex.o
 .debug_frame   0x00000b8c      0x200 build/stm32f1xx_ll_usb.o
 .debug_frame   0x00000d8c      0x1cc build/stm32f1xx_hal.o
 .debug_frame   0x00000f58      0x184 build/stm32f1xx_hal_rcc.o
 .debug_frame   0x000010dc       0x5c build/stm32f1xx_hal_rcc_ex.o
 .debug_frame   0x00001138       0xe4 build/stm32f1xx_hal_gpio.o
 .debug_frame   0x0000121c      0x19c build/stm32f1xx_hal_cortex.o
 .debug_frame   0x000013b8      0x984 build/stm32f1xx_hal_i2c.o
 .debug_frame   0x00001d3c      0xb14 build/stm32f1xx_hal_tim.o
 .debug_frame   0x00002850      0x40c build/stm32f1xx_hal_tim_ex.o
 .debug_frame   0x00002c5c       0x30 build/system_stm32f1xx.o
 .debug_frame   0x00002c8c       0x70 build/list.o
 .debug_frame   0x00002cfc      0x458 build/queue.o
 .debug_frame   0x00003154      0x65c build/tasks.o
 .debug_frame   0x000037b0      0x2c4 build/timers.o
 .debug_frame   0x00003a74      0x7a8 build/cmsis_os2.o
 .debug_frame   0x0000421c       0xb0 build/heap_4.o
 .debug_frame   0x000042cc       0xf0 build/port.o
 .debug_frame   0x000043bc      0x1c4 build/usbd_core.o
 .debug_frame   0x00004580      0x178 build/usbd_ctlreq.o
 .debug_frame   0x000046f8       0xb8 build/usbd_ioreq.o
 .debug_frame   0x000047b0      0x160 build/usbd_cdc.o
 .debug_frame   0x00004910       0x2c /nix/store/244x2dv48nan65bmpk2pv3pfl5s5jjn8-gcc-arm-embedded-12.3.rel1/bin/../lib/gcc/arm-none-eabi/12.3.1/../../../../arm-none-eabi/lib/thumb/v7-m/nofp/libc_nano.a(libc_a-init.o)
 .debug_frame   0x0000493c       0x28 /nix/store/244x2dv48nan65bmpk2pv3pfl5s5jjn8-gcc-arm-embedded-12.3.rel1/bin/../lib/gcc/arm-none-eabi/12.3.1/../../../../arm-none-eabi/lib/thumb/v7-m/nofp/libc_nano.a(libc_a-memcpy-stub.o)
 .debug_frame   0x00004964       0x20 /nix/store/244x2dv48nan65bmpk2pv3pfl5s5jjn8-gcc-arm-embedded-12.3.rel1/bin/../lib/gcc/arm-none-eabi/12.3.1/../../../../arm-none-eabi/lib/thumb/v7-m/nofp/libc_nano.a(libc_a-memset.o)

Cross Reference Table

Symbol                                            File
ADC1_2_IRQHandler                                 build/startup_stm32f103xb.o
AHBPrescTable                                     build/system_stm32f1xx.o
                                                  build/stm32f1xx_hal_rcc.o
APBPrescTable                                     build/system_stm32f1xx.o
                                                  build/stm32f1xx_hal_rcc.o
BusFault_Handler                                  build/stm32f1xx_it.o
CAN1_RX1_IRQHandler                               build/startup_stm32f103xb.o
CAN1_SCE_IRQHandler                               build/startup_stm32f103xb.o
CDC_Transmit_FS                                   build/usbd_cdc_if.o
                                                  build/freertos.o
DMA1_Channel1_IRQHandler                          build/startup_stm32f103xb.o
DMA1_Channel2_IRQHandler                          build/startup_stm32f103xb.o
DMA1_Channel3_IRQHandler                          build/startup_stm32f103xb.o
DMA1_Channel4_IRQHandler                          build/startup_stm32f103xb.o
DMA1_Channel5_IRQHandler                          build/startup_stm32f103xb.o
DMA1_Channel6_IRQHandler                          build/startup_stm32f103xb.o
DMA1_Channel7_IRQHandler                          build/startup_stm32f103xb.o
DebugMon_Handler                                  build/stm32f1xx_it.o
Default_Handler                                   build/startup_stm32f103xb.o
EXTI0_IRQHandler                                  build/startup_stm32f103xb.o
EXTI15_10_IRQHandler                              build/startup_stm32f103xb.o
EXTI1_IRQHandler                                  build/startup_stm32f103xb.o
EXTI2_IRQHandler                                  build/startup_stm32f103xb.o
EXTI3_IRQHandler                                  build/startup_stm32f103xb.o
EXTI4_IRQHandler                                  build/startup_stm32f103xb.o
EXTI9_5_IRQHandler                                build/startup_stm32f103xb.o
Error_Handler                                     build/main.o
                                                  build/usbd_conf.o
                                                  build/usb_device.o
                                                  build/i2c.o
F6x8                                              build/oled.o
F8X16                                             build/oled.o
FLASH_IRQHandler                                  build/startup_stm32f103xb.o
FLASH_PageErase                                   build/stm32f1xx_hal_flash_ex.o
                                                  build/stm32f1xx_hal_flash.o
FLASH_WaitForLastOperation                        build/stm32f1xx_hal_flash.o
                                                  build/stm32f1xx_hal_flash_ex.o
FS_Desc                                           build/usbd_desc.o
                                                  build/usb_device.o
HAL_DBGMCU_DisableDBGSleepMode                    build/stm32f1xx_hal.o
HAL_DBGMCU_DisableDBGStandbyMode                  build/stm32f1xx_hal.o
HAL_DBGMCU_DisableDBGStopMode                     build/stm32f1xx_hal.o
HAL_DBGMCU_EnableDBGSleepMode                     build/stm32f1xx_hal.o
HAL_DBGMCU_EnableDBGStandbyMode                   build/stm32f1xx_hal.o
HAL_DBGMCU_EnableDBGStopMode                      build/stm32f1xx_hal.o
HAL_DMA_Abort                                     build/stm32f1xx_hal_dma.o
HAL_DMA_Abort_IT                                  build/stm32f1xx_hal_dma.o
                                                  build/stm32f1xx_hal_tim_ex.o
                                                  build/stm32f1xx_hal_tim.o
                                                  build/stm32f1xx_hal_i2c.o
HAL_DMA_DeInit                                    build/stm32f1xx_hal_dma.o
HAL_DMA_GetError                                  build/stm32f1xx_hal_dma.o
HAL_DMA_GetState                                  build/stm32f1xx_hal_dma.o
                                                  build/stm32f1xx_hal_i2c.o
HAL_DMA_IRQHandler                                build/stm32f1xx_hal_dma.o
HAL_DMA_Init                                      build/stm32f1xx_hal_dma.o
HAL_DMA_PollForTransfer                           build/stm32f1xx_hal_dma.o
HAL_DMA_RegisterCallback                          build/stm32f1xx_hal_dma.o
HAL_DMA_Start                                     build/stm32f1xx_hal_dma.o
HAL_DMA_Start_IT                                  build/stm32f1xx_hal_dma.o
                                                  build/stm32f1xx_hal_tim_ex.o
                                                  build/stm32f1xx_hal_tim.o
                                                  build/stm32f1xx_hal_i2c.o
HAL_DMA_UnRegisterCallback                        build/stm32f1xx_hal_dma.o
HAL_DeInit                                        build/stm32f1xx_hal.o
HAL_Delay                                         build/stm32f1xx_hal.o
                                                  build/usbd_conf.o
                                                  build/oled.o
HAL_EXTI_ClearConfigLine                          build/stm32f1xx_hal_exti.o
HAL_EXTI_ClearPending                             build/stm32f1xx_hal_exti.o
HAL_EXTI_GenerateSWI                              build/stm32f1xx_hal_exti.o
HAL_EXTI_GetConfigLine                            build/stm32f1xx_hal_exti.o
HAL_EXTI_GetHandle                                build/stm32f1xx_hal_exti.o
HAL_EXTI_GetPending                               build/stm32f1xx_hal_exti.o
HAL_EXTI_IRQHandler                               build/stm32f1xx_hal_exti.o
HAL_EXTI_RegisterCallback                         build/stm32f1xx_hal_exti.o
HAL_EXTI_SetConfigLine                            build/stm32f1xx_hal_exti.o
HAL_FLASHEx_Erase                                 build/stm32f1xx_hal_flash_ex.o
HAL_FLASHEx_Erase_IT                              build/stm32f1xx_hal_flash_ex.o
HAL_FLASHEx_OBErase                               build/stm32f1xx_hal_flash_ex.o
HAL_FLASHEx_OBGetConfig                           build/stm32f1xx_hal_flash_ex.o
HAL_FLASHEx_OBGetUserData                         build/stm32f1xx_hal_flash_ex.o
HAL_FLASHEx_OBProgram                             build/stm32f1xx_hal_flash_ex.o
HAL_FLASH_EndOfOperationCallback                  build/stm32f1xx_hal_flash.o
HAL_FLASH_GetError                                build/stm32f1xx_hal_flash.o
HAL_FLASH_IRQHandler                              build/stm32f1xx_hal_flash.o
HAL_FLASH_Lock                                    build/stm32f1xx_hal_flash.o
HAL_FLASH_OB_Launch                               build/stm32f1xx_hal_flash.o
HAL_FLASH_OB_Lock                                 build/stm32f1xx_hal_flash.o
HAL_FLASH_OB_Unlock                               build/stm32f1xx_hal_flash.o
HAL_FLASH_OperationErrorCallback                  build/stm32f1xx_hal_flash.o
HAL_FLASH_Program                                 build/stm32f1xx_hal_flash.o
HAL_FLASH_Program_IT                              build/stm32f1xx_hal_flash.o
HAL_FLASH_Unlock                                  build/stm32f1xx_hal_flash.o
HAL_GPIOEx_ConfigEventout                         build/stm32f1xx_hal_gpio_ex.o
HAL_GPIOEx_DisableEventout                        build/stm32f1xx_hal_gpio_ex.o
HAL_GPIOEx_EnableEventout                         build/stm32f1xx_hal_gpio_ex.o
HAL_GPIO_DeInit                                   build/stm32f1xx_hal_gpio.o
                                                  build/i2c.o
HAL_GPIO_EXTI_Callback                            build/stm32f1xx_hal_gpio.o
HAL_GPIO_EXTI_IRQHandler                          build/stm32f1xx_hal_gpio.o
HAL_GPIO_Init                                     build/stm32f1xx_hal_gpio.o
                                                  build/stm32f1xx_hal_rcc.o
                                                  build/i2c.o
                                                  build/gpio.o
HAL_GPIO_LockPin                                  build/stm32f1xx_hal_gpio.o
HAL_GPIO_ReadPin                                  build/stm32f1xx_hal_gpio.o
HAL_GPIO_TogglePin                                build/stm32f1xx_hal_gpio.o
HAL_GPIO_WritePin                                 build/stm32f1xx_hal_gpio.o
                                                  build/gpio.o
HAL_GetDEVID                                      build/stm32f1xx_hal.o
HAL_GetHalVersion                                 build/stm32f1xx_hal.o
HAL_GetREVID                                      build/stm32f1xx_hal.o
HAL_GetTick                                       build/stm32f1xx_hal.o
                                                  build/stm32f1xx_hal_i2c.o
                                                  build/stm32f1xx_hal_flash.o
                                                  build/stm32f1xx_hal_dma.o
                                                  build/stm32f1xx_hal_rcc_ex.o
                                                  build/stm32f1xx_hal_rcc.o
HAL_GetTickFreq                                   build/stm32f1xx_hal.o
HAL_GetTickPrio                                   build/stm32f1xx_hal.o
HAL_GetUIDw0                                      build/stm32f1xx_hal.o
HAL_GetUIDw1                                      build/stm32f1xx_hal.o
HAL_GetUIDw2                                      build/stm32f1xx_hal.o
HAL_I2C_AbortCpltCallback                         build/stm32f1xx_hal_i2c.o
HAL_I2C_AddrCallback                              build/stm32f1xx_hal_i2c.o
HAL_I2C_DeInit                                    build/stm32f1xx_hal_i2c.o