Archive member included to satisfy reference by file (symbol)

/nix/store/244x2dv48nan65bmpk2pv3pfl5s5jjn8-gcc-arm-embedded-12.3.rel1/bin/../lib/gcc/arm-none-eabi/12.3.1/../../../../arm-none-eabi/lib/thumb/v7-m/nofp/libc_nano.a(libc_a-exit.o)
                              /nix/store/244x2dv48nan65bmpk2pv3pfl5s5jjn8-gcc-arm-embedded-12.3.rel1/bin/../lib/gcc/arm-none-eabi/12.3.1/../../../../arm-none-eabi/lib/thumb/v7-m/nofp/crt0.o (exit)
/nix/store/244x2dv48nan65bmpk2pv3pfl5s5jjn8-gcc-arm-embedded-12.3.rel1/bin/../lib/gcc/arm-none-eabi/12.3.1/../../../../arm-none-eabi/lib/thumb/v7-m/nofp/libc_nano.a(libc_a-init.o)
                              /nix/store/244x2dv48nan65bmpk2pv3pfl5s5jjn8-gcc-arm-embedded-12.3.rel1/bin/../lib/gcc/arm-none-eabi/12.3.1/../../../../arm-none-eabi/lib/thumb/v7-m/nofp/crt0.o (__libc_init_array)
/nix/store/244x2dv48nan65bmpk2pv3pfl5s5jjn8-gcc-arm-embedded-12.3.rel1/bin/../lib/gcc/arm-none-eabi/12.3.1/../../../../arm-none-eabi/lib/thumb/v7-m/nofp/libc_nano.a(libc_a-memcpy-stub.o)
                              build/queue.o (memcpy)
/nix/store/244x2dv48nan65bmpk2pv3pfl5s5jjn8-gcc-arm-embedded-12.3.rel1/bin/../lib/gcc/arm-none-eabi/12.3.1/../../../../arm-none-eabi/lib/thumb/v7-m/nofp/libc_nano.a(libc_a-findfp.o)
                              /nix/store/244x2dv48nan65bmpk2pv3pfl5s5jjn8-gcc-arm-embedded-12.3.rel1/bin/../lib/gcc/arm-none-eabi/12.3.1/../../../../arm-none-eabi/lib/thumb/v7-m/nofp/libc_nano.a(libc_a-exit.o) (__stdio_exit_handler)
/nix/store/244x2dv48nan65bmpk2pv3pfl5s5jjn8-gcc-arm-embedded-12.3.rel1/bin/../lib/gcc/arm-none-eabi/12.3.1/../../../../arm-none-eabi/lib/thumb/v7-m/nofp/libc_nano.a(libc_a-stdio.o)
                              /nix/store/244x2dv48nan65bmpk2pv3pfl5s5jjn8-gcc-arm-embedded-12.3.rel1/bin/../lib/gcc/arm-none-eabi/12.3.1/../../../../arm-none-eabi/lib/thumb/v7-m/nofp/libc_nano.a(libc_a-findfp.o) (__sread)
/nix/store/244x2dv48nan65bmpk2pv3pfl5s5jjn8-gcc-arm-embedded-12.3.rel1/bin/../lib/gcc/arm-none-eabi/12.3.1/../../../../arm-none-eabi/lib/thumb/v7-m/nofp/libc_nano.a(libc_a-writer.o)
                              /nix/store/244x2dv48nan65bmpk2pv3pfl5s5jjn8-gcc-arm-embedded-12.3.rel1/bin/../lib/gcc/arm-none-eabi/12.3.1/../../../../arm-none-eabi/lib/thumb/v7-m/nofp/libc_nano.a(libc_a-stdio.o) (_write_r)
/nix/store/244x2dv48nan65bmpk2pv3pfl5s5jjn8-gcc-arm-embedded-12.3.rel1/bin/../lib/gcc/arm-none-eabi/12.3.1/../../../../arm-none-eabi/lib/thumb/v7-m/nofp/libc_nano.a(libc_a-errno.o)
                              build/sysmem.o (__errno)
/nix/store/244x2dv48nan65bmpk2pv3pfl5s5jjn8-gcc-arm-embedded-12.3.rel1/bin/../lib/gcc/arm-none-eabi/12.3.1/../../../../arm-none-eabi/lib/thumb/v7-m/nofp/libc_nano.a(libc_a-fwalk.o)
                              /nix/store/244x2dv48nan65bmpk2pv3pfl5s5jjn8-gcc-arm-embedded-12.3.rel1/bin/../lib/gcc/arm-none-eabi/12.3.1/../../../../arm-none-eabi/lib/thumb/v7-m/nofp/libc_nano.a(libc_a-findfp.o) (_fwalk_sglue)
/nix/store/244x2dv48nan65bmpk2pv3pfl5s5jjn8-gcc-arm-embedded-12.3.rel1/bin/../lib/gcc/arm-none-eabi/12.3.1/../../../../arm-none-eabi/lib/thumb/v7-m/nofp/libc_nano.a(libc_a-memset.o)
                              /nix/store/244x2dv48nan65bmpk2pv3pfl5s5jjn8-gcc-arm-embedded-12.3.rel1/bin/../lib/gcc/arm-none-eabi/12.3.1/../../../../arm-none-eabi/lib/thumb/v7-m/nofp/crt0.o (memset)
/nix/store/244x2dv48nan65bmpk2pv3pfl5s5jjn8-gcc-arm-embedded-12.3.rel1/bin/../lib/gcc/arm-none-eabi/12.3.1/../../../../arm-none-eabi/lib/thumb/v7-m/nofp/libc_nano.a(libc_a-lock.o)
                              /nix/store/244x2dv48nan65bmpk2pv3pfl5s5jjn8-gcc-arm-embedded-12.3.rel1/bin/../lib/gcc/arm-none-eabi/12.3.1/../../../../arm-none-eabi/lib/thumb/v7-m/nofp/libc_nano.a(libc_a-findfp.o) (__retarget_lock_init_recursive)
/nix/store/244x2dv48nan65bmpk2pv3pfl5s5jjn8-gcc-arm-embedded-12.3.rel1/bin/../lib/gcc/arm-none-eabi/12.3.1/../../../../arm-none-eabi/lib/thumb/v7-m/nofp/libc_nano.a(libc_a-closer.o)
                              /nix/store/244x2dv48nan65bmpk2pv3pfl5s5jjn8-gcc-arm-embedded-12.3.rel1/bin/../lib/gcc/arm-none-eabi/12.3.1/../../../../arm-none-eabi/lib/thumb/v7-m/nofp/libc_nano.a(libc_a-stdio.o) (_close_r)
/nix/store/244x2dv48nan65bmpk2pv3pfl5s5jjn8-gcc-arm-embedded-12.3.rel1/bin/../lib/gcc/arm-none-eabi/12.3.1/../../../../arm-none-eabi/lib/thumb/v7-m/nofp/libc_nano.a(libc_a-reent.o)
                              /nix/store/244x2dv48nan65bmpk2pv3pfl5s5jjn8-gcc-arm-embedded-12.3.rel1/bin/../lib/gcc/arm-none-eabi/12.3.1/../../../../arm-none-eabi/lib/thumb/v7-m/nofp/libc_nano.a(libc_a-writer.o) (errno)
/nix/store/244x2dv48nan65bmpk2pv3pfl5s5jjn8-gcc-arm-embedded-12.3.rel1/bin/../lib/gcc/arm-none-eabi/12.3.1/../../../../arm-none-eabi/lib/thumb/v7-m/nofp/libc_nano.a(libc_a-impure.o)
                              /nix/store/244x2dv48nan65bmpk2pv3pfl5s5jjn8-gcc-arm-embedded-12.3.rel1/bin/../lib/gcc/arm-none-eabi/12.3.1/../../../../arm-none-eabi/lib/thumb/v7-m/nofp/libc_nano.a(libc_a-errno.o) (_impure_ptr)
[...]
Memory Configuration

Name             Origin             Length             Attributes
RAM              0x20000000         0x00005000         xrw
FLASH            0x08000000         0x00010000         xr
*default*        0x00000000         0xffffffff

Linker script and memory map

LOAD /nix/store/244x2dv48nan65bmpk2pv3pfl5s5jjn8-gcc-arm-embedded-12.3.rel1/bin/../lib/gcc/arm-none-eabi/12.3.1/thumb/v7-m/nofp/crti.o
LOAD /nix/store/244x2dv48nan65bmpk2pv3pfl5s5jjn8-gcc-arm-embedded-12.3.rel1/bin/../lib/gcc/arm-none-eabi/12.3.1/thumb/v7-m/nofp/crtbegin.o
LOAD /nix/store/244x2dv48nan65bmpk2pv3pfl5s5jjn8-gcc-arm-embedded-12.3.rel1/bin/../lib/gcc/arm-none-eabi/12.3.1/../../../../arm-none-eabi/lib/thumb/v7-m/nofp/crt0.o
LOAD build/main.o
LOAD build/gpio.o
LOAD build/freertos.o
LOAD build/i2c.o
LOAD build/usb.o
LOAD build/stm32f1xx_it.o
LOAD build/stm32f1xx_hal_msp.o
LOAD build/stm32f1xx_hal_timebase_tim.o
LOAD build/stm32f1xx_hal_gpio_ex.o
LOAD build/stm32f1xx_hal.o
LOAD build/stm32f1xx_hal_rcc.o
LOAD build/stm32f1xx_hal_rcc_ex.o
LOAD build/stm32f1xx_hal_gpio.o
LOAD build/stm32f1xx_hal_dma.o
LOAD build/stm32f1xx_hal_cortex.o
LOAD build/stm32f1xx_hal_pwr.o
LOAD build/stm32f1xx_hal_flash.o
LOAD build/stm32f1xx_hal_flash_ex.o
LOAD build/stm32f1xx_hal_exti.o
LOAD build/stm32f1xx_hal_i2c.o
LOAD build/stm32f1xx_hal_tim.o
LOAD build/stm32f1xx_hal_tim_ex.o
LOAD build/stm32f1xx_hal_pcd.o
LOAD build/stm32f1xx_hal_pcd_ex.o
LOAD build/stm32f1xx_ll_usb.o
LOAD build/system_stm32f1xx.o
LOAD build/croutine.o
LOAD build/event_groups.o
LOAD build/list.o
LOAD build/queue.o
LOAD build/stream_buffer.o
LOAD build/tasks.o
LOAD build/timers.o
LOAD build/cmsis_os2.o
LOAD build/heap_4.o
LOAD build/port.o
LOAD build/sysmem.o
LOAD build/syscalls.o
LOAD build/startup_stm32f103xb.o
LOAD /nix/store/244x2dv48nan65bmpk2pv3pfl5s5jjn8-gcc-arm-embedded-12.3.rel1/bin/../lib/gcc/arm-none-eabi/12.3.1/../../../../arm-none-eabi/lib/thumb/v7-m/nofp/libc_nano.a
LOAD /nix/store/244x2dv48nan65bmpk2pv3pfl5s5jjn8-gcc-arm-embedded-12.3.rel1/bin/../lib/gcc/arm-none-eabi/12.3.1/../../../../arm-none-eabi/lib/thumb/v7-m/nofp/libm.a
LOAD /nix/store/244x2dv48nan65bmpk2pv3pfl5s5jjn8-gcc-arm-embedded-12.3.rel1/bin/../lib/gcc/arm-none-eabi/12.3.1/../../../../arm-none-eabi/lib/thumb/v7-m/nofp/libnosys.a
START GROUP
LOAD /nix/store/244x2dv48nan65bmpk2pv3pfl5s5jjn8-gcc-arm-embedded-12.3.rel1/bin/../lib/gcc/arm-none-eabi/12.3.1/thumb/v7-m/nofp/libgcc.a
LOAD /nix/store/244x2dv48nan65bmpk2pv3pfl5s5jjn8-gcc-arm-embedded-12.3.rel1/bin/../lib/gcc/arm-none-eabi/12.3.1/../../../../arm-none-eabi/lib/thumb/v7-m/nofp/libc_nano.a
END GROUP
START GROUP
LOAD /nix/store/244x2dv48nan65bmpk2pv3pfl5s5jjn8-gcc-arm-embedded-12.3.rel1/bin/../lib/gcc/arm-none-eabi/12.3.1/thumb/v7-m/nofp/libgcc.a
LOAD /nix/store/244x2dv48nan65bmpk2pv3pfl5s5jjn8-gcc-arm-embedded-12.3.rel1/bin/../lib/gcc/arm-none-eabi/12.3.1/../../../../arm-none-eabi/lib/thumb/v7-m/nofp/libc_nano.a
END GROUP
LOAD /nix/store/244x2dv48nan65bmpk2pv3pfl5s5jjn8-gcc-arm-embedded-12.3.rel1/bin/../lib/gcc/arm-none-eabi/12.3.1/thumb/v7-m/nofp/crtend.o
LOAD /nix/store/244x2dv48nan65bmpk2pv3pfl5s5jjn8-gcc-arm-embedded-12.3.rel1/bin/../lib/gcc/arm-none-eabi/12.3.1/thumb/v7-m/nofp/crtn.o
                0x20005000                        _estack = (ORIGIN (RAM) + LENGTH (RAM))
                0x00000200                        _Min_Heap_Size = 0x200
                0x00000400                        _Min_Stack_Size = 0x400

.isr_vector     0x08000000      0x10c
                0x08000000                        . = ALIGN (0x4)
 *(.isr_vector)
 .isr_vector    0x08000000      0x10c build/startup_stm32f103xb.o
                0x08000000                g_pfnVectors
                0x0800010c                        . = ALIGN (0x4)

.text           0x08000110     0x320c
                0x08000110                        . = ALIGN (0x4)
 *(.text)
 *(.text*)
 .text.deregister_tm_clones
                0x08000110       0x1c /nix/store/244x2dv48nan65bmpk2pv3pfl5s5jjn8-gcc-arm-embedded-12.3.rel1/bin/../lib/gcc/arm-none-eabi/12.3.1/thumb/v7-m/nofp/crtbegin.o
 .text.register_tm_clones
                0x0800012c       0x24 /nix/store/244x2dv48nan65bmpk2pv3pfl5s5jjn8-gcc-arm-embedded-12.3.rel1/bin/../lib/gcc/arm-none-eabi/12.3.1/thumb/v7-m/nofp/crtbegin.o
 .text.__do_global_dtors_aux
                0x08000150       0x28 /nix/store/244x2dv48nan65bmpk2pv3pfl5s5jjn8-gcc-arm-embedded-12.3.rel1/bin/../lib/gcc/arm-none-eabi/12.3.1/thumb/v7-m/nofp/crtbegin.o
 .text.frame_dummy
                0x08000178       0x24 /nix/store/244x2dv48nan65bmpk2pv3pfl5s5jjn8-gcc-arm-embedded-12.3.rel1/bin/../lib/gcc/arm-none-eabi/12.3.1/thumb/v7-m/nofp/crtbegin.o
 .text.HAL_TIM_PeriodElapsedCallback
                0x0800019c       0x18 build/main.o
                0x0800019c                HAL_TIM_PeriodElapsedCallback
 .text.Error_Handler
                0x080001b4        0x4 build/main.o
                0x080001b4                Error_Handler
 .text.SystemClock_Config
                0x080001b8       0x86 build/main.o
                0x080001b8                SystemClock_Config
 .text.main     0x0800023e       0x28 build/main.o
                0x0800023e                main
 *fill*         0x08000266        0x2 
 .text.MX_GPIO_Init
                0x08000268       0x44 build/gpio.o
                0x08000268                MX_GPIO_Init
 .text.StartOled
                0x080002ac        0xa build/freertos.o
                0x080002ac                StartOled
 .text.StartMax
                0x080002b6        0xa build/freertos.o
                0x080002b6                StartMax
 .text.MX_FREERTOS_Init
                0x080002c0       0x38 build/freertos.o
                0x080002c0                MX_FREERTOS_Init
 .text.MX_I2C1_Init
                0x080002f8       0x3c build/i2c.o
                0x080002f8                MX_I2C1_Init
 .text.MX_I2C2_Init
                0x08000334       0x3c build/i2c.o
                0x08000334                MX_I2C2_Init
 .text.HAL_I2C_MspInit
                0x08000370       0xac build/i2c.o
                0x08000370                HAL_I2C_MspInit
 .text.MX_USB_PCD_Init
                0x0800041c       0x30 build/usb.o
                0x0800041c                MX_USB_PCD_Init
 .text.HAL_PCD_MspInit
                0x0800044c       0x2c build/usb.o
                0x0800044c                HAL_PCD_MspInit
 .text.NMI_Handler
                0x08000478        0x2 build/stm32f1xx_it.o
                0x08000478                NMI_Handler
 .text.HardFault_Handler
                0x0800047a        0x2 build/stm32f1xx_it.o
                0x0800047a                HardFault_Handler
 .text.MemManage_Handler
                0x0800047c        0x2 build/stm32f1xx_it.o
                0x0800047c                MemManage_Handler
 .text.BusFault_Handler
                0x0800047e        0x2 build/stm32f1xx_it.o
                0x0800047e                BusFault_Handler
 .text.UsageFault_Handler
                0x08000480        0x2 build/stm32f1xx_it.o
                0x08000480                UsageFault_Handler
 .text.DebugMon_Handler
                0x08000482        0x2 build/stm32f1xx_it.o
                0x08000482                DebugMon_Handler
 .text.TIM1_UP_IRQHandler
                0x08000484       0x10 build/stm32f1xx_it.o
                0x08000484                TIM1_UP_IRQHandler
 .text.HAL_MspInit
                0x08000494       0x54 build/stm32f1xx_hal_msp.o
                0x08000494                HAL_MspInit
 .text.HAL_InitTick
                0x080004e8       0x94 build/stm32f1xx_hal_timebase_tim.o
                0x080004e8                HAL_InitTick
 .text.HAL_Init
                0x0800057c       0x24 build/stm32f1xx_hal.o
                0x0800057c                HAL_Init
 .text.HAL_IncTick
                0x080005a0       0x18 build/stm32f1xx_hal.o
                0x080005a0                HAL_IncTick
 .text.HAL_GetTick
                0x080005b8        0xc build/stm32f1xx_hal.o
                0x080005b8                HAL_GetTick
 .text.RCC_Delay
                0x080005c4       0x2c build/stm32f1xx_hal_rcc.o
 .text.HAL_RCC_OscConfig
                0x080005f0      0x410 build/stm32f1xx_hal_rcc.o
                0x080005f0                HAL_RCC_OscConfig
 .text.HAL_RCC_GetSysClockFreq
                0x08000a00       0x54 build/stm32f1xx_hal_rcc.o
                0x08000a00                HAL_RCC_GetSysClockFreq
 .text.HAL_RCC_ClockConfig
                0x08000a54      0x16c build/stm32f1xx_hal_rcc.o
                0x08000a54                HAL_RCC_ClockConfig
 .text.HAL_RCC_GetHCLKFreq
                0x08000bc0        0xc build/stm32f1xx_hal_rcc.o
                0x08000bc0                HAL_RCC_GetHCLKFreq
 .text.HAL_RCC_GetPCLK1Freq
                0x08000bcc       0x20 build/stm32f1xx_hal_rcc.o
                0x08000bcc                HAL_RCC_GetPCLK1Freq
 .text.HAL_RCC_GetPCLK2Freq
                0x08000bec       0x20 build/stm32f1xx_hal_rcc.o
                0x08000bec                HAL_RCC_GetPCLK2Freq
 .text.HAL_RCC_GetClockConfig
                0x08000c0c       0x3c build/stm32f1xx_hal_rcc.o
                0x08000c0c                HAL_RCC_GetClockConfig
 .text.HAL_RCCEx_PeriphCLKConfig
                0x08000c48      0x118 build/stm32f1xx_hal_rcc_ex.o
                0x08000c48                HAL_RCCEx_PeriphCLKConfig
 .text.HAL_GPIO_Init
                0x08000d60      0x21c build/stm32f1xx_hal_gpio.o
                0x08000d60                HAL_GPIO_Init
 .text.__NVIC_SetPriority
                0x08000f7c       0x28 build/stm32f1xx_hal_cortex.o
 .text.NVIC_EncodePriority
                0x08000fa4       0x3e build/stm32f1xx_hal_cortex.o
 *fill*         0x08000fe2        0x2 
 .text.HAL_NVIC_SetPriorityGrouping
                0x08000fe4       0x24 build/stm32f1xx_hal_cortex.o
                0x08000fe4                HAL_NVIC_SetPriorityGrouping
 .text.HAL_NVIC_SetPriority
                0x08001008       0x20 build/stm32f1xx_hal_cortex.o
                0x08001008                HAL_NVIC_SetPriority
 .text.HAL_NVIC_EnableIRQ
                0x08001028       0x1c build/stm32f1xx_hal_cortex.o
                0x08001028                HAL_NVIC_EnableIRQ
 .text.HAL_I2C_Init
                0x08001044      0x1bc build/stm32f1xx_hal_i2c.o
                0x08001044                HAL_I2C_Init
 .text.HAL_TIM_Base_MspInit
                0x08001200        0x2 build/stm32f1xx_hal_tim.o
                0x08001200                HAL_TIM_Base_MspInit
 *fill*         0x08001202        0x2 
 .text.HAL_TIM_Base_Start_IT
                0x08001204       0x68 build/stm32f1xx_hal_tim.o
                0x08001204                HAL_TIM_Base_Start_IT
 .text.HAL_TIM_OC_DelayElapsedCallback
                0x0800126c        0x2 build/stm32f1xx_hal_tim.o
                0x0800126c                HAL_TIM_OC_DelayElapsedCallback
 .text.HAL_TIM_IC_CaptureCallback
                0x0800126e        0x2 build/stm32f1xx_hal_tim.o
                0x0800126e                HAL_TIM_IC_CaptureCallback
 .text.HAL_TIM_PWM_PulseFinishedCallback
                0x08001270        0x2 build/stm32f1xx_hal_tim.o
                0x08001270                HAL_TIM_PWM_PulseFinishedCallback
 .text.HAL_TIM_TriggerCallback
                0x08001272        0x2 build/stm32f1xx_hal_tim.o
                0x08001272                HAL_TIM_TriggerCallback
 .text.HAL_TIM_IRQHandler
                0x08001274      0x17a build/stm32f1xx_hal_tim.o
                0x08001274                HAL_TIM_IRQHandler
 *fill*         0x080013ee        0x2 
 .text.TIM_Base_SetConfig
                0x080013f0       0x74 build/stm32f1xx_hal_tim.o
                0x080013f0                TIM_Base_SetConfig
 .text.HAL_TIM_Base_Init
                0x08001464       0x58 build/stm32f1xx_hal_tim.o
                0x08001464                HAL_TIM_Base_Init
 .text.HAL_TIMEx_CommutCallback
                0x080014bc        0x2 build/stm32f1xx_hal_tim_ex.o
                0x080014bc                HAL_TIMEx_CommutCallback
 .text.HAL_TIMEx_BreakCallback
                0x080014be        0x2 build/stm32f1xx_hal_tim_ex.o
                0x080014be                HAL_TIMEx_BreakCallback
 .text.HAL_PCD_Init
                0x080014c0      0x110 build/stm32f1xx_hal_pcd.o
                0x080014c0                HAL_PCD_Init
 .text.USB_CoreInit
                0x080015d0        0xe build/stm32f1xx_ll_usb.o
                0x080015d0                USB_CoreInit
 .text.USB_DisableGlobalInt
                0x080015de       0x14 build/stm32f1xx_ll_usb.o
                0x080015de                USB_DisableGlobalInt
 .text.USB_SetCurrentMode
                0x080015f2        0x4 build/stm32f1xx_ll_usb.o
                0x080015f2                USB_SetCurrentMode
 .text.USB_DevInit
                0x080015f6       0x22 build/stm32f1xx_ll_usb.o
                0x080015f6                USB_DevInit
 .text.USB_DevDisconnect
                0x08001618        0x4 build/stm32f1xx_ll_usb.o
                0x08001618                USB_DevDisconnect
 .text.SystemInit
                0x0800161c        0x2 build/system_stm32f1xx.o
                0x0800161c                SystemInit
 .text.vListInitialise
                0x0800161e       0x16 build/list.o
                0x0800161e                vListInitialise
 .text.vListInitialiseItem
                0x08001634        0x6 build/list.o
                0x08001634                vListInitialiseItem
 .text.vListInsertEnd
                0x0800163a       0x16 build/list.o
                0x0800163a                vListInsertEnd
 .text.vListInsert
                0x08001650       0x32 build/list.o
                0x08001650                vListInsert
 .text.uxListRemove
                0x08001682       0x26 build/list.o
                0x08001682                uxListRemove
 .text.prvIsQueueFull
                0x080016a8       0x1e build/queue.o
 .text.prvIsQueueEmpty
                0x080016c6       0x1a build/queue.o
 .text.prvCopyDataToQueue
                0x080016e0       0x76 build/queue.o
 .text.prvCopyDataFromQueue
                0x08001756       0x24 build/queue.o
 .text.prvUnlockQueue
                0x0800177a       0x6e build/queue.o
 .text.xQueueGenericReset
                0x080017e8       0x84 build/queue.o
                0x080017e8                xQueueGenericReset
 .text.prvInitialiseNewQueue
                0x0800186c       0x22 build/queue.o
 .text.xQueueGenericCreateStatic
                0x0800188e       0x92 build/queue.o
                0x0800188e                xQueueGenericCreateStatic
 .text.xQueueGenericSend
                0x08001920      0x188 build/queue.o
                0x08001920                xQueueGenericSend
 .text.xQueueGenericSendFromISR
                0x08001aa8       0xcc build/queue.o
                0x08001aa8                xQueueGenericSendFromISR
 .text.xQueueReceive
                0x08001b74      0x15e build/queue.o
                0x08001b74                xQueueReceive
 *fill*         0x08001cd2        0x2 
 .text.vQueueAddToRegistry
                0x08001cd4       0x28 build/queue.o
                0x08001cd4                vQueueAddToRegistry
 .text.vQueueWaitForMessageRestricted
                0x08001cfc       0x52 build/queue.o
                0x08001cfc                vQueueWaitForMessageRestricted
 *fill*         0x08001d4e        0x2 
 .text.prvResetNextTaskUnblockTime
                0x08001d50       0x2c build/tasks.o
 .text.prvInitialiseNewTask
                0x08001d7c       0x98 build/tasks.o
 .text.prvInitialiseTaskLists
                0x08001e14       0x68 build/tasks.o
 .text.prvAddNewTaskToReadyList
                0x08001e7c       0xac build/tasks.o
 .text.prvDeleteTCB
                0x08001f28       0x38 build/tasks.o
 .text.prvCheckTasksWaitingTermination
                0x08001f60       0x4c build/tasks.o
 .text.prvIdleTask
                0x08001fac       0x28 build/tasks.o
 .text.prvAddCurrentTaskToDelayedList
                0x08001fd4       0x7c build/tasks.o
 .text.xTaskCreateStatic
                0x08002050       0x74 build/tasks.o
                0x08002050                xTaskCreateStatic
 .text.xTaskCreate
                0x080020c4       0x64 build/tasks.o
                0x080020c4                xTaskCreate
 .text.vTaskStartScheduler
                0x08002128       0x98 build/tasks.o
                0x08002128                vTaskStartScheduler
 .text.vTaskSuspendAll
                0x080021c0       0x10 build/tasks.o
                0x080021c0                vTaskSuspendAll
 .text.xTaskGetTickCount
                0x080021d0        0xc build/tasks.o
                0x080021d0                xTaskGetTickCount
 .text.xTaskIncrementTick
                0x080021dc      0x118 build/tasks.o
                0x080021dc                xTaskIncrementTick
 .text.xTaskResumeAll
                0x080022f4       0xf8 build/tasks.o
                0x080022f4                xTaskResumeAll
 .text.vTaskDelay
                0x080023ec       0x4c build/tasks.o
                0x080023ec                vTaskDelay
 .text.vTaskSwitchContext
                0x08002438       0x98 build/tasks.o
                0x08002438                vTaskSwitchContext
 .text.vTaskPlaceOnEventList
                0x080024d0       0x30 build/tasks.o
                0x080024d0                vTaskPlaceOnEventList
 .text.vTaskPlaceOnEventListRestricted
                0x08002500       0x38 build/tasks.o
                0x08002500                vTaskPlaceOnEventListRestricted
 .text.xTaskRemoveFromEventList
                0x08002538       0x8c build/tasks.o
                0x08002538                xTaskRemoveFromEventList
 .text.vTaskInternalSetTimeOutState
                0x080025c4       0x18 build/tasks.o
                0x080025c4                vTaskInternalSetTimeOutState
 .text.xTaskCheckForTimeOut
                0x080025dc       0x84 build/tasks.o
                0x080025dc                xTaskCheckForTimeOut
 .text.vTaskMissedYield
                0x08002660        0xc build/tasks.o
                0x08002660                vTaskMissedYield
 .text.xTaskGetSchedulerState
                0x0800266c       0x20 build/tasks.o
                0x0800266c                xTaskGetSchedulerState
 .text.xTaskPriorityDisinherit
                0x0800268c       0x90 build/tasks.o
                0x0800268c                xTaskPriorityDisinherit
 .text.prvGetNextExpireTime
                0x0800271c       0x20 build/timers.o
 .text.prvInsertTimerInActiveList
                0x0800273c       0x48 build/timers.o
 .text.prvCheckForValidListAndQueue
                0x08002784       0x70 build/timers.o
 .text.xTimerCreateTimerTask
                0x080027f4       0x64 build/timers.o
                0x080027f4                xTimerCreateTimerTask
 .text.xTimerGenericCommand
                0x08002858       0x6c build/timers.o
                0x08002858                xTimerGenericCommand
 .text.prvSwitchTimerLists
                0x080028c4       0x78 build/timers.o
 .text.prvSampleTimeNow
                0x0800293c       0x2c build/timers.o
 .text.prvProcessExpiredTimer
                0x08002968       0x60 build/timers.o
 .text.prvProcessTimerOrBlockTask
                0x080029c8       0x70 build/timers.o
 .text.prvProcessReceivedCommands
                0x08002a38       0xf8 build/timers.o
 .text.prvTimerTask
                0x08002b30       0x16 build/timers.o
 *fill*         0x08002b46        0x2 
 .text.osKernelInitialize
                0x08002b48       0x44 build/cmsis_os2.o
                0x08002b48                osKernelInitialize
 .text.osKernelStart
                0x08002b8c       0x4c build/cmsis_os2.o
                0x08002b8c                osKernelStart
 .text.osThreadNew
                0x08002bd8       0xec build/cmsis_os2.o
                0x08002bd8                osThreadNew
 .text.osDelay  0x08002cc4       0x44 build/cmsis_os2.o
                0x08002cc4                osDelay
 .text.vApplicationGetIdleTaskMemory
                0x08002d08       0x18 build/cmsis_os2.o
                0x08002d08                vApplicationGetIdleTaskMemory
 .text.vApplicationGetTimerTaskMemory
                0x08002d20       0x18 build/cmsis_os2.o
                0x08002d20                vApplicationGetTimerTaskMemory
 .text.prvHeapInit
                0x08002d38       0x64 build/heap_4.o
 .text.prvInsertBlockIntoFreeList
                0x08002d9c       0x60 build/heap_4.o
 .text.pvPortMalloc
                0x08002dfc       0xf8 build/heap_4.o
                0x08002dfc                pvPortMalloc
 .text.vPortFree
                0x08002ef4       0x70 build/heap_4.o
                0x08002ef4                vPortFree
 .text.prvTaskExitError
                0x08002f64       0x40 build/port.o
 .text.prvPortStartFirstTask
                0x08002fa4       0x20 build/port.o
 .text.pxPortInitialiseStack
                0x08002fc4       0x24 build/port.o
                0x08002fc4                pxPortInitialiseStack
 *fill*         0x08002fe8        0x8 
 .text.SVC_Handler
                0x08002ff0       0x24 build/port.o
                0x08002ff0                SVC_Handler
 .text.vPortEnterCritical
                0x08003014       0x44 build/port.o
                0x08003014                vPortEnterCritical
 .text.vPortExitCritical
                0x08003058       0x2c build/port.o
                0x08003058                vPortExitCritical
 *fill*         0x08003084        0xc 
 .text.PendSV_Handler
                0x08003090       0x44 build/port.o
                0x08003090                PendSV_Handler
 .text.SysTick_Handler
                0x080030d4       0x2c build/port.o
                0x080030d4                SysTick_Handler
 .text.vPortSetupTimerInterrupt
                0x08003100       0x28 build/port.o
                0x08003100                vPortSetupTimerInterrupt
 .text.xPortStartScheduler
                0x08003128       0xc0 build/port.o
                0x08003128                xPortStartScheduler
 .text.vPortValidateInterruptPriority
                0x080031e8       0x5c build/port.o
                0x080031e8                vPortValidateInterruptPriority
 .text.Reset_Handler
                0x08003244       0x48 build/startup_stm32f103xb.o
                0x08003244                Reset_Handler
 .text.Default_Handler
                0x0800328c        0x2 build/startup_stm32f103xb.o
                0x0800328c                RTC_Alarm_IRQHandler
                0x0800328c                EXTI2_IRQHandler
                0x0800328c                TIM1_CC_IRQHandler
                0x0800328c                PVD_IRQHandler
                0x0800328c                EXTI3_IRQHandler
                0x0800328c                EXTI0_IRQHandler
                0x0800328c                I2C2_EV_IRQHandler
                0x0800328c                ADC1_2_IRQHandler
                0x0800328c                SPI1_IRQHandler
                0x0800328c                TAMPER_IRQHandler
                0x0800328c                DMA1_Channel4_IRQHandler
                0x0800328c                USART3_IRQHandler
                0x0800328c                RTC_IRQHandler
                0x0800328c                DMA1_Channel7_IRQHandler
                0x0800328c                CAN1_RX1_IRQHandler
                0x0800328c                TIM4_IRQHandler
                0x0800328c                I2C1_EV_IRQHandler
                0x0800328c                DMA1_Channel6_IRQHandler
                0x0800328c                TIM3_IRQHandler
                0x0800328c                RCC_IRQHandler
                0x0800328c                TIM1_TRG_COM_IRQHandler
                0x0800328c                DMA1_Channel1_IRQHandler
                0x0800328c                Default_Handler
                0x0800328c                EXTI15_10_IRQHandler
                0x0800328c                EXTI9_5_IRQHandler
                0x0800328c                SPI2_IRQHandler
                0x0800328c                DMA1_Channel5_IRQHandler
                0x0800328c                EXTI4_IRQHandler
                0x0800328c                USB_LP_CAN1_RX0_IRQHandler
                0x0800328c                USB_HP_CAN1_TX_IRQHandler
                0x0800328c                DMA1_Channel3_IRQHandler
                0x0800328c                WWDG_IRQHandler
                0x0800328c                TIM2_IRQHandler
                0x0800328c                TIM1_BRK_IRQHandler
                0x0800328c                EXTI1_IRQHandler
                0x0800328c                USART2_IRQHandler
                0x0800328c                I2C2_ER_IRQHandler
                0x0800328c                DMA1_Channel2_IRQHandler
                0x0800328c                CAN1_SCE_IRQHandler
                0x0800328c                FLASH_IRQHandler
                0x0800328c                USART1_IRQHandler
                0x0800328c                I2C1_ER_IRQHandler
                0x0800328c                USBWakeUp_IRQHandler
 *fill*         0x0800328e        0x2 
 .text.__libc_init_array
                0x08003290       0x48 /nix/store/244x2dv48nan65bmpk2pv3pfl5s5jjn8-gcc-arm-embedded-12.3.rel1/bin/../lib/gcc/arm-none-eabi/12.3.1/../../../../arm-none-eabi/lib/thumb/v7-m/nofp/libc_nano.a(libc_a-init.o)
                0x08003290                __libc_init_array
 .text.memcpy   0x080032d8       0x1c /nix/store/244x2dv48nan65bmpk2pv3pfl5s5jjn8-gcc-arm-embedded-12.3.rel1/bin/../lib/gcc/arm-none-eabi/12.3.1/../../../../arm-none-eabi/lib/thumb/v7-m/nofp/libc_nano.a(libc_a-memcpy-stub.o)
                0x080032d8                memcpy
 .text.memset   0x080032f4       0x10 /nix/store/244x2dv48nan65bmpk2pv3pfl5s5jjn8-gcc-arm-embedded-12.3.rel1/bin/../lib/gcc/arm-none-eabi/12.3.1/../../../../arm-none-eabi/lib/thumb/v7-m/nofp/libc_nano.a(libc_a-memset.o)
                0x080032f4                memset
 *(.glue_7)
 .glue_7        0x08003304        0x0 linker stubs
 *(.glue_7t)
 .glue_7t       0x08003304        0x0 linker stubs
 *(.eh_frame)
 .eh_frame      0x08003304        0x0 /nix/store/244x2dv48nan65bmpk2pv3pfl5s5jjn8-gcc-arm-embedded-12.3.rel1/bin/../lib/gcc/arm-none-eabi/12.3.1/thumb/v7-m/nofp/crtbegin.o
 *(.init)
 .init          0x08003304        0x4 /nix/store/244x2dv48nan65bmpk2pv3pfl5s5jjn8-gcc-arm-embedded-12.3.rel1/bin/../lib/gcc/arm-none-eabi/12.3.1/thumb/v7-m/nofp/crti.o
                0x08003304                _init
 .init          0x08003308        0x8 /nix/store/244x2dv48nan65bmpk2pv3pfl5s5jjn8-gcc-arm-embedded-12.3.rel1/bin/../lib/gcc/arm-none-eabi/12.3.1/thumb/v7-m/nofp/crtn.o
 *(.fini)
 .fini          0x08003310        0x4 /nix/store/244x2dv48nan65bmpk2pv3pfl5s5jjn8-gcc-arm-embedded-12.3.rel1/bin/../lib/gcc/arm-none-eabi/12.3.1/thumb/v7-m/nofp/crti.o
                0x08003310                _fini
 .fini          0x08003314        0x8 /nix/store/244x2dv48nan65bmpk2pv3pfl5s5jjn8-gcc-arm-embedded-12.3.rel1/bin/../lib/gcc/arm-none-eabi/12.3.1/thumb/v7-m/nofp/crtn.o
                0x0800331c                        . = ALIGN (0x4)
                0x0800331c                        _etext = .

.vfp11_veneer   0x0800331c        0x0
 .vfp11_veneer  0x0800331c        0x0 linker stubs

.v4_bx          0x0800331c        0x0
 .v4_bx         0x0800331c        0x0 linker stubs

.iplt           0x0800331c        0x0
 .iplt          0x0800331c        0x0 /nix/store/244x2dv48nan65bmpk2pv3pfl5s5jjn8-gcc-arm-embedded-12.3.rel1/bin/../lib/gcc/arm-none-eabi/12.3.1/thumb/v7-m/nofp/crtbegin.o

.rodata         0x0800331c       0x98
                0x0800331c                        . = ALIGN (0x4)
 *(.rodata)
 *(.rodata*)
 .rodata.str1.4
                0x0800331c        0x9 build/freertos.o
 *fill*         0x08003325        0x3 
 .rodata.Max_attributes
                0x08003328       0x24 build/freertos.o
                0x08003328                Max_attributes
 .rodata.Oled_attributes
                0x0800334c       0x24 build/freertos.o
                0x0800334c                Oled_attributes
 .rodata.aPredivFactorTable.0
                0x08003370        0x2 build/stm32f1xx_hal_rcc.o
 *fill*         0x08003372        0x2 
 .rodata.aPLLMULFactorTable.1
                0x08003374       0x10 build/stm32f1xx_hal_rcc.o
 .rodata.APBPrescTable
                0x08003384        0x8 build/system_stm32f1xx.o
                0x08003384                APBPrescTable
 .rodata.AHBPrescTable
                0x0800338c       0x10 build/system_stm32f1xx.o
                0x0800338c                AHBPrescTable
 .rodata.vTaskStartScheduler.str1.4
                0x0800339c        0x5 build/tasks.o
 *fill*         0x080033a1        0x3 
 .rodata.prvCheckForValidListAndQueue.str1.4
                0x080033a4        0x5 build/timers.o
 *fill*         0x080033a9        0x3 
 .rodata.xTimerCreateTimerTask.str1.4
                0x080033ac        0x8 build/timers.o
                0x080033b4                        . = ALIGN (0x4)

.rel.dyn        0x080033b4        0x0
 .rel.iplt      0x080033b4        0x0 /nix/store/244x2dv48nan65bmpk2pv3pfl5s5jjn8-gcc-arm-embedded-12.3.rel1/bin/../lib/gcc/arm-none-eabi/12.3.1/thumb/v7-m/nofp/crtbegin.o

.ARM.extab
 *(.ARM.extab* .gnu.linkonce.armextab.*)

.ARM            0x080033b4        0x0
                0x080033b4                        __exidx_start = .
 *(.ARM.exidx*)
                0x080033b4                        __exidx_end = .

.preinit_array  0x080033b4        0x0
                0x080033b4                        PROVIDE (__preinit_array_start = .)
 *(.preinit_array*)
                0x080033b4                        PROVIDE (__preinit_array_end = .)

.init_array     0x080033b4        0x4
                0x080033b4                        PROVIDE (__init_array_start = .)
 *(SORT_BY_NAME(.init_array.*))
 *(.init_array*)
 .init_array    0x080033b4        0x4 /nix/store/244x2dv48nan65bmpk2pv3pfl5s5jjn8-gcc-arm-embedded-12.3.rel1/bin/../lib/gcc/arm-none-eabi/12.3.1/thumb/v7-m/nofp/crtbegin.o
                0x080033b8                        PROVIDE (__init_array_end = .)

.fini_array     0x080033b8        0x4
                [!provide]                        PROVIDE (__fini_array_start = .)
 *(SORT_BY_NAME(.fini_array.*))
 *(.fini_array*)
 .fini_array    0x080033b8        0x4 /nix/store/244x2dv48nan65bmpk2pv3pfl5s5jjn8-gcc-arm-embedded-12.3.rel1/bin/../lib/gcc/arm-none-eabi/12.3.1/thumb/v7-m/nofp/crtbegin.o
                [!provide]                        PROVIDE (__fini_array_end = .)
                0x080033bc                        _sidata = LOADADDR (.data)

.data           0x20000000       0x10 load address 0x080033bc
                0x20000000                        . = ALIGN (0x4)
                0x20000000                        _sdata = .
 *(.data)
 *(.data*)
 .data.uwTickFreq
                0x20000000        0x1 build/stm32f1xx_hal.o
                0x20000000                uwTickFreq
 *fill*         0x20000001        0x3 
 .data.uwTickPrio
                0x20000004        0x4 build/stm32f1xx_hal.o
                0x20000004                uwTickPrio
 .data.SystemCoreClock
                0x20000008        0x4 build/system_stm32f1xx.o
                0x20000008                SystemCoreClock
 .data.uxCriticalNesting
                0x2000000c        0x4 build/port.o
                0x20000010                        . = ALIGN (0x4)
                0x20000010                        _edata = .

.tm_clone_table
                0x20000010        0x0 load address 0x080033cc
 .tm_clone_table
                0x20000010        0x0 /nix/store/244x2dv48nan65bmpk2pv3pfl5s5jjn8-gcc-arm-embedded-12.3.rel1/bin/../lib/gcc/arm-none-eabi/12.3.1/thumb/v7-m/nofp/crtbegin.o
 .tm_clone_table
                0x20000010        0x0 /nix/store/244x2dv48nan65bmpk2pv3pfl5s5jjn8-gcc-arm-embedded-12.3.rel1/bin/../lib/gcc/arm-none-eabi/12.3.1/thumb/v7-m/nofp/crtend.o

.igot.plt       0x20000010        0x0 load address 0x080033cc
 .igot.plt      0x20000010        0x0 /nix/store/244x2dv48nan65bmpk2pv3pfl5s5jjn8-gcc-arm-embedded-12.3.rel1/bin/../lib/gcc/arm-none-eabi/12.3.1/thumb/v7-m/nofp/crtbegin.o
                0x20000010                        . = ALIGN (0x4)

.bss            0x20000010     0x1d50 load address 0x080033cc
                0x20000010                        _sbss = .
                0x20000010                        __bss_start__ = _sbss
 *(.bss)
 *(.bss*)
 .bss.completed.1
                0x20000010        0x1 /nix/store/244x2dv48nan65bmpk2pv3pfl5s5jjn8-gcc-arm-embedded-12.3.rel1/bin/../lib/gcc/arm-none-eabi/12.3.1/thumb/v7-m/nofp/crtbegin.o
 *fill*         0x20000011        0x3 
 .bss.object.0  0x20000014       0x18 /nix/store/244x2dv48nan65bmpk2pv3pfl5s5jjn8-gcc-arm-embedded-12.3.rel1/bin/../lib/gcc/arm-none-eabi/12.3.1/thumb/v7-m/nofp/crtbegin.o
 .bss.MaxHandle
                0x2000002c        0x4 build/freertos.o
                0x2000002c                MaxHandle
 .bss.OledHandle
                0x20000030        0x4 build/freertos.o
                0x20000030                OledHandle
 .bss.hi2c2     0x20000034       0x54 build/i2c.o
                0x20000034                hi2c2
 .bss.hi2c1     0x20000088       0x54 build/i2c.o
                0x20000088                hi2c1
 .bss.hpcd_USB_FS
                0x200000dc      0x2f0 build/usb.o
                0x200000dc                hpcd_USB_FS
 .bss.htim1     0x200003cc       0x48 build/stm32f1xx_hal_timebase_tim.o
                0x200003cc                htim1
 .bss.uwTick    0x20000414        0x4 build/stm32f1xx_hal.o
                0x20000414                uwTick
 .bss.xQueueRegistry
                0x20000418       0x40 build/queue.o
                0x20000418                xQueueRegistry
 .bss.uxSchedulerSuspended
                0x20000458        0x4 build/tasks.o
 .bss.xIdleTaskHandle
                0x2000045c        0x4 build/tasks.o
 .bss.xNextTaskUnblockTime
                0x20000460        0x4 build/tasks.o
 .bss.uxTaskNumber
                0x20000464        0x4 build/tasks.o
 .bss.xNumOfOverflows
                0x20000468        0x4 build/tasks.o
 .bss.xYieldPending
                0x2000046c        0x4 build/tasks.o
 .bss.uxPendedTicks
                0x20000470        0x4 build/tasks.o
 .bss.xSchedulerRunning
                0x20000474        0x4 build/tasks.o
 .bss.uxTopReadyPriority
                0x20000478        0x4 build/tasks.o
 .bss.xTickCount
                0x2000047c        0x4 build/tasks.o
 .bss.uxCurrentNumberOfTasks
                0x20000480        0x4 build/tasks.o
 .bss.xSuspendedTaskList
                0x20000484       0x14 build/tasks.o
 .bss.uxDeletedTasksWaitingCleanUp
                0x20000498        0x4 build/tasks.o
 .bss.xTasksWaitingTermination
                0x2000049c       0x14 build/tasks.o
 .bss.xPendingReadyList
                0x200004b0       0x14 build/tasks.o
 .bss.pxOverflowDelayedTaskList
                0x200004c4        0x4 build/tasks.o
 .bss.pxDelayedTaskList
                0x200004c8        0x4 build/tasks.o
 .bss.xDelayedTaskList2
                0x200004cc       0x14 build/tasks.o
 .bss.xDelayedTaskList1
                0x200004e0       0x14 build/tasks.o
 .bss.pxReadyTasksLists
                0x200004f4      0x460 build/tasks.o
 .bss.pxCurrentTCB
                0x20000954        0x4 build/tasks.o
                0x20000954                pxCurrentTCB
 .bss.xStaticTimerQueue.0
                0x20000958       0x50 build/timers.o
 .bss.ucStaticTimerQueueStorage.1
                0x200009a8       0xa0 build/timers.o
 .bss.xLastTime.2
                0x20000a48        0x4 build/timers.o
 .bss.xTimerTaskHandle
                0x20000a4c        0x4 build/timers.o
 .bss.xTimerQueue
                0x20000a50        0x4 build/timers.o
 .bss.pxOverflowTimerList
                0x20000a54        0x4 build/timers.o
 .bss.pxCurrentTimerList
                0x20000a58        0x4 build/timers.o
 .bss.xActiveTimerList2
                0x20000a5c       0x14 build/timers.o
 .bss.xActiveTimerList1
                0x20000a70       0x14 build/timers.o
 .bss.Timer_Stack
                0x20000a84      0x400 build/cmsis_os2.o
 .bss.Timer_TCB
                0x20000e84       0x5c build/cmsis_os2.o
 .bss.Idle_Stack
                0x20000ee0      0x200 build/cmsis_os2.o
 .bss.Idle_TCB  0x200010e0       0x5c build/cmsis_os2.o
 .bss.KernelState
                0x2000113c        0x4 build/cmsis_os2.o
 .bss.xBlockAllocatedBit
                0x20001140        0x4 build/heap_4.o
 .bss.xMinimumEverFreeBytesRemaining
                0x20001144        0x4 build/heap_4.o
 .bss.xFreeBytesRemaining
                0x20001148        0x4 build/heap_4.o
 .bss.pxEnd     0x2000114c        0x4 build/heap_4.o
 .bss.xStart    0x20001150        0x8 build/heap_4.o
 .bss.ucHeap    0x20001158      0xc00 build/heap_4.o
 .bss.ulMaxPRIGROUPValue
                0x20001d58        0x4 build/port.o
 .bss.ucMaxSysCallPriority
                0x20001d5c        0x1 build/port.o
 *(COMMON)
                0x20001d60                        . = ALIGN (0x4)
 *fill*         0x20001d5d        0x3 
                0x20001d60                        _ebss = .
                0x20001d60                        __bss_end__ = _ebss

._user_heap_stack
                0x20001d60      0x600 load address 0x080033cc
                0x20001d60                        . = ALIGN (0x8)
                [!provide]                        PROVIDE (end = .)
                0x20001d60                        PROVIDE (_end = .)
                0x20001f60                        . = (. + _Min_Heap_Size)
 *fill*         0x20001d60      0x200 
                0x20002360                        . = (. + _Min_Stack_Size)
 *fill*         0x20001f60      0x400 
                0x20002360                        . = ALIGN (0x8)

/DISCARD/
 libc.a(*)
 libm.a(*)
 libgcc.a(*)

.ARM.attributes
                0x00000000       0x29
 *(.ARM.attributes)
 .ARM.attributes
                0x00000000       0x1d /nix/store/244x2dv48nan65bmpk2pv3pfl5s5jjn8-gcc-arm-embedded-12.3.rel1/bin/../lib/gcc/arm-none-eabi/12.3.1/thumb/v7-m/nofp/crti.o
 .ARM.attributes
                0x0000001d       0x2d /nix/store/244x2dv48nan65bmpk2pv3pfl5s5jjn8-gcc-arm-embedded-12.3.rel1/bin/../lib/gcc/arm-none-eabi/12.3.1/thumb/v7-m/nofp/crtbegin.o
 .ARM.attributes
                0x0000004a       0x2d build/main.o
 .ARM.attributes
                0x00000077       0x2d build/gpio.o
 .ARM.attributes
                0x000000a4       0x2d build/freertos.o
 .ARM.attributes
                0x000000d1       0x2d build/i2c.o
 .ARM.attributes
                0x000000fe       0x2d build/usb.o
 .ARM.attributes
                0x0000012b       0x2d build/stm32f1xx_it.o
 .ARM.attributes
                0x00000158       0x2d build/stm32f1xx_hal_msp.o
 .ARM.attributes
                0x00000185       0x2d build/stm32f1xx_hal_timebase_tim.o
 .ARM.attributes
                0x000001b2       0x2d build/stm32f1xx_hal.o
 .ARM.attributes
                0x000001df       0x2d build/stm32f1xx_hal_rcc.o
 .ARM.attributes
                0x0000020c       0x2d build/stm32f1xx_hal_rcc_ex.o
 .ARM.attributes
                0x00000239       0x2d build/stm32f1xx_hal_gpio.o
 .ARM.attributes
                0x00000266       0x2d build/stm32f1xx_hal_cortex.o
 .ARM.attributes
                0x00000293       0x2d build/stm32f1xx_hal_i2c.o
 .ARM.attributes
                0x000002c0       0x2d build/stm32f1xx_hal_tim.o
 .ARM.attributes
                0x000002ed       0x2d build/stm32f1xx_hal_tim_ex.o
 .ARM.attributes
                0x0000031a       0x2d build/stm32f1xx_hal_pcd.o
 .ARM.attributes
                0x00000347       0x2d build/stm32f1xx_ll_usb.o
 .ARM.attributes
                0x00000374       0x2d build/system_stm32f1xx.o
 .ARM.attributes
                0x000003a1       0x2d build/list.o
 .ARM.attributes
                0x000003ce       0x2d build/queue.o
 .ARM.attributes
                0x000003fb       0x2d build/tasks.o
 .ARM.attributes
                0x00000428       0x2d build/timers.o
 .ARM.attributes
                0x00000455       0x2d build/cmsis_os2.o
 .ARM.attributes
                0x00000482       0x2d build/heap_4.o
 .ARM.attributes
                0x000004af       0x2d build/port.o
 .ARM.attributes
                0x000004dc       0x21 build/startup_stm32f103xb.o
 .ARM.attributes
                0x000004fd       0x2d /nix/store/244x2dv48nan65bmpk2pv3pfl5s5jjn8-gcc-arm-embedded-12.3.rel1/bin/../lib/gcc/arm-none-eabi/12.3.1/../../../../arm-none-eabi/lib/thumb/v7-m/nofp/libc_nano.a(libc_a-init.o)
 .ARM.attributes
                0x0000052a       0x2d /nix/store/244x2dv48nan65bmpk2pv3pfl5s5jjn8-gcc-arm-embedded-12.3.rel1/bin/../lib/gcc/arm-none-eabi/12.3.1/../../../../arm-none-eabi/lib/thumb/v7-m/nofp/libc_nano.a(libc_a-memcpy-stub.o)
 .ARM.attributes
                0x00000557       0x2d /nix/store/244x2dv48nan65bmpk2pv3pfl5s5jjn8-gcc-arm-embedded-12.3.rel1/bin/../lib/gcc/arm-none-eabi/12.3.1/../../../../arm-none-eabi/lib/thumb/v7-m/nofp/libc_nano.a(libc_a-memset.o)
 .ARM.attributes
                0x00000584       0x2d /nix/store/244x2dv48nan65bmpk2pv3pfl5s5jjn8-gcc-arm-embedded-12.3.rel1/bin/../lib/gcc/arm-none-eabi/12.3.1/thumb/v7-m/nofp/crtend.o
 .ARM.attributes
                0x000005b1       0x1d /nix/store/244x2dv48nan65bmpk2pv3pfl5s5jjn8-gcc-arm-embedded-12.3.rel1/bin/../lib/gcc/arm-none-eabi/12.3.1/thumb/v7-m/nofp/crtn.o
OUTPUT(build/cube.elf elf32-littlearm)
LOAD linker stubs
LOAD /nix/store/244x2dv48nan65bmpk2pv3pfl5s5jjn8-gcc-arm-embedded-12.3.rel1/bin/../lib/gcc/arm-none-eabi/12.3.1/../../../../arm-none-eabi/lib/thumb/v7-m/nofp/libc.a
LOAD /nix/store/244x2dv48nan65bmpk2pv3pfl5s5jjn8-gcc-arm-embedded-12.3.rel1/bin/../lib/gcc/arm-none-eabi/12.3.1/../../../../arm-none-eabi/lib/thumb/v7-m/nofp/libm.a
LOAD /nix/store/244x2dv48nan65bmpk2pv3pfl5s5jjn8-gcc-arm-embedded-12.3.rel1/bin/../lib/gcc/arm-none-eabi/12.3.1/thumb/v7-m/nofp/libgcc.a

.debug_info     0x00000000    0x21731
 .debug_info    0x00000000      0xb32 build/main.o
 .debug_info    0x00000b32      0x1b6 build/gpio.o
 .debug_info    0x00000ce8      0x491 build/freertos.o
 .debug_info    0x00001179      0xa7b build/i2c.o
 .debug_info    0x00001bf4      0x7dd build/usb.o
 .debug_info    0x000023d1      0x75b build/stm32f1xx_it.o
 .debug_info    0x00002b2c      0x3c9 build/stm32f1xx_hal_msp.o
 .debug_info    0x00002ef5      0xb3f build/stm32f1xx_hal_timebase_tim.o
 .debug_info    0x00003a34      0x880 build/stm32f1xx_hal.o
 .debug_info    0x000042b4      0xb10 build/stm32f1xx_hal_rcc.o
 .debug_info    0x00004dc4      0x47d build/stm32f1xx_hal_rcc_ex.o
 .debug_info    0x00005241      0x6d7 build/stm32f1xx_hal_gpio.o
 .debug_info    0x00005918      0xe13 build/stm32f1xx_hal_cortex.o
 .debug_info    0x0000672b     0x3cd2 build/stm32f1xx_hal_i2c.o
 .debug_info    0x0000a3fd     0x40a9 build/stm32f1xx_hal_tim.o
 .debug_info    0x0000e4a6     0x1d2b build/stm32f1xx_hal_tim_ex.o
 .debug_info    0x000101d1     0x1f56 build/stm32f1xx_hal_pcd.o
 .debug_info    0x00012127     0x1d27 build/stm32f1xx_ll_usb.o
 .debug_info    0x00013e4e      0x26e build/system_stm32f1xx.o
 .debug_info    0x000140bc      0x309 build/list.o
 .debug_info    0x000143c5     0x2927 build/queue.o
 .debug_info    0x00016cec     0x320f build/tasks.o
 .debug_info    0x00019efb     0x1bca build/timers.o
 .debug_info    0x0001bac5     0x5246 build/cmsis_os2.o
 .debug_info    0x00020d0b      0x493 build/heap_4.o
 .debug_info    0x0002119e      0x563 build/port.o
 .debug_info    0x00021701       0x30 build/startup_stm32f103xb.o

.debug_abbrev   0x00000000     0x408c
 .debug_abbrev  0x00000000      0x261 build/main.o
 .debug_abbrev  0x00000261       0xc1 build/gpio.o
 .debug_abbrev  0x00000322      0x148 build/freertos.o
 .debug_abbrev  0x0000046a      0x1f6 build/i2c.o
 .debug_abbrev  0x00000660      0x1f4 build/usb.o
 .debug_abbrev  0x00000854      0x17d build/stm32f1xx_it.o
 .debug_abbrev  0x000009d1      0x136 build/stm32f1xx_hal_msp.o
 .debug_abbrev  0x00000b07      0x22d build/stm32f1xx_hal_timebase_tim.o
 .debug_abbrev  0x00000d34      0x232 build/stm32f1xx_hal.o
 .debug_abbrev  0x00000f66      0x2d6 build/stm32f1xx_hal_rcc.o
 .debug_abbrev  0x0000123c      0x1d4 build/stm32f1xx_hal_rcc_ex.o
 .debug_abbrev  0x00001410      0x222 build/stm32f1xx_hal_gpio.o
 .debug_abbrev  0x00001632      0x3aa build/stm32f1xx_hal_cortex.o
 .debug_abbrev  0x000019dc      0x31e build/stm32f1xx_hal_i2c.o
 .debug_abbrev  0x00001cfa      0x2bd build/stm32f1xx_hal_tim.o
 .debug_abbrev  0x00001fb7      0x2b7 build/stm32f1xx_hal_tim_ex.o
 .debug_abbrev  0x0000226e      0x32d build/stm32f1xx_hal_pcd.o
 .debug_abbrev  0x0000259b      0x262 build/stm32f1xx_ll_usb.o
 .debug_abbrev  0x000027fd      0x140 build/system_stm32f1xx.o
 .debug_abbrev  0x0000293d      0x124 build/list.o
 .debug_abbrev  0x00002a61      0x454 build/queue.o
 .debug_abbrev  0x00002eb5      0x400 build/tasks.o
 .debug_abbrev  0x000032b5      0x3cb build/timers.o
 .debug_abbrev  0x00003680      0x4c6 build/cmsis_os2.o
 .debug_abbrev  0x00003b46      0x267 build/heap_4.o
 .debug_abbrev  0x00003dad      0x2c2 build/port.o
 .debug_abbrev  0x0000406f       0x1d build/startup_stm32f103xb.o

.debug_loc      0x00000000    0x1e458
 .debug_loc     0x00000000       0xc8 build/main.o
 .debug_loc     0x000000c8       0x2c build/gpio.o
 .debug_loc     0x000000f4       0xaa build/freertos.o
 .debug_loc     0x0000019e      0x162 build/i2c.o
 .debug_loc     0x00000300       0x4c build/usb.o
 .debug_loc     0x0000034c       0x20 build/stm32f1xx_it.o
 .debug_loc     0x0000036c       0x4d build/stm32f1xx_hal_msp.o
 .debug_loc     0x000003b9      0x107 build/stm32f1xx_hal_timebase_tim.o
 .debug_loc     0x000004c0      0x1e1 build/stm32f1xx_hal.o
 .debug_loc     0x000006a1      0x790 build/stm32f1xx_hal_rcc.o
 .debug_loc     0x00000e31      0x495 build/stm32f1xx_hal_rcc_ex.o
 .debug_loc     0x000012c6      0x53c build/stm32f1xx_hal_gpio.o
 .debug_loc     0x00001802      0x782 build/stm32f1xx_hal_cortex.o
 .debug_loc     0x00001f84     0x4df9 build/stm32f1xx_hal_i2c.o
 .debug_loc     0x00006d7d     0x5cca build/stm32f1xx_hal_tim.o
 .debug_loc     0x0000ca47     0x2117 build/stm32f1xx_hal_tim_ex.o
 .debug_loc     0x0000eb5e     0x18cc build/stm32f1xx_hal_pcd.o
 .debug_loc     0x0001042a     0x1a41 build/stm32f1xx_ll_usb.o
 .debug_loc     0x00011e6b       0xff build/system_stm32f1xx.o
 .debug_loc     0x00011f6a       0xe5 build/list.o
 .debug_loc     0x0001204f     0x1e5d build/queue.o
 .debug_loc     0x00013eac     0x2919 build/tasks.o
 .debug_loc     0x000167c5     0x134d build/timers.o
 .debug_loc     0x00017b12     0x63ed build/cmsis_os2.o
 .debug_loc     0x0001deff      0x3ed build/heap_4.o
 .debug_loc     0x0001e2ec      0x16c build/port.o

.debug_aranges  0x00000000     0x1610
 .debug_aranges
                0x00000000       0x38 build/main.o
 .debug_aranges
                0x00000038       0x20 build/gpio.o
 .debug_aranges
                0x00000058       0x30 build/freertos.o
 .debug_aranges
                0x00000088       0x38 build/i2c.o
 .debug_aranges
                0x000000c0       0x30 build/usb.o
 .debug_aranges
                0x000000f0       0x50 build/stm32f1xx_it.o
 .debug_aranges
                0x00000140       0x20 build/stm32f1xx_hal_msp.o
 .debug_aranges
                0x00000160       0x30 build/stm32f1xx_hal_timebase_tim.o
 .debug_aranges
                0x00000190       0xe0 build/stm32f1xx_hal.o
 .debug_aranges
                0x00000270       0x90 build/stm32f1xx_hal_rcc.o
 .debug_aranges
                0x00000300       0x30 build/stm32f1xx_hal_rcc_ex.o
 .debug_aranges
                0x00000330       0x58 build/stm32f1xx_hal_gpio.o
 .debug_aranges
                0x00000388       0xc0 build/stm32f1xx_hal_cortex.o
 .debug_aranges
                0x00000448      0x2a8 build/stm32f1xx_hal_i2c.o
 .debug_aranges
                0x000006f0      0x3d0 build/stm32f1xx_hal_tim.o
 .debug_aranges
                0x00000ac0      0x168 build/stm32f1xx_hal_tim_ex.o
 .debug_aranges
                0x00000c28      0x140 build/stm32f1xx_hal_pcd.o
 .debug_aranges
                0x00000d68       0xf8 build/stm32f1xx_ll_usb.o
 .debug_aranges
                0x00000e60       0x28 build/system_stm32f1xx.o
 .debug_aranges
                0x00000e88       0x40 build/list.o
 .debug_aranges
                0x00000ec8      0x158 build/queue.o
 .debug_aranges
                0x00001020      0x1f8 build/tasks.o
 .debug_aranges
                0x00001218       0xe0 build/timers.o
 .debug_aranges
                0x000012f8      0x228 build/cmsis_os2.o
 .debug_aranges
                0x00001520       0x50 build/heap_4.o
 .debug_aranges
                0x00001570       0x78 build/port.o
 .debug_aranges
                0x000015e8       0x28 build/startup_stm32f103xb.o

.debug_ranges   0x00000000     0x19d8
 .debug_ranges  0x00000000       0x28 build/main.o
 .debug_ranges  0x00000028       0x10 build/gpio.o
 .debug_ranges  0x00000038       0x20 build/freertos.o
 .debug_ranges  0x00000058       0x28 build/i2c.o
 .debug_ranges  0x00000080       0x20 build/usb.o
 .debug_ranges  0x000000a0       0x40 build/stm32f1xx_it.o
 .debug_ranges  0x000000e0       0x10 build/stm32f1xx_hal_msp.o
 .debug_ranges  0x000000f0       0x20 build/stm32f1xx_hal_timebase_tim.o
 .debug_ranges  0x00000110       0xd0 build/stm32f1xx_hal.o
 .debug_ranges  0x000001e0       0xa0 build/stm32f1xx_hal_rcc.o
 .debug_ranges  0x00000280       0x38 build/stm32f1xx_hal_rcc_ex.o
 .debug_ranges  0x000002b8       0x48 build/stm32f1xx_hal_gpio.o
 .debug_ranges  0x00000300       0xb0 build/stm32f1xx_hal_cortex.o
 .debug_ranges  0x000003b0      0x2b0 build/stm32f1xx_hal_i2c.o
 .debug_ranges  0x00000660      0x3c0 build/stm32f1xx_hal_tim.o
 .debug_ranges  0x00000a20      0x158 build/stm32f1xx_hal_tim_ex.o
 .debug_ranges  0x00000b78      0x210 build/stm32f1xx_hal_pcd.o
 .debug_ranges  0x00000d88      0x320 build/stm32f1xx_ll_usb.o
 .debug_ranges  0x000010a8       0x18 build/system_stm32f1xx.o
 .debug_ranges  0x000010c0       0x30 build/list.o
 .debug_ranges  0x000010f0      0x218 build/queue.o
 .debug_ranges  0x00001308      0x320 build/tasks.o
 .debug_ranges  0x00001628       0xd0 build/timers.o
 .debug_ranges  0x000016f8      0x218 build/cmsis_os2.o
 .debug_ranges  0x00001910       0x40 build/heap_4.o
 .debug_ranges  0x00001950       0x68 build/port.o
 .debug_ranges  0x000019b8       0x20 build/startup_stm32f103xb.o

.debug_line     0x00000000    0x1bee1
 .debug_line    0x00000000      0x3e7 build/main.o
 .debug_line    0x000003e7      0x17b build/gpio.o
 .debug_line    0x00000562      0x1e2 build/freertos.o
 .debug_line    0x00000744      0x3a5 build/i2c.o
 .debug_line    0x00000ae9      0x28f build/usb.o
 .debug_line    0x00000d78      0x2a7 build/stm32f1xx_it.o
 .debug_line    0x0000101f      0x1c4 build/stm32f1xx_hal_msp.o
 .debug_line    0x000011e3      0x2f6 build/stm32f1xx_hal_timebase_tim.o
 .debug_line    0x000014d9      0x53a build/stm32f1xx_hal.o
 .debug_line    0x00001a13      0xc22 build/stm32f1xx_hal_rcc.o
 .debug_line    0x00002635      0x497 build/stm32f1xx_hal_rcc_ex.o
 .debug_line    0x00002acc      0x5b7 build/stm32f1xx_hal_gpio.o
 .debug_line    0x00003083      0x6dd build/stm32f1xx_hal_cortex.o
 .debug_line    0x00003760     0x563e build/stm32f1xx_hal_i2c.o
 .debug_line    0x00008d9e     0x4913 build/stm32f1xx_hal_tim.o
 .debug_line    0x0000d6b1     0x1c5e build/stm32f1xx_hal_tim_ex.o
 .debug_line    0x0000f30f     0x19f6 build/stm32f1xx_hal_pcd.o
 .debug_line    0x00010d05     0x1956 build/stm32f1xx_ll_usb.o
 .debug_line    0x0001265b      0x252 build/system_stm32f1xx.o
 .debug_line    0x000128ad      0x380 build/list.o
 .debug_line    0x00012c2d     0x1f86 build/queue.o
 .debug_line    0x00014bb3     0x2ac9 build/tasks.o
 .debug_line    0x0001767c      0xdb6 build/timers.o
 .debug_line    0x00018432     0x2dbe build/cmsis_os2.o
 .debug_line    0x0001b1f0      0x67d build/heap_4.o
 .debug_line    0x0001b86d      0x600 build/port.o
 .debug_line    0x0001be6d       0x74 build/startup_stm32f103xb.o

.debug_str      0x00000000     0x71b4
 .debug_str     0x00000000      0x8ad build/main.o
                                0x972 (size before relaxing)
 .debug_str     0x000008ad       0x56 build/gpio.o
                                0x1b1 (size before relaxing)
 .debug_str     0x00000903      0x4ee build/freertos.o
                                0x6c6 (size before relaxing)
 .debug_str     0x00000df1      0x337 build/i2c.o
                                0x725 (size before relaxing)
 .debug_str     0x00001128      0x35e build/usb.o
                                0x5be (size before relaxing)
 .debug_str     0x00001486       0xa9 build/stm32f1xx_it.o
                                0x6ab (size before relaxing)
 .debug_str     0x0000152f      0x341 build/stm32f1xx_hal_msp.o
                                0x4df (size before relaxing)
 .debug_str     0x00001870      0x101 build/stm32f1xx_hal_timebase_tim.o
                                0xad8 (size before relaxing)
 .debug_str     0x00001971      0x2c5 build/stm32f1xx_hal.o
                                0x7fa (size before relaxing)
 .debug_str     0x00001c36      0x1c8 build/stm32f1xx_hal_rcc.o
                                0x5f7 (size before relaxing)
 .debug_str     0x00001dfe       0x9c build/stm32f1xx_hal_rcc_ex.o
                                0x39f (size before relaxing)
 .debug_str     0x00001e9a      0x145 build/stm32f1xx_hal_gpio.o
                                0x3cc (size before relaxing)
 .debug_str     0x00001fdf      0x374 build/stm32f1xx_hal_cortex.o
                                0x89f (size before relaxing)
 .debug_str     0x00002353      0x8af build/stm32f1xx_hal_i2c.o
                                0xf91 (size before relaxing)
 .debug_str     0x00002c02      0xedf build/stm32f1xx_hal_tim.o
                               0x1641 (size before relaxing)
 .debug_str     0x00003ae1      0x55b build/stm32f1xx_hal_tim_ex.o
                                0xe5d (size before relaxing)
 .debug_str     0x0000403c      0x58c build/stm32f1xx_hal_pcd.o
                                0xae4 (size before relaxing)
 .debug_str     0x000045c8      0x12b build/stm32f1xx_ll_usb.o
                                0x6e6 (size before relaxing)
 .debug_str     0x000046f3       0x4f build/system_stm32f1xx.o
                                0x220 (size before relaxing)
 .debug_str     0x00004742      0x14d build/list.o
                                0x2c1 (size before relaxing)
 .debug_str     0x0000488f      0x9b7 build/queue.o
                                0xc4c (size before relaxing)
 .debug_str     0x00005246      0xc37 build/tasks.o
                               0x123b (size before relaxing)
 .debug_str     0x00005e7d      0x5a9 build/timers.o
                                0xbc1 (size before relaxing)
 .debug_str     0x00006426      0xa0a build/cmsis_os2.o
                               0x191d (size before relaxing)
 .debug_str     0x00006e30      0x1d5 build/heap_4.o
                                0x3b5 (size before relaxing)
 .debug_str     0x00007005      0x17d build/port.o
                                0x42d (size before relaxing)
 .debug_str     0x00007182       0x32 build/startup_stm32f103xb.o
                                 0x57 (size before relaxing)

.comment        0x00000000       0x45
 .comment       0x00000000       0x45 build/main.o
                                 0x46 (size before relaxing)
 .comment       0x00000045       0x46 build/gpio.o
 .comment       0x00000045       0x46 build/freertos.o
 .comment       0x00000045       0x46 build/i2c.o
 .comment       0x00000045       0x46 build/usb.o
 .comment       0x00000045       0x46 build/stm32f1xx_it.o
 .comment       0x00000045       0x46 build/stm32f1xx_hal_msp.o
 .comment       0x00000045       0x46 build/stm32f1xx_hal_timebase_tim.o
 .comment       0x00000045       0x46 build/stm32f1xx_hal.o
 .comment       0x00000045       0x46 build/stm32f1xx_hal_rcc.o
 .comment       0x00000045       0x46 build/stm32f1xx_hal_rcc_ex.o
 .comment       0x00000045       0x46 build/stm32f1xx_hal_gpio.o
 .comment       0x00000045       0x46 build/stm32f1xx_hal_cortex.o
 .comment       0x00000045       0x46 build/stm32f1xx_hal_i2c.o
 .comment       0x00000045       0x46 build/stm32f1xx_hal_tim.o
 .comment       0x00000045       0x46 build/stm32f1xx_hal_tim_ex.o
 .comment       0x00000045       0x46 build/stm32f1xx_hal_pcd.o
 .comment       0x00000045       0x46 build/stm32f1xx_ll_usb.o
 .comment       0x00000045       0x46 build/system_stm32f1xx.o
 .comment       0x00000045       0x46 build/list.o
 .comment       0x00000045       0x46 build/queue.o
 .comment       0x00000045       0x46 build/tasks.o
 .comment       0x00000045       0x46 build/timers.o
 .comment       0x00000045       0x46 build/cmsis_os2.o
 .comment       0x00000045       0x46 build/heap_4.o
 .comment       0x00000045       0x46 build/port.o

.debug_frame    0x00000000     0x3ec4
 .debug_frame   0x00000000       0x70 build/main.o
 .debug_frame   0x00000070       0x28 build/gpio.o
 .debug_frame   0x00000098       0x58 build/freertos.o
 .debug_frame   0x000000f0       0x78 build/i2c.o
 .debug_frame   0x00000168       0x50 build/usb.o
 .debug_frame   0x000001b8       0x88 build/stm32f1xx_it.o
 .debug_frame   0x00000240       0x2c build/stm32f1xx_hal_msp.o
 .debug_frame   0x0000026c       0x54 build/stm32f1xx_hal_timebase_tim.o
 .debug_frame   0x000002c0      0x1cc build/stm32f1xx_hal.o
 .debug_frame   0x0000048c      0x184 build/stm32f1xx_hal_rcc.o
 .debug_frame   0x00000610       0x5c build/stm32f1xx_hal_rcc_ex.o
 .debug_frame   0x0000066c       0xe4 build/stm32f1xx_hal_gpio.o
 .debug_frame   0x00000750      0x19c build/stm32f1xx_hal_cortex.o
 .debug_frame   0x000008ec      0x984 build/stm32f1xx_hal_i2c.o
 .debug_frame   0x00001270      0xb14 build/stm32f1xx_hal_tim.o
 .debug_frame   0x00001d84      0x40c build/stm32f1xx_hal_tim_ex.o
 .debug_frame   0x00002190      0x360 build/stm32f1xx_hal_pcd.o
 .debug_frame   0x000024f0      0x200 build/stm32f1xx_ll_usb.o
 .debug_frame   0x000026f0       0x30 build/system_stm32f1xx.o
 .debug_frame   0x00002720       0x70 build/list.o
 .debug_frame   0x00002790      0x458 build/queue.o
 .debug_frame   0x00002be8      0x65c build/tasks.o
 .debug_frame   0x00003244      0x2c4 build/timers.o
 .debug_frame   0x00003508      0x7a8 build/cmsis_os2.o
 .debug_frame   0x00003cb0       0xb0 build/heap_4.o
 .debug_frame   0x00003d60       0xf0 build/port.o
 .debug_frame   0x00003e50       0x2c /nix/store/244x2dv48nan65bmpk2pv3pfl5s5jjn8-gcc-arm-embedded-12.3.rel1/bin/../lib/gcc/arm-none-eabi/12.3.1/../../../../arm-none-eabi/lib/thumb/v7-m/nofp/libc_nano.a(libc_a-init.o)
 .debug_frame   0x00003e7c       0x28 /nix/store/244x2dv48nan65bmpk2pv3pfl5s5jjn8-gcc-arm-embedded-12.3.rel1/bin/../lib/gcc/arm-none-eabi/12.3.1/../../../../arm-none-eabi/lib/thumb/v7-m/nofp/libc_nano.a(libc_a-memcpy-stub.o)
 .debug_frame   0x00003ea4       0x20 /nix/store/244x2dv48nan65bmpk2pv3pfl5s5jjn8-gcc-arm-embedded-12.3.rel1/bin/../lib/gcc/arm-none-eabi/12.3.1/../../../../arm-none-eabi/lib/thumb/v7-m/nofp/libc_nano.a(libc_a-memset.o)

Cross Reference Table

Symbol                                            File
ADC1_2_IRQHandler                                 build/startup_stm32f103xb.o
AHBPrescTable                                     build/system_stm32f1xx.o
                                                  build/stm32f1xx_hal_rcc.o
APBPrescTable                                     build/system_stm32f1xx.o
                                                  build/stm32f1xx_hal_rcc.o
BusFault_Handler                                  build/stm32f1xx_it.o
CAN1_RX1_IRQHandler                               build/startup_stm32f103xb.o
CAN1_SCE_IRQHandler                               build/startup_stm32f103xb.o
DMA1_Channel1_IRQHandler                          build/startup_stm32f103xb.o
DMA1_Channel2_IRQHandler                          build/startup_stm32f103xb.o
DMA1_Channel3_IRQHandler                          build/startup_stm32f103xb.o
DMA1_Channel4_IRQHandler                          build/startup_stm32f103xb.o
DMA1_Channel5_IRQHandler                          build/startup_stm32f103xb.o
DMA1_Channel6_IRQHandler                          build/startup_stm32f103xb.o
DMA1_Channel7_IRQHandler                          build/startup_stm32f103xb.o
DebugMon_Handler                                  build/stm32f1xx_it.o
Default_Handler                                   build/startup_stm32f103xb.o
EXTI0_IRQHandler                                  build/startup_stm32f103xb.o
EXTI15_10_IRQHandler                              build/startup_stm32f103xb.o
EXTI1_IRQHandler                                  build/startup_stm32f103xb.o
EXTI2_IRQHandler                                  build/startup_stm32f103xb.o
EXTI3_IRQHandler                                  build/startup_stm32f103xb.o
EXTI4_IRQHandler                                  build/startup_stm32f103xb.o
EXTI9_5_IRQHandler                                build/startup_stm32f103xb.o
Error_Handler                                     build/main.o
                                                  build/usb.o
                                                  build/i2c.o
FLASH_IRQHandler                                  build/startup_stm32f103xb.o
FLASH_PageErase                                   build/stm32f1xx_hal_flash_ex.o
                                                  build/stm32f1xx_hal_flash.o
FLASH_WaitForLastOperation                        build/stm32f1xx_hal_flash.o
                                                  build/stm32f1xx_hal_flash_ex.o
HAL_DBGMCU_DisableDBGSleepMode                    build/stm32f1xx_hal.o
HAL_DBGMCU_DisableDBGStandbyMode                  build/stm32f1xx_hal.o
HAL_DBGMCU_DisableDBGStopMode                     build/stm32f1xx_hal.o
HAL_DBGMCU_EnableDBGSleepMode                     build/stm32f1xx_hal.o
HAL_DBGMCU_EnableDBGStandbyMode                   build/stm32f1xx_hal.o
HAL_DBGMCU_EnableDBGStopMode                      build/stm32f1xx_hal.o
HAL_DMA_Abort                                     build/stm32f1xx_hal_dma.o
HAL_DMA_Abort_IT                                  build/stm32f1xx_hal_dma.o
                                                  build/stm32f1xx_hal_tim_ex.o
                                                  build/stm32f1xx_hal_tim.o
                                                  build/stm32f1xx_hal_i2c.o
HAL_DMA_DeInit                                    build/stm32f1xx_hal_dma.o
HAL_DMA_GetError                                  build/stm32f1xx_hal_dma.o
HAL_DMA_GetState                                  build/stm32f1xx_hal_dma.o
                                                  build/stm32f1xx_hal_i2c.o
HAL_DMA_IRQHandler                                build/stm32f1xx_hal_dma.o
HAL_DMA_Init                                      build/stm32f1xx_hal_dma.o
HAL_DMA_PollForTransfer                           build/stm32f1xx_hal_dma.o
HAL_DMA_RegisterCallback                          build/stm32f1xx_hal_dma.o
HAL_DMA_Start                                     build/stm32f1xx_hal_dma.o
HAL_DMA_Start_IT                                  build/stm32f1xx_hal_dma.o
                                                  build/stm32f1xx_hal_tim_ex.o
                                                  build/stm32f1xx_hal_tim.o
                                                  build/stm32f1xx_hal_i2c.o
HAL_DMA_UnRegisterCallback                        build/stm32f1xx_hal_dma.o
HAL_DeInit                                        build/stm32f1xx_hal.o
HAL_Delay                                         build/stm32f1xx_hal.o
HAL_EXTI_ClearConfigLine                          build/stm32f1xx_hal_exti.o
HAL_EXTI_ClearPending                             build/stm32f1xx_hal_exti.o
HAL_EXTI_GenerateSWI                              build/stm32f1xx_hal_exti.o
HAL_EXTI_GetConfigLine                            build/stm32f1xx_hal_exti.o
HAL_EXTI_GetHandle                                build/stm32f1xx_hal_exti.o
HAL_EXTI_GetPending                               build/stm32f1xx_hal_exti.o
HAL_EXTI_IRQHandler                               build/stm32f1xx_hal_exti.o
HAL_EXTI_RegisterCallback                         build/stm32f1xx_hal_exti.o
HAL_EXTI_SetConfigLine                            build/stm32f1xx_hal_exti.o
HAL_FLASHEx_Erase                                 build/stm32f1xx_hal_flash_ex.o
HAL_FLASHEx_Erase_IT                              build/stm32f1xx_hal_flash_ex.o
HAL_FLASHEx_OBErase                               build/stm32f1xx_hal_flash_ex.o
HAL_FLASHEx_OBGetConfig                           build/stm32f1xx_hal_flash_ex.o
HAL_FLASHEx_OBGetUserData                         build/stm32f1xx_hal_flash_ex.o
HAL_FLASHEx_OBProgram                             build/stm32f1xx_hal_flash_ex.o
HAL_FLASH_EndOfOperationCallback                  build/stm32f1xx_hal_flash.o
HAL_FLASH_GetError                                build/stm32f1xx_hal_flash.o
HAL_FLASH_IRQHandler                              build/stm32f1xx_hal_flash.o
HAL_FLASH_Lock                                    build/stm32f1xx_hal_flash.o
HAL_FLASH_OB_Launch                               build/stm32f1xx_hal_flash.o
HAL_FLASH_OB_Lock                                 build/stm32f1xx_hal_flash.o
HAL_FLASH_OB_Unlock                               build/stm32f1xx_hal_flash.o
HAL_FLASH_OperationErrorCallback                  build/stm32f1xx_hal_flash.o
HAL_FLASH_Program                                 build/stm32f1xx_hal_flash.o
HAL_FLASH_Program_IT                              build/stm32f1xx_hal_flash.o
HAL_FLASH_Unlock                                  build/stm32f1xx_hal_flash.o
HAL_GPIOEx_ConfigEventout                         build/stm32f1xx_hal_gpio_ex.o
HAL_GPIOEx_DisableEventout                        build/stm32f1xx_hal_gpio_ex.o
HAL_GPIOEx_EnableEventout                         build/stm32f1xx_hal_gpio_ex.o
HAL_GPIO_DeInit                                   build/stm32f1xx_hal_gpio.o
                                                  build/i2c.o
HAL_GPIO_EXTI_Callback                            build/stm32f1xx_hal_gpio.o
HAL_GPIO_EXTI_IRQHandler                          build/stm32f1xx_hal_gpio.o
HAL_GPIO_Init                                     build/stm32f1xx_hal_gpio.o
                                                  build/stm32f1xx_hal_rcc.o
                                                  build/i2c.o
HAL_GPIO_LockPin                                  build/stm32f1xx_hal_gpio.o
HAL_GPIO_ReadPin                                  build/stm32f1xx_hal_gpio.o
HAL_GPIO_TogglePin                                build/stm32f1xx_hal_gpio.o
HAL_GPIO_WritePin                                 build/stm32f1xx_hal_gpio.o
HAL_GetDEVID                                      build/stm32f1xx_hal.o
HAL_GetHalVersion                                 build/stm32f1xx_hal.o
HAL_GetREVID                                      build/stm32f1xx_hal.o
HAL_GetTick                                       build/stm32f1xx_hal.o
                                                  build/stm32f1xx_hal_i2c.o
                                                  build/stm32f1xx_hal_flash.o
                                                  build/stm32f1xx_hal_dma.o
                                                  build/stm32f1xx_hal_rcc_ex.o
                                                  build/stm32f1xx_hal_rcc.o
HAL_GetTickFreq                                   build/stm32f1xx_hal.o
HAL_GetTickPrio                                   build/stm32f1xx_hal.o
HAL_GetUIDw0                                      build/stm32f1xx_hal.o
HAL_GetUIDw1                                      build/stm32f1xx_hal.o
HAL_GetUIDw2                                      build/stm32f1xx_hal.o
HAL_I2C_AbortCpltCallback                         build/stm32f1xx_hal_i2c.o
HAL_I2C_AddrCallback                              build/stm32f1xx_hal_i2c.o
HAL_I2C_DeInit                                    build/stm32f1xx_hal_i2c.o
HAL_I2C_DisableListen_IT                          build/stm32f1xx_hal_i2c.o
HAL_I2C_ER_IRQHandler                             build/stm32f1xx_hal_i2c.o
HAL_I2C_EV_IRQHandler                             build/stm32f1xx_hal_i2c.o
HAL_I2C_EnableListen_IT                           build/stm32f1xx_hal_i2c.o
HAL_I2C_ErrorCallback                             build/stm32f1xx_hal_i2c.o
HAL_I2C_GetError                                  build/stm32f1xx_hal_i2c.o
HAL_I2C_GetMode                                   build/stm32f1xx_hal_i2c.o
HAL_I2C_GetState                                  build/stm32f1xx_hal_i2c.o
HAL_I2C_Init                                      build/stm32f1xx_hal_i2c.o
                                                  build/i2c.o
HAL_I2C_IsDeviceReady                             build/stm32f1xx_hal_i2c.o
HAL_I2C_ListenCpltCallback                        build/stm32f1xx_hal_i2c.o
HAL_I2C_MasterRxCpltCallback                      build/stm32f1xx_hal_i2c.o
HAL_I2C_MasterTxCpltCallback                      build/stm32f1xx_hal_i2c.o
HAL_I2C_Master_Abort_IT                           build/stm32f1xx_hal_i2c.o
HAL_I2C_Master_Receive                            build/stm32f1xx_hal_i2c.o
HAL_I2C_Master_Receive_DMA                        build/stm32f1xx_hal_i2c.o
HAL_I2C_Master_Receive_IT                         build/stm32f1xx_hal_i2c.o
HAL_I2C_Master_Seq_Receive_DMA                    build/stm32f1xx_hal_i2c.o
HAL_I2C_Master_Seq_Receive_IT                     build/stm32f1xx_hal_i2c.o
HAL_I2C_Master_Seq_Transmit_DMA                   build/stm32f1xx_hal_i2c.o
HAL_I2C_Master_Seq_Transmit_IT                    build/stm32f1xx_hal_i2c.o
HAL_I2C_Master_Transmit                           build/stm32f1xx_hal_i2c.o
HAL_I2C_Master_Transmit_DMA                       build/stm32f1xx_hal_i2c.o
HAL_I2C_Master_Transmit_IT                        build/stm32f1xx_hal_i2c.o
HAL_I2C_MemRxCpltCallback                         build/stm32f1xx_hal_i2c.o
HAL_I2C_MemTxCpltCallback                         build/stm32f1xx_hal_i2c.o
HAL_I2C_Mem_Read                                  build/stm32f1xx_hal_i2c.o
HAL_I2C_Mem_Read_DMA                              build/stm32f1xx_hal_i2c.o
HAL_I2C_Mem_Read_IT                               build/stm32f1xx_hal_i2c.o
HAL_I2C_Mem_Write                                 build/stm32f1xx_hal_i2c.o
HAL_I2C_Mem_Write_DMA                             build/stm32f1xx_hal_i2c.o
HAL_I2C_Mem_Write_IT                              build/stm32f1xx_hal_i2c.o
HAL_I2C_MspDeInit                                 build/i2c.o
HAL_I2C_MspInit                                   build/i2c.o
HAL_I2C_SlaveRxCpltCallback                       build/stm32f1xx_hal_i2c.o
HAL_I2C_SlaveTxCpltCallback                       build/stm32f1xx_hal_i2c.o
HAL_I2C_Slave_Receive                             build/stm32f1xx_hal_i2c.o
HAL_I2C_Slave_Receive_DMA                         build/stm32f1xx_hal_i2c.o
HAL_I2C_Slave_Receive_IT                          build/stm32f1xx_hal_i2c.o
HAL_I2C_Slave_Seq_Receive_DMA                     build/stm32f1xx_hal_i2c.o
HAL_I2C_Slave_Seq_Receive_IT                      build/stm32f1xx_hal_i2c.o
HAL_I2C_Slave_Seq_Transmit_DMA                    build/stm32f1xx_hal_i2c.o
HAL_I2C_Slave_Seq_Transmit_IT                     build/stm32f1xx_hal_i2c.o
HAL_I2C_Slave_Transmit                            build/stm32f1xx_hal_i2c.o
HAL_I2C_Slave_Transmit_DMA                        build/stm32f1xx_hal_i2c.o
HAL_I2C_Slave_Transmit_IT                         build/stm32f1xx_hal_i2c.o
HAL_IncTick                                       build/stm32f1xx_hal.o
                                                  build/main.o
HAL_Init                                          build/stm32f1xx_hal.o
                                                  build/main.o
HAL_InitTick                                      build/stm32f1xx_hal_timebase_tim.o
                                                  build/stm32f1xx_hal_rcc.o
HAL_MspDeInit                                     build/stm32f1xx_hal.o
HAL_MspInit                                       build/stm32f1xx_hal_msp.o
HAL_NVIC_ClearPendingIRQ                          build/stm32f1xx_hal_cortex.o
HAL_NVIC_DisableIRQ                               build/stm32f1xx_hal_cortex.o
HAL_NVIC_EnableIRQ                                build/stm32f1xx_hal_cortex.o
                                                  build/stm32f1xx_hal_timebase_tim.o
HAL_NVIC_GetActive                                build/stm32f1xx_hal_cortex.o
HAL_NVIC_GetPendingIRQ                            build/stm32f1xx_hal_cortex.o
HAL_NVIC_GetPriority                              build/stm32f1xx_hal_cortex.o
HAL_NVIC_GetPriorityGrouping                      build/stm32f1xx_hal_cortex.o
HAL_NVIC_SetPendingIRQ                            build/stm32f1xx_hal_cortex.o
HAL_NVIC_SetPriority                              build/stm32f1xx_hal_cortex.o
                                                  build/stm32f1xx_hal.o
                                                  build/stm32f1xx_hal_timebase_tim.o
                                                  build/stm32f1xx_hal_msp.o
HAL_NVIC_SetPriorityGrouping                      build/stm32f1xx_hal_cortex.o
                                                  build/stm32f1xx_hal.o
HAL_NVIC_SystemReset                              build/stm32f1xx_hal_cortex.o
                                                  build/stm32f1xx_hal_flash.o
HAL_PCDEx_BCD_Callback                            build/stm32f1xx_hal_pcd_ex.o
HAL_PCDEx_LPM_Callback                            build/stm32f1xx_hal_pcd_ex.o
HAL_PCDEx_PMAConfig                               build/stm32f1xx_hal_pcd_ex.o
HAL_PCDEx_SetConnectionState                      build/stm32f1xx_hal_pcd_ex.o
                                                  build/stm32f1xx_hal_pcd.o
HAL_PCD_ActivateRemoteWakeup                      build/stm32f1xx_hal_pcd.o
HAL_PCD_ConnectCallback                           build/stm32f1xx_hal_pcd.o
HAL_PCD_DataInStageCallback                       build/stm32f1xx_hal_pcd.o
HAL_PCD_DataOutStageCallback                      build/stm32f1xx_hal_pcd.o
HAL_PCD_DeActivateRemoteWakeup                    build/stm32f1xx_hal_pcd.o
HAL_PCD_DeInit                                    build/stm32f1xx_hal_pcd.o
HAL_PCD_DevConnect                                build/stm32f1xx_hal_pcd.o
HAL_PCD_DevDisconnect                             build/stm32f1xx_hal_pcd.o
HAL_PCD_DisconnectCallback                        build/stm32f1xx_hal_pcd.o
HAL_PCD_EP_Abort                                  build/stm32f1xx_hal_pcd.o
HAL_PCD_EP_Close                                  build/stm32f1xx_hal_pcd.o
HAL_PCD_EP_ClrStall                               build/stm32f1xx_hal_pcd.o
HAL_PCD_EP_Flush                                  build/stm32f1xx_hal_pcd.o
HAL_PCD_EP_GetRxCount                             build/stm32f1xx_hal_pcd.o
HAL_PCD_EP_Open                                   build/stm32f1xx_hal_pcd.o
HAL_PCD_EP_Receive                                build/stm32f1xx_hal_pcd.o
HAL_PCD_EP_SetStall                               build/stm32f1xx_hal_pcd.o
HAL_PCD_EP_Transmit                               build/stm32f1xx_hal_pcd.o
HAL_PCD_GetState                                  build/stm32f1xx_hal_pcd.o
HAL_PCD_IRQHandler                                build/stm32f1xx_hal_pcd.o
HAL_PCD_ISOINIncompleteCallback                   build/stm32f1xx_hal_pcd.o
HAL_PCD_ISOOUTIncompleteCallback                  build/stm32f1xx_hal_pcd.o
HAL_PCD_Init                                      build/stm32f1xx_hal_pcd.o
                                                  build/usb.o
HAL_PCD_MspDeInit                                 build/usb.o
HAL_PCD_MspInit                                   build/usb.o
HAL_PCD_ResetCallback                             build/stm32f1xx_hal_pcd.o
HAL_PCD_ResumeCallback                            build/stm32f1xx_hal_pcd.o
HAL_PCD_SOFCallback                               build/stm32f1xx_hal_pcd.o
HAL_PCD_SetAddress                                build/stm32f1xx_hal_pcd.o
HAL_PCD_SetupStageCallback                        build/stm32f1xx_hal_pcd.o
HAL_PCD_Start                                     build/stm32f1xx_hal_pcd.o
HAL_PCD_Stop                                      build/stm32f1xx_hal_pcd.o
HAL_PCD_SuspendCallback                           build/stm32f1xx_hal_pcd.o
HAL_PCD_WKUP_IRQHandler                           build/stm32f1xx_hal_pcd.o
HAL_PWR_ConfigPVD                                 build/stm32f1xx_hal_pwr.o
HAL_PWR_DeInit                                    build/stm32f1xx_hal_pwr.o
HAL_PWR_DisableBkUpAccess                         build/stm32f1xx_hal_pwr.o
HAL_PWR_DisablePVD                                build/stm32f1xx_hal_pwr.o
HAL_PWR_DisableSEVOnPend                          build/stm32f1xx_hal_pwr.o
HAL_PWR_DisableSleepOnExit                        build/stm32f1xx_hal_pwr.o
HAL_PWR_DisableWakeUpPin                          build/stm32f1xx_hal_pwr.o
HAL_PWR_EnableBkUpAccess                          build/stm32f1xx_hal_pwr.o
HAL_PWR_EnablePVD                                 build/stm32f1xx_hal_pwr.o
HAL_PWR_EnableSEVOnPend                           build/stm32f1xx_hal_pwr.o
HAL_PWR_EnableSleepOnExit                         build/stm32f1xx_hal_pwr.o
HAL_PWR_EnableWakeUpPin                           build/stm32f1xx_hal_pwr.o
HAL_PWR_EnterSLEEPMode                            build/stm32f1xx_hal_pwr.o
HAL_PWR_EnterSTANDBYMode                          build/stm32f1xx_hal_pwr.o
HAL_PWR_EnterSTOPMode                             build/stm32f1xx_hal_pwr.o
HAL_PWR_PVDCallback                               build/stm32f1xx_hal_pwr.o
HAL_PWR_PVD_IRQHandler                            build/stm32f1xx_hal_pwr.o
HAL_RCCEx_GetPeriphCLKConfig                      build/stm32f1xx_hal_rcc_ex.o
HAL_RCCEx_GetPeriphCLKFreq                        build/stm32f1xx_hal_rcc_ex.o
HAL_RCCEx_PeriphCLKConfig                         build/stm32f1xx_hal_rcc_ex.o
                                                  build/main.o
HAL_RCC_CSSCallback                               build/stm32f1xx_hal_rcc.o
HAL_RCC_ClockConfig                               build/stm32f1xx_hal_rcc.o
                                                  build/main.o
HAL_RCC_DeInit                                    build/stm32f1xx_hal_rcc.o
HAL_RCC_DisableCSS                                build/stm32f1xx_hal_rcc.o
HAL_RCC_EnableCSS                                 build/stm32f1xx_hal_rcc.o
HAL_RCC_GetClockConfig                            build/stm32f1xx_hal_rcc.o
                                                  build/stm32f1xx_hal_timebase_tim.o
HAL_RCC_GetHCLKFreq                               build/stm32f1xx_hal_rcc.o
HAL_RCC_GetOscConfig                              build/stm32f1xx_hal_rcc.o
HAL_RCC_GetPCLK1Freq                              build/stm32f1xx_hal_rcc.o
                                                  build/stm32f1xx_hal_i2c.o
HAL_RCC_GetPCLK2Freq                              build/stm32f1xx_hal_rcc.o
                                                  build/stm32f1xx_hal_rcc_ex.o
                                                  build/stm32f1xx_hal_timebase_tim.o
HAL_RCC_GetSysClockFreq                           build/stm32f1xx_hal_rcc.o
HAL_RCC_MCOConfig                                 build/stm32f1xx_hal_rcc.o
HAL_RCC_NMI_IRQHandler                            build/stm32f1xx_hal_rcc.o
HAL_RCC_OscConfig                                 build/stm32f1xx_hal_rcc.o
                                                  build/main.o
HAL_ResumeTick                                    build/stm32f1xx_hal_timebase_tim.o
HAL_SYSTICK_CLKSourceConfig                       build/stm32f1xx_hal_cortex.o
HAL_SYSTICK_Callback                              build/stm32f1xx_hal_cortex.o
HAL_SYSTICK_Config                                build/stm32f1xx_hal_cortex.o
                                                  build/stm32f1xx_hal.o
HAL_SYSTICK_IRQHandler                            build/stm32f1xx_hal_cortex.o
HAL_SetTickFreq                                   build/stm32f1xx_hal.o
HAL_SuspendTick                                   build/stm32f1xx_hal_timebase_tim.o
HAL_TIMEx_BreakCallback                           build/stm32f1xx_hal_tim_ex.o
                                                  build/stm32f1xx_hal_tim.o
HAL_TIMEx_CommutCallback                          build/stm32f1xx_hal_tim_ex.o
                                                  build/stm32f1xx_hal_tim.o
HAL_TIMEx_CommutHalfCpltCallback                  build/stm32f1xx_hal_tim_ex.o
HAL_TIMEx_ConfigBreakDeadTime                     build/stm32f1xx_hal_tim_ex.o
HAL_TIMEx_ConfigCommutEvent                       build/stm32f1xx_hal_tim_ex.o
HAL_TIMEx_ConfigCommutEvent_DMA                   build/stm32f1xx_hal_tim_ex.o
HAL_TIMEx_ConfigCommutEvent_IT                    build/stm32f1xx_hal_tim_ex.o
HAL_TIMEx_GetChannelNState                        build/stm32f1xx_hal_tim_ex.o
HAL_TIMEx_HallSensor_DeInit                       build/stm32f1xx_hal_tim_ex.o
HAL_TIMEx_HallSensor_GetState                     build/stm32f1xx_hal_tim_ex.o
HAL_TIMEx_HallSensor_Init                         build/stm32f1xx_hal_tim_ex.o
HAL_TIMEx_HallSensor_MspDeInit                    build/stm32f1xx_hal_tim_ex.o
HAL_TIMEx_HallSensor_MspInit                      build/stm32f1xx_hal_tim_ex.o
HAL_TIMEx_HallSensor_Start                        build/stm32f1xx_hal_tim_ex.o
HAL_TIMEx_HallSensor_Start_DMA                    build/stm32f1xx_hal_tim_ex.o
HAL_TIMEx_HallSensor_Start_IT                     build/stm32f1xx_hal_tim_ex.o
HAL_TIMEx_HallSensor_Stop                         build/stm32f1xx_hal_tim_ex.o
HAL_TIMEx_HallSensor_Stop_DMA                     build/stm32f1xx_hal_tim_ex.o
HAL_TIMEx_HallSensor_Stop_IT                      build/stm32f1xx_hal_tim_ex.o
HAL_TIMEx_MasterConfigSynchronization             build/stm32f1xx_hal_tim_ex.o
HAL_TIMEx_OCN_Start                               build/stm32f1xx_hal_tim_ex.o
HAL_TIMEx_OCN_Start_DMA                           build/stm32f1xx_hal_tim_ex.o
HAL_TIMEx_OCN_Start_IT                            build/stm32f1xx_hal_tim_ex.o
HAL_TIMEx_OCN_Stop                                build/stm32f1xx_hal_tim_ex.o
HAL_TIMEx_OCN_Stop_DMA                            build/stm32f1xx_hal_tim_ex.o
HAL_TIMEx_OCN_Stop_IT                             build/stm32f1xx_hal_tim_ex.o
HAL_TIMEx_OnePulseN_Start                         build/stm32f1xx_hal_tim_ex.o
HAL_TIMEx_OnePulseN_Start_IT                      build/stm32f1xx_hal_tim_ex.o
HAL_TIMEx_OnePulseN_Stop                          build/stm32f1xx_hal_tim_ex.o
HAL_TIMEx_OnePulseN_Stop_IT                       build/stm32f1xx_hal_tim_ex.o
HAL_TIMEx_PWMN_Start                              build/stm32f1xx_hal_tim_ex.o
HAL_TIMEx_PWMN_Start_DMA                          build/stm32f1xx_hal_tim_ex.o
HAL_TIMEx_PWMN_Start_IT                           build/stm32f1xx_hal_tim_ex.o
HAL_TIMEx_PWMN_Stop                               build/stm32f1xx_hal_tim_ex.o
HAL_TIMEx_PWMN_Stop_DMA                           build/stm32f1xx_hal_tim_ex.o
HAL_TIMEx_PWMN_Stop_IT                            build/stm32f1xx_hal_tim_ex.o
HAL_TIMEx_RemapConfig                             build/stm32f1xx_hal_tim_ex.o
HAL_TIM_Base_DeInit                               build/stm32f1xx_hal_tim.o
HAL_TIM_Base_GetState                             build/stm32f1xx_hal_tim.o
HAL_TIM_Base_Init                                 build/stm32f1xx_hal_tim.o
                                                  build/stm32f1xx_hal_timebase_tim.o
HAL_TIM_Base_MspDeInit                            build/stm32f1xx_hal_tim.o
HAL_TIM_Base_MspInit                              build/stm32f1xx_hal_tim.o
HAL_TIM_Base_Start                                build/stm32f1xx_hal_tim.o
HAL_TIM_Base_Start_DMA                            build/stm32f1xx_hal_tim.o
HAL_TIM_Base_Start_IT                             build/stm32f1xx_hal_tim.o
                                                  build/stm32f1xx_hal_timebase_tim.o
HAL_TIM_Base_Stop                                 build/stm32f1xx_hal_tim.o
HAL_TIM_Base_Stop_DMA                             build/stm32f1xx_hal_tim.o
HAL_TIM_Base_Stop_IT                              build/stm32f1xx_hal_tim.o
HAL_TIM_ConfigClockSource                         build/stm32f1xx_hal_tim.o
HAL_TIM_ConfigOCrefClear                          build/stm32f1xx_hal_tim.o
HAL_TIM_ConfigTI1Input                            build/stm32f1xx_hal_tim.o
HAL_TIM_DMABurstState                             build/stm32f1xx_hal_tim.o
HAL_TIM_DMABurst_MultiReadStart                   build/stm32f1xx_hal_tim.o
HAL_TIM_DMABurst_MultiWriteStart                  build/stm32f1xx_hal_tim.o
HAL_TIM_DMABurst_ReadStart                        build/stm32f1xx_hal_tim.o
HAL_TIM_DMABurst_ReadStop                         build/stm32f1xx_hal_tim.o
HAL_TIM_DMABurst_WriteStart                       build/stm32f1xx_hal_tim.o
HAL_TIM_DMABurst_WriteStop                        build/stm32f1xx_hal_tim.o
HAL_TIM_Encoder_DeInit                            build/stm32f1xx_hal_tim.o
HAL_TIM_Encoder_GetState                          build/stm32f1xx_hal_tim.o
HAL_TIM_Encoder_Init                              build/stm32f1xx_hal_tim.o
HAL_TIM_Encoder_MspDeInit                         build/stm32f1xx_hal_tim.o
HAL_TIM_Encoder_MspInit                           build/stm32f1xx_hal_tim.o
HAL_TIM_Encoder_Start                             build/stm32f1xx_hal_tim.o
HAL_TIM_Encoder_Start_DMA                         build/stm32f1xx_hal_tim.o
HAL_TIM_Encoder_Start_IT                          build/stm32f1xx_hal_tim.o
HAL_TIM_Encoder_Stop                              build/stm32f1xx_hal_tim.o
HAL_TIM_Encoder_Stop_DMA                          build/stm32f1xx_hal_tim.o
HAL_TIM_Encoder_Stop_IT                           build/stm32f1xx_hal_tim.o
HAL_TIM_ErrorCallback                             build/stm32f1xx_hal_tim.o
                                                  build/stm32f1xx_hal_tim_ex.o
HAL_TIM_GenerateEvent                             build/stm32f1xx_hal_tim.o
HAL_TIM_GetActiveChannel                          build/stm32f1xx_hal_tim.o
HAL_TIM_GetChannelState                           build/stm32f1xx_hal_tim.o
HAL_TIM_IC_CaptureCallback                        build/stm32f1xx_hal_tim.o
HAL_TIM_IC_CaptureHalfCpltCallback                build/stm32f1xx_hal_tim.o
HAL_TIM_IC_ConfigChannel                          build/stm32f1xx_hal_tim.o
HAL_TIM_IC_DeInit                                 build/stm32f1xx_hal_tim.o
HAL_TIM_IC_GetState                               build/stm32f1xx_hal_tim.o
HAL_TIM_IC_Init                                   build/stm32f1xx_hal_tim.o
HAL_TIM_IC_MspDeInit                              build/stm32f1xx_hal_tim.o
HAL_TIM_IC_MspInit                                build/stm32f1xx_hal_tim.o
HAL_TIM_IC_Start                                  build/stm32f1xx_hal_tim.o
HAL_TIM_IC_Start_DMA                              build/stm32f1xx_hal_tim.o
HAL_TIM_IC_Start_IT                               build/stm32f1xx_hal_tim.o
HAL_TIM_IC_Stop                                   build/stm32f1xx_hal_tim.o
HAL_TIM_IC_Stop_DMA                               build/stm32f1xx_hal_tim.o
HAL_TIM_IC_Stop_IT                                build/stm32f1xx_hal_tim.o
HAL_TIM_IRQHandler                                build/stm32f1xx_hal_tim.o
                                                  build/stm32f1xx_it.o
HAL_TIM_OC_ConfigChannel                          build/stm32f1xx_hal_tim.o
HAL_TIM_OC_DeInit                                 build/stm32f1xx_hal_tim.o
HAL_TIM_OC_DelayElapsedCallback                   build/stm32f1xx_hal_tim.o
HAL_TIM_OC_GetState                               build/stm32f1xx_hal_tim.o
HAL_TIM_OC_Init                                   build/stm32f1xx_hal_tim.o
HAL_TIM_OC_MspDeInit                              build/stm32f1xx_hal_tim.o
HAL_TIM_OC_MspInit                                build/stm32f1xx_hal_tim.o
HAL_TIM_OC_Start                                  build/stm32f1xx_hal_tim.o
HAL_TIM_OC_Start_DMA                              build/stm32f1xx_hal_tim.o
HAL_TIM_OC_Start_IT                               build/stm32f1xx_hal_tim.o
HAL_TIM_OC_Stop                                   build/stm32f1xx_hal_tim.o
HAL_TIM_OC_Stop_DMA                               build/stm32f1xx_hal_tim.o
HAL_TIM_OC_Stop_IT                                build/stm32f1xx_hal_tim.o
HAL_TIM_OnePulse_ConfigChannel                    build/stm32f1xx_hal_tim.o
HAL_TIM_OnePulse_DeInit                           build/stm32f1xx_hal_tim.o
HAL_TIM_OnePulse_GetState                         build/stm32f1xx_hal_tim.o
HAL_TIM_OnePulse_Init                             build/stm32f1xx_hal_tim.o
HAL_TIM_OnePulse_MspDeInit                        build/stm32f1xx_hal_tim.o
HAL_TIM_OnePulse_MspInit                          build/stm32f1xx_hal_tim.o
HAL_TIM_OnePulse_Start                            build/stm32f1xx_hal_tim.o
HAL_TIM_OnePulse_Start_IT                         build/stm32f1xx_hal_tim.o
HAL_TIM_OnePulse_Stop                             build/stm32f1xx_hal_tim.o
HAL_TIM_OnePulse_Stop_IT                          build/stm32f1xx_hal_tim.o
HAL_TIM_PWM_ConfigChannel                         build/stm32f1xx_hal_tim.o
HAL_TIM_PWM_DeInit                                build/stm32f1xx_hal_tim.o
HAL_TIM_PWM_GetState                              build/stm32f1xx_hal_tim.o
HAL_TIM_PWM_Init                                  build/stm32f1xx_hal_tim.o
HAL_TIM_PWM_MspDeInit                             build/stm32f1xx_hal_tim.o
HAL_TIM_PWM_MspInit                               build/stm32f1xx_hal_tim.o
HAL_TIM_PWM_PulseFinishedCallback                 build/stm32f1xx_hal_tim.o
                                                  build/stm32f1xx_hal_tim_ex.o
HAL_TIM_PWM_PulseFinishedHalfCpltCallback         build/stm32f1xx_hal_tim.o
HAL_TIM_PWM_Start                                 build/stm32f1xx_hal_tim.o
HAL_TIM_PWM_Start_DMA                             build/stm32f1xx_hal_tim.o
HAL_TIM_PWM_Start_IT                              build/stm32f1xx_hal_tim.o
HAL_TIM_PWM_Stop                                  build/stm32f1xx_hal_tim.o
HAL_TIM_PWM_Stop_DMA                              build/stm32f1xx_hal_tim.o
HAL_TIM_PWM_Stop_IT                               build/stm32f1xx_hal_tim.o
HAL_TIM_PeriodElapsedCallback                     build/main.o
HAL_TIM_PeriodElapsedHalfCpltCallback             build/stm32f1xx_hal_tim.o
HAL_TIM_ReadCapturedValue                         build/stm32f1xx_hal_tim.o
HAL_TIM_SlaveConfigSynchro                        build/stm32f1xx_hal_tim.o
HAL_TIM_SlaveConfigSynchro_IT                     build/stm32f1xx_hal_tim.o
HAL_TIM_TriggerCallback                           build/stm32f1xx_hal_tim.o
HAL_TIM_TriggerHalfCpltCallback                   build/stm32f1xx_hal_tim.o
HardFault_Handler                                 build/stm32f1xx_it.o
I2C1_ER_IRQHandler                                build/startup_stm32f103xb.o
I2C1_EV_IRQHandler                                build/startup_stm32f103xb.o
I2C2_ER_IRQHandler                                build/startup_stm32f103xb.o
I2C2_EV_IRQHandler                                build/startup_stm32f103xb.o
MX_FREERTOS_Init                                  build/freertos.o
                                                  build/main.o
MX_GPIO_Init                                      build/gpio.o
                                                  build/main.o
MX_I2C1_Init                                      build/i2c.o
                                                  build/main.o
MX_I2C2_Init                                      build/i2c.o
                                                  build/main.o
MX_USB_PCD_Init                                   build/usb.o
                                                  build/main.o
MaxHandle                                         build/freertos.o
Max_attributes                                    build/freertos.o
MemManage_Handler                                 build/stm32f1xx_it.o
NMI_Handler                                       build/stm32f1xx_it.o
OledHandle                                        build/freertos.o
Oled_attributes                                   build/freertos.o
PVD_IRQHandler                                    build/startup_stm32f103xb.o
PendSV_Handler                                    build/port.o
RCC_IRQHandler                                    build/startup_stm32f103xb.o
RTC_Alarm_IRQHandler                              build/startup_stm32f103xb.o
RTC_IRQHandler                                    build/startup_stm32f103xb.o
Reset_Handler                                     build/startup_stm32f103xb.o
SPI1_IRQHandler                                   build/startup_stm32f103xb.o
SPI2_IRQHandler                                   build/startup_stm32f103xb.o
SVC_Handler                                       build/port.o
StartMax                                          build/freertos.o
StartOled                                         build/freertos.o
SysTick_Handler                                   build/port.o
SystemClock_Config                                build/main.o
SystemCoreClock                                   build/system_stm32f1xx.o
                                                  build/port.o
                                                  build/cmsis_os2.o
                                                  build/stm32f1xx_hal_i2c.o
                                                  build/stm32f1xx_hal_rcc.o
                                                  build/stm32f1xx_hal.o
SystemCoreClockUpdate                             build/system_stm32f1xx.o
SystemInit                                        build/system_stm32f1xx.o
                                                  build/startup_stm32f103xb.o
TAMPER_IRQHandler                                 build/startup_stm32f103xb.o
TIM1_BRK_IRQHandler                               build/startup_stm32f103xb.o
TIM1_CC_IRQHandler                                build/startup_stm32f103xb.o
TIM1_TRG_COM_IRQHandler                           build/startup_stm32f103xb.o
TIM1_UP_IRQHandler                                build/stm32f1xx_it.o
TIM2_IRQHandler                                   build/startup_stm32f103xb.o
TIM3_IRQHandler                                   build/startup_stm32f103xb.o
TIM4_IRQHandler                                   build/startup_stm32f103xb.o
TIMEx_DMACommutationCplt                          build/stm32f1xx_hal_tim_ex.o