Archive member included to satisfy reference by file (symbol)

/nix/store/244x2dv48nan65bmpk2pv3pfl5s5jjn8-gcc-arm-embedded-12.3.rel1/bin/../lib/gcc/arm-none-eabi/12.3.1/../../../../arm-none-eabi/lib/thumb/v7-m/nofp/libc_nano.a(libc_a-exit.o)
                              /nix/store/244x2dv48nan65bmpk2pv3pfl5s5jjn8-gcc-arm-embedded-12.3.rel1/bin/../lib/gcc/arm-none-eabi/12.3.1/../../../../arm-none-eabi/lib/thumb/v7-m/nofp/crt0.o (exit)
/nix/store/244x2dv48nan65bmpk2pv3pfl5s5jjn8-gcc-arm-embedded-12.3.rel1/bin/../lib/gcc/arm-none-eabi/12.3.1/../../../../arm-none-eabi/lib/thumb/v7-m/nofp/libc_nano.a(libc_a-init.o)
                              /nix/store/244x2dv48nan65bmpk2pv3pfl5s5jjn8-gcc-arm-embedded-12.3.rel1/bin/../lib/gcc/arm-none-eabi/12.3.1/../../../../arm-none-eabi/lib/thumb/v7-m/nofp/crt0.o (__libc_init_array)
/nix/store/244x2dv48nan65bmpk2pv3pfl5s5jjn8-gcc-arm-embedded-12.3.rel1/bin/../lib/gcc/arm-none-eabi/12.3.1/../../../../arm-none-eabi/lib/thumb/v7-m/nofp/libc_nano.a(libc_a-findfp.o)
                              /nix/store/244x2dv48nan65bmpk2pv3pfl5s5jjn8-gcc-arm-embedded-12.3.rel1/bin/../lib/gcc/arm-none-eabi/12.3.1/../../../../arm-none-eabi/lib/thumb/v7-m/nofp/libc_nano.a(libc_a-exit.o) (__stdio_exit_handler)
/nix/store/244x2dv48nan65bmpk2pv3pfl5s5jjn8-gcc-arm-embedded-12.3.rel1/bin/../lib/gcc/arm-none-eabi/12.3.1/../../../../arm-none-eabi/lib/thumb/v7-m/nofp/libc_nano.a(libc_a-stdio.o)
                              /nix/store/244x2dv48nan65bmpk2pv3pfl5s5jjn8-gcc-arm-embedded-12.3.rel1/bin/../lib/gcc/arm-none-eabi/12.3.1/../../../../arm-none-eabi/lib/thumb/v7-m/nofp/libc_nano.a(libc_a-findfp.o) (__sread)
/nix/store/244x2dv48nan65bmpk2pv3pfl5s5jjn8-gcc-arm-embedded-12.3.rel1/bin/../lib/gcc/arm-none-eabi/12.3.1/../../../../arm-none-eabi/lib/thumb/v7-m/nofp/libc_nano.a(libc_a-writer.o)
                              /nix/store/244x2dv48nan65bmpk2pv3pfl5s5jjn8-gcc-arm-embedded-12.3.rel1/bin/../lib/gcc/arm-none-eabi/12.3.1/../../../../arm-none-eabi/lib/thumb/v7-m/nofp/libc_nano.a(libc_a-stdio.o) (_write_r)
/nix/store/244x2dv48nan65bmpk2pv3pfl5s5jjn8-gcc-arm-embedded-12.3.rel1/bin/../lib/gcc/arm-none-eabi/12.3.1/../../../../arm-none-eabi/lib/thumb/v7-m/nofp/libc_nano.a(libc_a-errno.o)
                              build/sysmem.o (__errno)
/nix/store/244x2dv48nan65bmpk2pv3pfl5s5jjn8-gcc-arm-embedded-12.3.rel1/bin/../lib/gcc/arm-none-eabi/12.3.1/../../../../arm-none-eabi/lib/thumb/v7-m/nofp/libc_nano.a(libc_a-fwalk.o)
                              /nix/store/244x2dv48nan65bmpk2pv3pfl5s5jjn8-gcc-arm-embedded-12.3.rel1/bin/../lib/gcc/arm-none-eabi/12.3.1/../../../../arm-none-eabi/lib/thumb/v7-m/nofp/libc_nano.a(libc_a-findfp.o) (_fwalk_sglue)
/nix/store/244x2dv48nan65bmpk2pv3pfl5s5jjn8-gcc-arm-embedded-12.3.rel1/bin/../lib/gcc/arm-none-eabi/12.3.1/../../../../arm-none-eabi/lib/thumb/v7-m/nofp/libc_nano.a(libc_a-memset.o)
                              /nix/store/244x2dv48nan65bmpk2pv3pfl5s5jjn8-gcc-arm-embedded-12.3.rel1/bin/../lib/gcc/arm-none-eabi/12.3.1/../../../../arm-none-eabi/lib/thumb/v7-m/nofp/crt0.o (memset)
/nix/store/244x2dv48nan65bmpk2pv3pfl5s5jjn8-gcc-arm-embedded-12.3.rel1/bin/../lib/gcc/arm-none-eabi/12.3.1/../../../../arm-none-eabi/lib/thumb/v7-m/nofp/libc_nano.a(libc_a-lock.o)
                              /nix/store/244x2dv48nan65bmpk2pv3pfl5s5jjn8-gcc-arm-embedded-12.3.rel1/bin/../lib/gcc/arm-none-eabi/12.3.1/../../../../arm-none-eabi/lib/thumb/v7-m/nofp/libc_nano.a(libc_a-findfp.o) (__retarget_lock_init_recursive)
/nix/store/244x2dv48nan65bmpk2pv3pfl5s5jjn8-gcc-arm-embedded-12.3.rel1/bin/../lib/gcc/arm-none-eabi/12.3.1/../../../../arm-none-eabi/lib/thumb/v7-m/nofp/libc_nano.a(libc_a-closer.o)
                              /nix/store/244x2dv48nan65bmpk2pv3pfl5s5jjn8-gcc-arm-embedded-12.3.rel1/bin/../lib/gcc/arm-none-eabi/12.3.1/../../../../arm-none-eabi/lib/thumb/v7-m/nofp/libc_nano.a(libc_a-stdio.o) (_close_r)
/nix/store/244x2dv48nan65bmpk2pv3pfl5s5jjn8-gcc-arm-embedded-12.3.rel1/bin/../lib/gcc/arm-none-eabi/12.3.1/../../../../arm-none-eabi/lib/thumb/v7-m/nofp/libc_nano.a(libc_a-reent.o)
                              /nix/store/244x2dv48nan65bmpk2pv3pfl5s5jjn8-gcc-arm-embedded-12.3.rel1/bin/../lib/gcc/arm-none-eabi/12.3.1/../../../../arm-none-eabi/lib/thumb/v7-m/nofp/libc_nano.a(libc_a-writer.o) (errno)
/nix/store/244x2dv48nan65bmpk2pv3pfl5s5jjn8-gcc-arm-embedded-12.3.rel1/bin/../lib/gcc/arm-none-eabi/12.3.1/../../../../arm-none-eabi/lib/thumb/v7-m/nofp/libc_nano.a(libc_a-impure.o)
                              /nix/store/244x2dv48nan65bmpk2pv3pfl5s5jjn8-gcc-arm-embedded-12.3.rel1/bin/../lib/gcc/arm-none-eabi/12.3.1/../../../../arm-none-eabi/lib/thumb/v7-m/nofp/libc_nano.a(libc_a-errno.o) (_impure_ptr)
/nix/store/244x2dv48nan65bmpk2pv3pfl5s5jjn8-gcc-arm-embedded-12.3.rel1/bin/../lib/gcc/arm-none-eabi/12.3.1/../../../../arm-none-eabi/lib/thumb/v7-m/nofp/libc_nano.a(libc_a-fflush.o)
[...]
Memory Configuration

Name             Origin             Length             Attributes
RAM              0x20000000         0x00005000         xrw
FLASH            0x08000000         0x00010000         xr
*default*        0x00000000         0xffffffff

Linker script and memory map

LOAD /nix/store/244x2dv48nan65bmpk2pv3pfl5s5jjn8-gcc-arm-embedded-12.3.rel1/bin/../lib/gcc/arm-none-eabi/12.3.1/thumb/v7-m/nofp/crti.o
LOAD /nix/store/244x2dv48nan65bmpk2pv3pfl5s5jjn8-gcc-arm-embedded-12.3.rel1/bin/../lib/gcc/arm-none-eabi/12.3.1/thumb/v7-m/nofp/crtbegin.o
LOAD /nix/store/244x2dv48nan65bmpk2pv3pfl5s5jjn8-gcc-arm-embedded-12.3.rel1/bin/../lib/gcc/arm-none-eabi/12.3.1/../../../../arm-none-eabi/lib/thumb/v7-m/nofp/crt0.o
LOAD build/main.o
LOAD build/gpio.o
LOAD build/i2c.o
LOAD build/OLED.o
LOAD build/Max30102.o
LOAD build/algorithm.o
LOAD build/stm32f1xx_it.o
LOAD build/stm32f1xx_hal_msp.o
LOAD build/stm32f1xx_hal_gpio_ex.o
LOAD build/stm32f1xx_hal_i2c.o
LOAD build/stm32f1xx_hal.o
LOAD build/stm32f1xx_hal_rcc.o
LOAD build/stm32f1xx_hal_rcc_ex.o
LOAD build/stm32f1xx_hal_gpio.o
LOAD build/stm32f1xx_hal_dma.o
LOAD build/stm32f1xx_hal_cortex.o
LOAD build/stm32f1xx_hal_pwr.o
LOAD build/stm32f1xx_hal_flash.o
LOAD build/stm32f1xx_hal_flash_ex.o
LOAD build/stm32f1xx_hal_exti.o
LOAD build/stm32f1xx_hal_tim.o
LOAD build/stm32f1xx_hal_tim_ex.o
LOAD build/system_stm32f1xx.o
LOAD build/sysmem.o
LOAD build/syscalls.o
LOAD build/startup_stm32f103xb.o
LOAD /nix/store/244x2dv48nan65bmpk2pv3pfl5s5jjn8-gcc-arm-embedded-12.3.rel1/bin/../lib/gcc/arm-none-eabi/12.3.1/../../../../arm-none-eabi/lib/thumb/v7-m/nofp/libc_nano.a
LOAD /nix/store/244x2dv48nan65bmpk2pv3pfl5s5jjn8-gcc-arm-embedded-12.3.rel1/bin/../lib/gcc/arm-none-eabi/12.3.1/../../../../arm-none-eabi/lib/thumb/v7-m/nofp/libm.a
LOAD /nix/store/244x2dv48nan65bmpk2pv3pfl5s5jjn8-gcc-arm-embedded-12.3.rel1/bin/../lib/gcc/arm-none-eabi/12.3.1/../../../../arm-none-eabi/lib/thumb/v7-m/nofp/libnosys.a
START GROUP
LOAD /nix/store/244x2dv48nan65bmpk2pv3pfl5s5jjn8-gcc-arm-embedded-12.3.rel1/bin/../lib/gcc/arm-none-eabi/12.3.1/thumb/v7-m/nofp/libgcc.a
LOAD /nix/store/244x2dv48nan65bmpk2pv3pfl5s5jjn8-gcc-arm-embedded-12.3.rel1/bin/../lib/gcc/arm-none-eabi/12.3.1/../../../../arm-none-eabi/lib/thumb/v7-m/nofp/libc_nano.a
END GROUP
START GROUP
LOAD /nix/store/244x2dv48nan65bmpk2pv3pfl5s5jjn8-gcc-arm-embedded-12.3.rel1/bin/../lib/gcc/arm-none-eabi/12.3.1/thumb/v7-m/nofp/libgcc.a
LOAD /nix/store/244x2dv48nan65bmpk2pv3pfl5s5jjn8-gcc-arm-embedded-12.3.rel1/bin/../lib/gcc/arm-none-eabi/12.3.1/../../../../arm-none-eabi/lib/thumb/v7-m/nofp/libc_nano.a
END GROUP
LOAD /nix/store/244x2dv48nan65bmpk2pv3pfl5s5jjn8-gcc-arm-embedded-12.3.rel1/bin/../lib/gcc/arm-none-eabi/12.3.1/thumb/v7-m/nofp/crtend.o
LOAD /nix/store/244x2dv48nan65bmpk2pv3pfl5s5jjn8-gcc-arm-embedded-12.3.rel1/bin/../lib/gcc/arm-none-eabi/12.3.1/thumb/v7-m/nofp/crtn.o
                0x20005000                        _estack = (ORIGIN (RAM) + LENGTH (RAM))
                0x00000200                        _Min_Heap_Size = 0x200
                0x00000400                        _Min_Stack_Size = 0x400

.isr_vector     0x08000000      0x10c
                0x08000000                        . = ALIGN (0x4)
 *(.isr_vector)
 .isr_vector    0x08000000      0x10c build/startup_stm32f103xb.o
                0x08000000                g_pfnVectors
                0x0800010c                        . = ALIGN (0x4)

.text           0x0800010c     0x2a24
                0x0800010c                        . = ALIGN (0x4)
 *(.text)
 .text          0x0800010c      0x21c /nix/store/244x2dv48nan65bmpk2pv3pfl5s5jjn8-gcc-arm-embedded-12.3.rel1/bin/../lib/gcc/arm-none-eabi/12.3.1/thumb/v7-m/nofp/libgcc.a(_arm_addsubsf3.o)
                0x0800010c                __aeabi_frsub
                0x08000114                __subsf3
                0x08000114                __aeabi_fsub
                0x08000118                __aeabi_fadd
                0x08000118                __addsf3
                0x08000278                __aeabi_ui2f
                0x08000278                __floatunsisf
                0x08000280                __aeabi_i2f
                0x08000280                __floatsisf
                0x0800029c                __floatundisf
                0x0800029c                __aeabi_ul2f
                0x080002ac                __floatdisf
                0x080002ac                __aeabi_l2f
 .text          0x08000328      0x2a0 /nix/store/244x2dv48nan65bmpk2pv3pfl5s5jjn8-gcc-arm-embedded-12.3.rel1/bin/../lib/gcc/arm-none-eabi/12.3.1/thumb/v7-m/nofp/libgcc.a(_arm_muldivsf3.o)
                0x08000328                __mulsf3
                0x08000328                __aeabi_fmul
                0x08000490                __divsf3
                0x08000490                __aeabi_fdiv
 .text          0x080005c8       0x4c /nix/store/244x2dv48nan65bmpk2pv3pfl5s5jjn8-gcc-arm-embedded-12.3.rel1/bin/../lib/gcc/arm-none-eabi/12.3.1/thumb/v7-m/nofp/libgcc.a(_arm_fixsfsi.o)
                0x080005c8                __fixsfsi
                0x080005c8                __aeabi_f2iz
 *(.text*)
 .text.deregister_tm_clones
                0x08000614       0x1c /nix/store/244x2dv48nan65bmpk2pv3pfl5s5jjn8-gcc-arm-embedded-12.3.rel1/bin/../lib/gcc/arm-none-eabi/12.3.1/thumb/v7-m/nofp/crtbegin.o
 .text.register_tm_clones
                0x08000630       0x24 /nix/store/244x2dv48nan65bmpk2pv3pfl5s5jjn8-gcc-arm-embedded-12.3.rel1/bin/../lib/gcc/arm-none-eabi/12.3.1/thumb/v7-m/nofp/crtbegin.o
 .text.__do_global_dtors_aux
                0x08000654       0x28 /nix/store/244x2dv48nan65bmpk2pv3pfl5s5jjn8-gcc-arm-embedded-12.3.rel1/bin/../lib/gcc/arm-none-eabi/12.3.1/thumb/v7-m/nofp/crtbegin.o
 .text.frame_dummy
                0x0800067c       0x24 /nix/store/244x2dv48nan65bmpk2pv3pfl5s5jjn8-gcc-arm-embedded-12.3.rel1/bin/../lib/gcc/arm-none-eabi/12.3.1/thumb/v7-m/nofp/crtbegin.o
 .text.Error_Handler
                0x080006a0        0x4 build/main.o
                0x080006a0                Error_Handler
 .text.SystemClock_Config
                0x080006a4       0x64 build/main.o
                0x080006a4                SystemClock_Config
 .text.main     0x08000708       0x38 build/main.o
                0x08000708                main
 .text.MX_GPIO_Init
                0x08000740       0x64 build/gpio.o
                0x08000740                MX_GPIO_Init
 .text.MX_I2C1_Init
                0x080007a4       0x3c build/i2c.o
                0x080007a4                MX_I2C1_Init
 .text.MX_I2C2_Init
                0x080007e0       0x3c build/i2c.o
                0x080007e0                MX_I2C2_Init
 .text.HAL_I2C_MspInit
                0x0800081c       0xac build/i2c.o
                0x0800081c                HAL_I2C_MspInit
 .text.OLED_WriteCommand
                0x080008c8       0x2c build/OLED.o
                0x080008c8                OLED_WriteCommand
 .text.OLED_WriteData
                0x080008f4       0x2c build/OLED.o
                0x080008f4                OLED_WriteData
 .text.OLED_SetCursor
                0x08000920       0x20 build/OLED.o
                0x08000920                OLED_SetCursor
 .text.OLED_Clear
                0x08000940       0x2c build/OLED.o
                0x08000940                OLED_Clear
 .text.OLED_ShowChar
                0x0800096c       0x64 build/OLED.o
                0x0800096c                OLED_ShowChar
 .text.OLED_ShowString
                0x080009d0       0x22 build/OLED.o
                0x080009d0                OLED_ShowString
 .text.OLED_Pow
                0x080009f2       0x14 build/OLED.o
                0x080009f2                OLED_Pow
 *fill*         0x08000a06        0x2 
 .text.OLED_ShowNum
                0x08000a08       0x50 build/OLED.o
                0x08000a08                OLED_ShowNum
 .text.OLED_Init
                0x08000a58       0x98 build/OLED.o
                0x08000a58                OLED_Init
 .text.Max30102_WriteData
                0x08000af0       0x2c build/Max30102.o
                0x08000af0                Max30102_WriteData
 .text.Max30102_ReadData
                0x08000b1c       0x24 build/Max30102.o
                0x08000b1c                Max30102_ReadData
 .text.Max30102_FIFO_ReadData
                0x08000b40       0x30 build/Max30102.o
                0x08000b40                Max30102_FIFO_ReadData
 .text.Max30102_Safety
                0x08000b70       0xbc build/Max30102.o
                0x08000b70                Max30102_Safety
 .text.Max30102_Calculate_HR_BO_Value
                0x08000c2c      0x1bc build/Max30102.o
                0x08000c2c                Max30102_Calculate_HR_BO_Value
 .text.Max30102_Reset
                0x08000de8       0x18 build/Max30102.o
                0x08000de8                Max30102_Reset
 .text.Max30102_Init
                0x08000e00       0x76 build/Max30102.o
                0x08000e00                Max30102_Init
 *fill*         0x08000e76        0x2 
 .text.Read     0x08000e78       0x60 build/Max30102.o
                0x08000e78                Read
 .text.maxim_peaks_above_min_height
                0x08000ed8       0x6e build/algorithm.o
                0x08000ed8                maxim_peaks_above_min_height
 .text.maxim_sort_ascend
                0x08000f46       0x3a build/algorithm.o
                0x08000f46                maxim_sort_ascend
 .text.maxim_sort_indices_descend
                0x08000f80       0x42 build/algorithm.o
                0x08000f80                maxim_sort_indices_descend
 .text.maxim_remove_close_peaks
                0x08000fc2       0x72 build/algorithm.o
                0x08000fc2                maxim_remove_close_peaks
 .text.maxim_find_peaks
                0x08001034       0x32 build/algorithm.o
                0x08001034                maxim_find_peaks
 *fill*         0x08001066        0x2 
 .text.maxim_heart_rate_and_oxygen_saturation
                0x08001068      0x44c build/algorithm.o
                0x08001068                maxim_heart_rate_and_oxygen_saturation
 .text.NMI_Handler
                0x080014b4        0x2 build/stm32f1xx_it.o
                0x080014b4                NMI_Handler
 .text.HardFault_Handler
                0x080014b6        0x2 build/stm32f1xx_it.o
                0x080014b6                HardFault_Handler
 .text.MemManage_Handler
                0x080014b8        0x2 build/stm32f1xx_it.o
                0x080014b8                MemManage_Handler
 .text.BusFault_Handler
                0x080014ba        0x2 build/stm32f1xx_it.o
                0x080014ba                BusFault_Handler
 .text.UsageFault_Handler
                0x080014bc        0x2 build/stm32f1xx_it.o
                0x080014bc                UsageFault_Handler
 .text.SVC_Handler
                0x080014be        0x2 build/stm32f1xx_it.o
                0x080014be                SVC_Handler
 .text.DebugMon_Handler
                0x080014c0        0x2 build/stm32f1xx_it.o
                0x080014c0                DebugMon_Handler
 .text.PendSV_Handler
                0x080014c2        0x2 build/stm32f1xx_it.o
                0x080014c2                PendSV_Handler
 .text.SysTick_Handler
                0x080014c4        0x8 build/stm32f1xx_it.o
                0x080014c4                SysTick_Handler
 .text.HAL_MspInit
                0x080014cc       0x44 build/stm32f1xx_hal_msp.o
                0x080014cc                HAL_MspInit
 .text.I2C_IsAcknowledgeFailed
                0x08001510       0x32 build/stm32f1xx_hal_i2c.o
 .text.I2C_WaitOnFlagUntilTimeout
                0x08001542       0xaa build/stm32f1xx_hal_i2c.o
 .text.I2C_WaitOnMasterAddressFlagUntilTimeout
                0x080015ec       0xd6 build/stm32f1xx_hal_i2c.o
 .text.I2C_WaitOnTXEFlagUntilTimeout
                0x080016c2       0x5e build/stm32f1xx_hal_i2c.o
 .text.I2C_RequestMemoryWrite
                0x08001720       0xd8 build/stm32f1xx_hal_i2c.o
 .text.I2C_RequestMemoryRead
                0x080017f8      0x154 build/stm32f1xx_hal_i2c.o
 .text.I2C_WaitOnBTFFlagUntilTimeout
                0x0800194c       0x5e build/stm32f1xx_hal_i2c.o
 .text.I2C_WaitOnRXNEFlagUntilTimeout
                0x080019aa       0x78 build/stm32f1xx_hal_i2c.o
 *fill*         0x08001a22        0x2 
 .text.HAL_I2C_Init
                0x08001a24      0x1bc build/stm32f1xx_hal_i2c.o
                0x08001a24                HAL_I2C_Init
 .text.HAL_I2C_Mem_Write
                0x08001be0      0x164 build/stm32f1xx_hal_i2c.o
                0x08001be0                HAL_I2C_Mem_Write
 .text.HAL_I2C_Mem_Read
                0x08001d44      0x348 build/stm32f1xx_hal_i2c.o
                0x08001d44                HAL_I2C_Mem_Read
 .text.HAL_InitTick
                0x0800208c       0x4c build/stm32f1xx_hal.o
                0x0800208c                HAL_InitTick
 .text.HAL_Init
                0x080020d8       0x24 build/stm32f1xx_hal.o
                0x080020d8                HAL_Init
 .text.HAL_IncTick
                0x080020fc       0x18 build/stm32f1xx_hal.o
                0x080020fc                HAL_IncTick
 .text.HAL_GetTick
                0x08002114        0xc build/stm32f1xx_hal.o
                0x08002114                HAL_GetTick
 .text.HAL_Delay
                0x08002120       0x28 build/stm32f1xx_hal.o
                0x08002120                HAL_Delay
 .text.RCC_Delay
                0x08002148       0x2c build/stm32f1xx_hal_rcc.o
 .text.HAL_RCC_OscConfig
                0x08002174      0x410 build/stm32f1xx_hal_rcc.o
                0x08002174                HAL_RCC_OscConfig
 .text.HAL_RCC_GetSysClockFreq
                0x08002584       0x54 build/stm32f1xx_hal_rcc.o
                0x08002584                HAL_RCC_GetSysClockFreq
 .text.HAL_RCC_ClockConfig
                0x080025d8      0x16c build/stm32f1xx_hal_rcc.o
                0x080025d8                HAL_RCC_ClockConfig
 .text.HAL_RCC_GetHCLKFreq
                0x08002744        0xc build/stm32f1xx_hal_rcc.o
                0x08002744                HAL_RCC_GetHCLKFreq
 .text.HAL_RCC_GetPCLK1Freq
                0x08002750       0x20 build/stm32f1xx_hal_rcc.o
                0x08002750                HAL_RCC_GetPCLK1Freq
 .text.HAL_GPIO_Init
                0x08002770      0x21c build/stm32f1xx_hal_gpio.o
                0x08002770                HAL_GPIO_Init
 .text.HAL_GPIO_ReadPin
                0x0800298c        0xe build/stm32f1xx_hal_gpio.o
                0x0800298c                HAL_GPIO_ReadPin
 *fill*         0x0800299a        0x2 
 .text.__NVIC_SetPriority
                0x0800299c       0x28 build/stm32f1xx_hal_cortex.o
 .text.NVIC_EncodePriority
                0x080029c4       0x3e build/stm32f1xx_hal_cortex.o
 *fill*         0x08002a02        0x2 
 .text.HAL_NVIC_SetPriorityGrouping
                0x08002a04       0x24 build/stm32f1xx_hal_cortex.o
                0x08002a04                HAL_NVIC_SetPriorityGrouping
 .text.HAL_NVIC_SetPriority
                0x08002a28       0x20 build/stm32f1xx_hal_cortex.o
                0x08002a28                HAL_NVIC_SetPriority
 .text.HAL_SYSTICK_Config
                0x08002a48       0x28 build/stm32f1xx_hal_cortex.o
                0x08002a48                HAL_SYSTICK_Config
 .text.SystemInit
                0x08002a70        0x2 build/system_stm32f1xx.o
                0x08002a70                SystemInit
 *fill*         0x08002a72        0x2 
 .text.Reset_Handler
                0x08002a74       0x48 build/startup_stm32f103xb.o
                0x08002a74                Reset_Handler
 .text.Default_Handler
                0x08002abc        0x2 build/startup_stm32f103xb.o
                0x08002abc                RTC_Alarm_IRQHandler
                0x08002abc                EXTI2_IRQHandler
                0x08002abc                TIM1_CC_IRQHandler
                0x08002abc                PVD_IRQHandler
                0x08002abc                EXTI3_IRQHandler
                0x08002abc                EXTI0_IRQHandler
                0x08002abc                I2C2_EV_IRQHandler
                0x08002abc                ADC1_2_IRQHandler
                0x08002abc                SPI1_IRQHandler
                0x08002abc                TAMPER_IRQHandler
                0x08002abc                DMA1_Channel4_IRQHandler
                0x08002abc                USART3_IRQHandler
                0x08002abc                RTC_IRQHandler
                0x08002abc                DMA1_Channel7_IRQHandler
                0x08002abc                CAN1_RX1_IRQHandler
                0x08002abc                TIM4_IRQHandler
                0x08002abc                I2C1_EV_IRQHandler
                0x08002abc                DMA1_Channel6_IRQHandler
                0x08002abc                TIM3_IRQHandler
                0x08002abc                RCC_IRQHandler
                0x08002abc                TIM1_TRG_COM_IRQHandler
                0x08002abc                DMA1_Channel1_IRQHandler
                0x08002abc                Default_Handler
                0x08002abc                EXTI15_10_IRQHandler
                0x08002abc                EXTI9_5_IRQHandler
                0x08002abc                SPI2_IRQHandler
                0x08002abc                DMA1_Channel5_IRQHandler
                0x08002abc                EXTI4_IRQHandler
                0x08002abc                USB_LP_CAN1_RX0_IRQHandler
                0x08002abc                USB_HP_CAN1_TX_IRQHandler
                0x08002abc                DMA1_Channel3_IRQHandler
                0x08002abc                TIM1_UP_IRQHandler
                0x08002abc                WWDG_IRQHandler
                0x08002abc                TIM2_IRQHandler
                0x08002abc                TIM1_BRK_IRQHandler
                0x08002abc                EXTI1_IRQHandler
                0x08002abc                USART2_IRQHandler
                0x08002abc                I2C2_ER_IRQHandler
                0x08002abc                DMA1_Channel2_IRQHandler
                0x08002abc                CAN1_SCE_IRQHandler
                0x08002abc                FLASH_IRQHandler
                0x08002abc                USART1_IRQHandler
                0x08002abc                I2C1_ER_IRQHandler
                0x08002abc                USBWakeUp_IRQHandler
 *fill*         0x08002abe        0x2 
 .text.__libc_init_array
                0x08002ac0       0x48 /nix/store/244x2dv48nan65bmpk2pv3pfl5s5jjn8-gcc-arm-embedded-12.3.rel1/bin/../lib/gcc/arm-none-eabi/12.3.1/../../../../arm-none-eabi/lib/thumb/v7-m/nofp/libc_nano.a(libc_a-init.o)
                0x08002ac0                __libc_init_array
 .text.memset   0x08002b08       0x10 /nix/store/244x2dv48nan65bmpk2pv3pfl5s5jjn8-gcc-arm-embedded-12.3.rel1/bin/../lib/gcc/arm-none-eabi/12.3.1/../../../../arm-none-eabi/lib/thumb/v7-m/nofp/libc_nano.a(libc_a-memset.o)
                0x08002b08                memset
 *(.glue_7)
 .glue_7        0x08002b18        0x0 linker stubs
 *(.glue_7t)
 .glue_7t       0x08002b18        0x0 linker stubs
 *(.eh_frame)
 .eh_frame      0x08002b18        0x0 /nix/store/244x2dv48nan65bmpk2pv3pfl5s5jjn8-gcc-arm-embedded-12.3.rel1/bin/../lib/gcc/arm-none-eabi/12.3.1/thumb/v7-m/nofp/crtbegin.o
 *(.init)
 .init          0x08002b18        0x4 /nix/store/244x2dv48nan65bmpk2pv3pfl5s5jjn8-gcc-arm-embedded-12.3.rel1/bin/../lib/gcc/arm-none-eabi/12.3.1/thumb/v7-m/nofp/crti.o
                0x08002b18                _init
 .init          0x08002b1c        0x8 /nix/store/244x2dv48nan65bmpk2pv3pfl5s5jjn8-gcc-arm-embedded-12.3.rel1/bin/../lib/gcc/arm-none-eabi/12.3.1/thumb/v7-m/nofp/crtn.o
 *(.fini)
 .fini          0x08002b24        0x4 /nix/store/244x2dv48nan65bmpk2pv3pfl5s5jjn8-gcc-arm-embedded-12.3.rel1/bin/../lib/gcc/arm-none-eabi/12.3.1/thumb/v7-m/nofp/crti.o
                0x08002b24                _fini
 .fini          0x08002b28        0x8 /nix/store/244x2dv48nan65bmpk2pv3pfl5s5jjn8-gcc-arm-embedded-12.3.rel1/bin/../lib/gcc/arm-none-eabi/12.3.1/thumb/v7-m/nofp/crtn.o
                0x08002b30                        . = ALIGN (0x4)
                0x08002b30                        _etext = .

.vfp11_veneer   0x08002b30        0x0
 .vfp11_veneer  0x08002b30        0x0 linker stubs

.v4_bx          0x08002b30        0x0
 .v4_bx         0x08002b30        0x0 linker stubs

.iplt           0x08002b30        0x0
 .iplt          0x08002b30        0x0 /nix/store/244x2dv48nan65bmpk2pv3pfl5s5jjn8-gcc-arm-embedded-12.3.rel1/bin/../lib/gcc/arm-none-eabi/12.3.1/thumb/v7-m/nofp/crtbegin.o

.rodata         0x08002b30      0x724
                0x08002b30                        . = ALIGN (0x4)
 *(.rodata)
 *(.rodata*)
 .rodata.main.str1.4
                0x08002b30        0x6 build/main.o
 *fill*         0x08002b36        0x2 
 .rodata.OLED_F8x16
                0x08002b38      0x5f0 build/OLED.o
                0x08002b38                OLED_F8x16
 .rodata.Read.str1.4
                0x08003128        0x8 build/Max30102.o
 .rodata.uch_spo2_table
                0x08003130       0xb8 build/algorithm.o
                0x08003130                uch_spo2_table
 .rodata.auw_hamm
                0x080031e8       0x3e build/algorithm.o
                0x080031e8                auw_hamm
 *fill*         0x08003226        0x2 
 .rodata.aPredivFactorTable.0
                0x08003228        0x2 build/stm32f1xx_hal_rcc.o
 *fill*         0x0800322a        0x2 
 .rodata.aPLLMULFactorTable.1
                0x0800322c       0x10 build/stm32f1xx_hal_rcc.o
 .rodata.APBPrescTable
                0x0800323c        0x8 build/system_stm32f1xx.o
                0x0800323c                APBPrescTable
 .rodata.AHBPrescTable
                0x08003244       0x10 build/system_stm32f1xx.o
                0x08003244                AHBPrescTable
                0x08003254                        . = ALIGN (0x4)

.rel.dyn        0x08003254        0x0
 .rel.iplt      0x08003254        0x0 /nix/store/244x2dv48nan65bmpk2pv3pfl5s5jjn8-gcc-arm-embedded-12.3.rel1/bin/../lib/gcc/arm-none-eabi/12.3.1/thumb/v7-m/nofp/crtbegin.o

.ARM.extab
 *(.ARM.extab* .gnu.linkonce.armextab.*)

.ARM            0x08003254        0x0
                0x08003254                        __exidx_start = .
 *(.ARM.exidx*)
                0x08003254                        __exidx_end = .

.preinit_array  0x08003254        0x0
                0x08003254                        PROVIDE (__preinit_array_start = .)
 *(.preinit_array*)
                0x08003254                        PROVIDE (__preinit_array_end = .)

.init_array     0x08003254        0x4
                0x08003254                        PROVIDE (__init_array_start = .)
 *(SORT_BY_NAME(.init_array.*))
 *(.init_array*)
 .init_array    0x08003254        0x4 /nix/store/244x2dv48nan65bmpk2pv3pfl5s5jjn8-gcc-arm-embedded-12.3.rel1/bin/../lib/gcc/arm-none-eabi/12.3.1/thumb/v7-m/nofp/crtbegin.o
                0x08003258                        PROVIDE (__init_array_end = .)

.fini_array     0x08003258        0x4
                [!provide]                        PROVIDE (__fini_array_start = .)
 *(SORT_BY_NAME(.fini_array.*))
 *(.fini_array*)
 .fini_array    0x08003258        0x4 /nix/store/244x2dv48nan65bmpk2pv3pfl5s5jjn8-gcc-arm-embedded-12.3.rel1/bin/../lib/gcc/arm-none-eabi/12.3.1/thumb/v7-m/nofp/crtbegin.o
                [!provide]                        PROVIDE (__fini_array_end = .)
                0x0800325c                        _sidata = LOADADDR (.data)

.data           0x20000000       0x14 load address 0x0800325c
                0x20000000                        . = ALIGN (0x4)
                0x20000000                        _sdata = .
 *(.data)
 *(.data*)
 .data.red_min  0x20000000        0x4 build/Max30102.o
                0x20000000                red_min
 .data.ir_buffer_length
                0x20000004        0x4 build/Max30102.o
                0x20000004                ir_buffer_length
 .data.uwTickFreq
                0x20000008        0x1 build/stm32f1xx_hal.o
                0x20000008                uwTickFreq
 *fill*         0x20000009        0x3 
 .data.uwTickPrio
                0x2000000c        0x4 build/stm32f1xx_hal.o
                0x2000000c                uwTickPrio
 .data.SystemCoreClock
                0x20000010        0x4 build/system_stm32f1xx.o
                0x20000010                SystemCoreClock
                0x20000014                        . = ALIGN (0x4)
                0x20000014                        _edata = .

.tm_clone_table
                0x20000014        0x0 load address 0x08003270
 .tm_clone_table
                0x20000014        0x0 /nix/store/244x2dv48nan65bmpk2pv3pfl5s5jjn8-gcc-arm-embedded-12.3.rel1/bin/../lib/gcc/arm-none-eabi/12.3.1/thumb/v7-m/nofp/crtbegin.o
 .tm_clone_table
                0x20000014        0x0 /nix/store/244x2dv48nan65bmpk2pv3pfl5s5jjn8-gcc-arm-embedded-12.3.rel1/bin/../lib/gcc/arm-none-eabi/12.3.1/thumb/v7-m/nofp/crtend.o

.igot.plt       0x20000014        0x0 load address 0x08003270
 .igot.plt      0x20000014        0x0 /nix/store/244x2dv48nan65bmpk2pv3pfl5s5jjn8-gcc-arm-embedded-12.3.rel1/bin/../lib/gcc/arm-none-eabi/12.3.1/thumb/v7-m/nofp/crtbegin.o
                0x20000014                        . = ALIGN (0x4)

.bss            0x20000014     0x27f0 load address 0x08003270
                0x20000014                        _sbss = .
                0x20000014                        __bss_start__ = _sbss
 *(.bss)
 *(.bss*)
 .bss.completed.1
                0x20000014        0x1 /nix/store/244x2dv48nan65bmpk2pv3pfl5s5jjn8-gcc-arm-embedded-12.3.rel1/bin/../lib/gcc/arm-none-eabi/12.3.1/thumb/v7-m/nofp/crtbegin.o
 *fill*         0x20000015        0x3 
 .bss.object.0  0x20000018       0x18 /nix/store/244x2dv48nan65bmpk2pv3pfl5s5jjn8-gcc-arm-embedded-12.3.rel1/bin/../lib/gcc/arm-none-eabi/12.3.1/thumb/v7-m/nofp/crtbegin.o
 .bss.hi2c2     0x20000030       0x54 build/i2c.o
                0x20000030                hi2c2
 .bss.hi2c1     0x20000084       0x54 build/i2c.o
                0x20000084                hi2c1
 .bss.n_brightness
                0x200000d8        0x4 build/Max30102.o
                0x200000d8                n_brightness
 .bss.f_temp    0x200000dc        0x4 build/Max30102.o
                0x200000dc                f_temp
 .bss.prev_data
                0x200000e0        0x4 build/Max30102.o
                0x200000e0                prev_data
 .bss.red_max   0x200000e4        0x4 build/Max30102.o
                0x200000e4                red_max
 .bss.hr_valid  0x200000e8        0x1 build/Max30102.o
                0x200000e8                hr_valid
 *fill*         0x200000e9        0x3 
 .bss.pn_hr_value
                0x200000ec        0x4 build/Max30102.o
                0x200000ec                pn_hr_value
 .bss.SpO2_valid
                0x200000f0        0x1 build/Max30102.o
                0x200000f0                SpO2_valid
 *fill*         0x200000f1        0x3 
 .bss.pn_SpO2_value
                0x200000f4        0x4 build/Max30102.o
                0x200000f4                pn_SpO2_value
 .bss.ir_buffer
                0x200000f8      0x7d0 build/Max30102.o
                0x200000f8                ir_buffer
 .bss.red_buffer
                0x200008c8      0x7d0 build/Max30102.o
                0x200008c8                red_buffer
 .bss.TempData  0x20001098        0x6 build/Max30102.o
                0x20001098                TempData
 *fill*         0x2000109e        0x2 
 .bss.an_y      0x200010a0      0x7d0 build/algorithm.o
 .bss.an_x      0x20001870      0x7d0 build/algorithm.o
 .bss.an_dx     0x20002040      0x7c0 build/algorithm.o
 .bss.uwTick    0x20002800        0x4 build/stm32f1xx_hal.o
                0x20002800                uwTick
 *(COMMON)
                0x20002804                        . = ALIGN (0x4)
                0x20002804                        _ebss = .
                0x20002804                        __bss_end__ = _ebss

._user_heap_stack
                0x20002804      0x604 load address 0x08003270
                0x20002808                        . = ALIGN (0x8)
 *fill*         0x20002804        0x4 
                [!provide]                        PROVIDE (end = .)
                0x20002808                        PROVIDE (_end = .)
                0x20002a08                        . = (. + _Min_Heap_Size)
 *fill*         0x20002808      0x200 
                0x20002e08                        . = (. + _Min_Stack_Size)
 *fill*         0x20002a08      0x400 
                0x20002e08                        . = ALIGN (0x8)

/DISCARD/
 libc.a(*)
 libm.a(*)
 libgcc.a(*)

.ARM.attributes
                0x00000000       0x29
 *(.ARM.attributes)
 .ARM.attributes
                0x00000000       0x1d /nix/store/244x2dv48nan65bmpk2pv3pfl5s5jjn8-gcc-arm-embedded-12.3.rel1/bin/../lib/gcc/arm-none-eabi/12.3.1/thumb/v7-m/nofp/crti.o
 .ARM.attributes
                0x0000001d       0x2d /nix/store/244x2dv48nan65bmpk2pv3pfl5s5jjn8-gcc-arm-embedded-12.3.rel1/bin/../lib/gcc/arm-none-eabi/12.3.1/thumb/v7-m/nofp/crtbegin.o
 .ARM.attributes
                0x0000004a       0x2d build/main.o
 .ARM.attributes
                0x00000077       0x2d build/gpio.o
 .ARM.attributes
                0x000000a4       0x2d build/i2c.o
 .ARM.attributes
                0x000000d1       0x2d build/OLED.o
 .ARM.attributes
                0x000000fe       0x2d build/Max30102.o
 .ARM.attributes
                0x0000012b       0x2d build/algorithm.o
 .ARM.attributes
                0x00000158       0x2d build/stm32f1xx_it.o
 .ARM.attributes
                0x00000185       0x2d build/stm32f1xx_hal_msp.o
 .ARM.attributes
                0x000001b2       0x2d build/stm32f1xx_hal_i2c.o
 .ARM.attributes
                0x000001df       0x2d build/stm32f1xx_hal.o
 .ARM.attributes
                0x0000020c       0x2d build/stm32f1xx_hal_rcc.o
 .ARM.attributes
                0x00000239       0x2d build/stm32f1xx_hal_gpio.o
 .ARM.attributes
                0x00000266       0x2d build/stm32f1xx_hal_cortex.o
 .ARM.attributes
                0x00000293       0x2d build/system_stm32f1xx.o
 .ARM.attributes
                0x000002c0       0x21 build/startup_stm32f103xb.o
 .ARM.attributes
                0x000002e1       0x2d /nix/store/244x2dv48nan65bmpk2pv3pfl5s5jjn8-gcc-arm-embedded-12.3.rel1/bin/../lib/gcc/arm-none-eabi/12.3.1/../../../../arm-none-eabi/lib/thumb/v7-m/nofp/libc_nano.a(libc_a-init.o)
 .ARM.attributes
                0x0000030e       0x2d /nix/store/244x2dv48nan65bmpk2pv3pfl5s5jjn8-gcc-arm-embedded-12.3.rel1/bin/../lib/gcc/arm-none-eabi/12.3.1/../../../../arm-none-eabi/lib/thumb/v7-m/nofp/libc_nano.a(libc_a-memset.o)
 .ARM.attributes
                0x0000033b       0x1d /nix/store/244x2dv48nan65bmpk2pv3pfl5s5jjn8-gcc-arm-embedded-12.3.rel1/bin/../lib/gcc/arm-none-eabi/12.3.1/thumb/v7-m/nofp/libgcc.a(_arm_addsubsf3.o)
 .ARM.attributes
                0x00000358       0x1d /nix/store/244x2dv48nan65bmpk2pv3pfl5s5jjn8-gcc-arm-embedded-12.3.rel1/bin/../lib/gcc/arm-none-eabi/12.3.1/thumb/v7-m/nofp/libgcc.a(_arm_muldivsf3.o)
 .ARM.attributes
                0x00000375       0x1d /nix/store/244x2dv48nan65bmpk2pv3pfl5s5jjn8-gcc-arm-embedded-12.3.rel1/bin/../lib/gcc/arm-none-eabi/12.3.1/thumb/v7-m/nofp/libgcc.a(_arm_fixsfsi.o)
 .ARM.attributes
                0x00000392       0x2d /nix/store/244x2dv48nan65bmpk2pv3pfl5s5jjn8-gcc-arm-embedded-12.3.rel1/bin/../lib/gcc/arm-none-eabi/12.3.1/thumb/v7-m/nofp/crtend.o
 .ARM.attributes
                0x000003bf       0x1d /nix/store/244x2dv48nan65bmpk2pv3pfl5s5jjn8-gcc-arm-embedded-12.3.rel1/bin/../lib/gcc/arm-none-eabi/12.3.1/thumb/v7-m/nofp/crtn.o
OUTPUT(build/Max30102.elf elf32-littlearm)
LOAD linker stubs
LOAD /nix/store/244x2dv48nan65bmpk2pv3pfl5s5jjn8-gcc-arm-embedded-12.3.rel1/bin/../lib/gcc/arm-none-eabi/12.3.1/../../../../arm-none-eabi/lib/thumb/v7-m/nofp/libc.a
LOAD /nix/store/244x2dv48nan65bmpk2pv3pfl5s5jjn8-gcc-arm-embedded-12.3.rel1/bin/../lib/gcc/arm-none-eabi/12.3.1/../../../../arm-none-eabi/lib/thumb/v7-m/nofp/libm.a
LOAD /nix/store/244x2dv48nan65bmpk2pv3pfl5s5jjn8-gcc-arm-embedded-12.3.rel1/bin/../lib/gcc/arm-none-eabi/12.3.1/thumb/v7-m/nofp/libgcc.a

.debug_info     0x00000000     0xa59c
 .debug_info    0x00000000      0x44e build/main.o
 .debug_info    0x0000044e      0x2fa build/gpio.o
 .debug_info    0x00000748      0xa7b build/i2c.o
 .debug_info    0x000011c3      0xf9a build/OLED.o
 .debug_info    0x0000215d     0x108a build/Max30102.o
 .debug_info    0x000031e7      0x83b build/algorithm.o
 .debug_info    0x00003a22      0x158 build/stm32f1xx_it.o
 .debug_info    0x00003b7a      0x238 build/stm32f1xx_hal_msp.o
 .debug_info    0x00003db2     0x3cd2 build/stm32f1xx_hal_i2c.o
 .debug_info    0x00007a84      0x880 build/stm32f1xx_hal.o
 .debug_info    0x00008304      0xb10 build/stm32f1xx_hal_rcc.o
 .debug_info    0x00008e14      0x6d7 build/stm32f1xx_hal_gpio.o
 .debug_info    0x000094eb      0xe13 build/stm32f1xx_hal_cortex.o
 .debug_info    0x0000a2fe      0x26e build/system_stm32f1xx.o
 .debug_info    0x0000a56c       0x30 build/startup_stm32f103xb.o

.debug_abbrev   0x00000000     0x1b75
 .debug_abbrev  0x00000000      0x1bf build/main.o
 .debug_abbrev  0x000001bf      0x125 build/gpio.o
 .debug_abbrev  0x000002e4      0x1f6 build/i2c.o
 .debug_abbrev  0x000004da      0x22d build/OLED.o
 .debug_abbrev  0x00000707      0x242 build/Max30102.o
 .debug_abbrev  0x00000949      0x176 build/algorithm.o
 .debug_abbrev  0x00000abf       0x80 build/stm32f1xx_it.o
 .debug_abbrev  0x00000b3f       0xe7 build/stm32f1xx_hal_msp.o
 .debug_abbrev  0x00000c26      0x31e build/stm32f1xx_hal_i2c.o
 .debug_abbrev  0x00000f44      0x232 build/stm32f1xx_hal.o
 .debug_abbrev  0x00001176      0x2d6 build/stm32f1xx_hal_rcc.o
 .debug_abbrev  0x0000144c      0x222 build/stm32f1xx_hal_gpio.o
 .debug_abbrev  0x0000166e      0x3aa build/stm32f1xx_hal_cortex.o
 .debug_abbrev  0x00001a18      0x140 build/system_stm32f1xx.o
 .debug_abbrev  0x00001b58       0x1d build/startup_stm32f103xb.o

.debug_loc      0x00000000     0x8068
 .debug_loc     0x00000000       0x66 build/main.o
 .debug_loc     0x00000066       0x38 build/gpio.o
 .debug_loc     0x0000009e      0x162 build/i2c.o
 .debug_loc     0x00000200      0x87d build/OLED.o
 .debug_loc     0x00000a7d      0x45d build/Max30102.o
 .debug_loc     0x00000eda      0xc06 build/algorithm.o
 .debug_loc     0x00001ae0       0x20 build/stm32f1xx_it.o
 .debug_loc     0x00001b00       0x41 build/stm32f1xx_hal_msp.o
 .debug_loc     0x00001b41     0x4df9 build/stm32f1xx_hal_i2c.o
 .debug_loc     0x0000693a      0x1e1 build/stm32f1xx_hal.o
 .debug_loc     0x00006b1b      0x790 build/stm32f1xx_hal_rcc.o
 .debug_loc     0x000072ab      0x53c build/stm32f1xx_hal_gpio.o
 .debug_loc     0x000077e7      0x782 build/stm32f1xx_hal_cortex.o
 .debug_loc     0x00007f69       0xff build/system_stm32f1xx.o

.debug_aranges  0x00000000      0x7a0
 .debug_aranges
                0x00000000       0x30 build/main.o
 .debug_aranges
                0x00000030       0x20 build/gpio.o
 .debug_aranges
                0x00000050       0x38 build/i2c.o
 .debug_aranges
                0x00000088       0x78 build/OLED.o
 .debug_aranges
                0x00000100       0x58 build/Max30102.o
 .debug_aranges
                0x00000158       0x48 build/algorithm.o
 .debug_aranges
                0x000001a0       0x60 build/stm32f1xx_it.o
 .debug_aranges
                0x00000200       0x20 build/stm32f1xx_hal_msp.o
 .debug_aranges
                0x00000220      0x2a8 build/stm32f1xx_hal_i2c.o
 .debug_aranges
                0x000004c8       0xe0 build/stm32f1xx_hal.o
 .debug_aranges
                0x000005a8       0x90 build/stm32f1xx_hal_rcc.o
 .debug_aranges
                0x00000638       0x58 build/stm32f1xx_hal_gpio.o
 .debug_aranges
                0x00000690       0xc0 build/stm32f1xx_hal_cortex.o
 .debug_aranges
                0x00000750       0x28 build/system_stm32f1xx.o
 .debug_aranges
                0x00000778       0x28 build/startup_stm32f103xb.o

.debug_ranges   0x00000000      0x6f0
 .debug_ranges  0x00000000       0x20 build/main.o
 .debug_ranges  0x00000020       0x10 build/gpio.o
 .debug_ranges  0x00000030       0x28 build/i2c.o
 .debug_ranges  0x00000058       0x68 build/OLED.o
 .debug_ranges  0x000000c0       0x48 build/Max30102.o
 .debug_ranges  0x00000108       0x38 build/algorithm.o
 .debug_ranges  0x00000140       0x50 build/stm32f1xx_it.o
 .debug_ranges  0x00000190       0x10 build/stm32f1xx_hal_msp.o
 .debug_ranges  0x000001a0      0x2b0 build/stm32f1xx_hal_i2c.o
 .debug_ranges  0x00000450       0xd0 build/stm32f1xx_hal.o
 .debug_ranges  0x00000520       0xa0 build/stm32f1xx_hal_rcc.o
 .debug_ranges  0x000005c0       0x48 build/stm32f1xx_hal_gpio.o
 .debug_ranges  0x00000608       0xb0 build/stm32f1xx_hal_cortex.o
 .debug_ranges  0x000006b8       0x18 build/system_stm32f1xx.o
 .debug_ranges  0x000006d0       0x20 build/startup_stm32f103xb.o

.debug_line     0x00000000     0x97d4
 .debug_line    0x00000000      0x30a build/main.o
 .debug_line    0x0000030a      0x1c7 build/gpio.o
 .debug_line    0x000004d1      0x3a5 build/i2c.o
 .debug_line    0x00000876      0x5be build/OLED.o
 .debug_line    0x00000e34      0x576 build/Max30102.o
 .debug_line    0x000013aa      0xa37 build/algorithm.o
 .debug_line    0x00001de1      0x177 build/stm32f1xx_it.o
 .debug_line    0x00001f58      0x188 build/stm32f1xx_hal_msp.o
 .debug_line    0x000020e0     0x563e build/stm32f1xx_hal_i2c.o
 .debug_line    0x0000771e      0x53a build/stm32f1xx_hal.o
 .debug_line    0x00007c58      0xc22 build/stm32f1xx_hal_rcc.o
 .debug_line    0x0000887a      0x5b7 build/stm32f1xx_hal_gpio.o
 .debug_line    0x00008e31      0x6dd build/stm32f1xx_hal_cortex.o
 .debug_line    0x0000950e      0x252 build/system_stm32f1xx.o
 .debug_line    0x00009760       0x74 build/startup_stm32f103xb.o

.debug_str      0x00000000     0x24fd
 .debug_str     0x00000000      0x34f build/main.o
                                0x3a5 (size before relaxing)
 .debug_str     0x0000034f       0xac build/gpio.o
                                0x224 (size before relaxing)
 .debug_str     0x000003fb      0x479 build/i2c.o
                                0x72e (size before relaxing)
 .debug_str     0x00000874      0x118 build/OLED.o
                                0x763 (size before relaxing)
 .debug_str     0x0000098c      0x1e0 build/Max30102.o
                                0x8ce (size before relaxing)
 .debug_str     0x00000b6c      0x2a8 build/algorithm.o
                                0x475 (size before relaxing)
 .debug_str     0x00000e14       0xb4 build/stm32f1xx_it.o
                                0x1f7 (size before relaxing)
 .debug_str     0x00000ec8       0x57 build/stm32f1xx_hal_msp.o
                                0x1f4 (size before relaxing)
 .debug_str     0x00000f1f      0x8f0 build/stm32f1xx_hal_i2c.o
                                0xf9a (size before relaxing)
 .debug_str     0x0000180f      0x5cd build/stm32f1xx_hal.o
                                0x803 (size before relaxing)
 .debug_str     0x00001ddc      0x1ed build/stm32f1xx_hal_rcc.o
                                0x600 (size before relaxing)
 .debug_str     0x00001fc9      0x105 build/stm32f1xx_hal_gpio.o
                                0x3d5 (size before relaxing)
 .debug_str     0x000020ce      0x3ae build/stm32f1xx_hal_cortex.o
                                0x8a8 (size before relaxing)
 .debug_str     0x0000247c       0x4f build/system_stm32f1xx.o
                                0x229 (size before relaxing)
 .debug_str     0x000024cb       0x32 build/startup_stm32f103xb.o
                                 0x60 (size before relaxing)

.comment        0x00000000       0x45
 .comment       0x00000000       0x45 build/main.o
                                 0x46 (size before relaxing)
 .comment       0x00000045       0x46 build/gpio.o
 .comment       0x00000045       0x46 build/i2c.o
 .comment       0x00000045       0x46 build/OLED.o
 .comment       0x00000045       0x46 build/Max30102.o
 .comment       0x00000045       0x46 build/algorithm.o
 .comment       0x00000045       0x46 build/stm32f1xx_it.o
 .comment       0x00000045       0x46 build/stm32f1xx_hal_msp.o
 .comment       0x00000045       0x46 build/stm32f1xx_hal_i2c.o
 .comment       0x00000045       0x46 build/stm32f1xx_hal.o
 .comment       0x00000045       0x46 build/stm32f1xx_hal_rcc.o
 .comment       0x00000045       0x46 build/stm32f1xx_hal_gpio.o
 .comment       0x00000045       0x46 build/stm32f1xx_hal_cortex.o
 .comment       0x00000045       0x46 build/system_stm32f1xx.o

.debug_frame    0x00000000     0x1594
 .debug_frame   0x00000000       0x58 build/main.o
 .debug_frame   0x00000058       0x2c build/gpio.o
 .debug_frame   0x00000084       0x78 build/i2c.o
 .debug_frame   0x000000fc      0x170 build/OLED.o
 .debug_frame   0x0000026c      0x104 build/Max30102.o
 .debug_frame   0x00000370       0xdc build/algorithm.o
 .debug_frame   0x0000044c       0xa8 build/stm32f1xx_it.o
 .debug_frame   0x000004f4       0x28 build/stm32f1xx_hal_msp.o
 .debug_frame   0x0000051c      0x984 build/stm32f1xx_hal_i2c.o
 .debug_frame   0x00000ea0      0x1cc build/stm32f1xx_hal.o
 .debug_frame   0x0000106c      0x184 build/stm32f1xx_hal_rcc.o
 .debug_frame   0x000011f0       0xe4 build/stm32f1xx_hal_gpio.o
 .debug_frame   0x000012d4      0x19c build/stm32f1xx_hal_cortex.o
 .debug_frame   0x00001470       0x30 build/system_stm32f1xx.o
 .debug_frame   0x000014a0       0x2c /nix/store/244x2dv48nan65bmpk2pv3pfl5s5jjn8-gcc-arm-embedded-12.3.rel1/bin/../lib/gcc/arm-none-eabi/12.3.1/../../../../arm-none-eabi/lib/thumb/v7-m/nofp/libc_nano.a(libc_a-init.o)
 .debug_frame   0x000014cc       0x20 /nix/store/244x2dv48nan65bmpk2pv3pfl5s5jjn8-gcc-arm-embedded-12.3.rel1/bin/../lib/gcc/arm-none-eabi/12.3.1/../../../../arm-none-eabi/lib/thumb/v7-m/nofp/libc_nano.a(libc_a-memset.o)
 .debug_frame   0x000014ec       0x4c /nix/store/244x2dv48nan65bmpk2pv3pfl5s5jjn8-gcc-arm-embedded-12.3.rel1/bin/../lib/gcc/arm-none-eabi/12.3.1/thumb/v7-m/nofp/libgcc.a(_arm_addsubsf3.o)
 .debug_frame   0x00001538       0x38 /nix/store/244x2dv48nan65bmpk2pv3pfl5s5jjn8-gcc-arm-embedded-12.3.rel1/bin/../lib/gcc/arm-none-eabi/12.3.1/thumb/v7-m/nofp/libgcc.a(_arm_muldivsf3.o)
 .debug_frame   0x00001570       0x24 /nix/store/244x2dv48nan65bmpk2pv3pfl5s5jjn8-gcc-arm-embedded-12.3.rel1/bin/../lib/gcc/arm-none-eabi/12.3.1/thumb/v7-m/nofp/libgcc.a(_arm_fixsfsi.o)

.debug_line_str
                0x00000000       0xc3
 .debug_line_str
                0x00000000       0xc3 /nix/store/244x2dv48nan65bmpk2pv3pfl5s5jjn8-gcc-arm-embedded-12.3.rel1/bin/../lib/gcc/arm-none-eabi/12.3.1/thumb/v7-m/nofp/libgcc.a(_arm_addsubsf3.o)
 .debug_line_str
                0x000000c3       0xc3 /nix/store/244x2dv48nan65bmpk2pv3pfl5s5jjn8-gcc-arm-embedded-12.3.rel1/bin/../lib/gcc/arm-none-eabi/12.3.1/thumb/v7-m/nofp/libgcc.a(_arm_muldivsf3.o)
 .debug_line_str
                0x000000c3       0xc3 /nix/store/244x2dv48nan65bmpk2pv3pfl5s5jjn8-gcc-arm-embedded-12.3.rel1/bin/../lib/gcc/arm-none-eabi/12.3.1/thumb/v7-m/nofp/libgcc.a(_arm_fixsfsi.o)

Cross Reference Table

Symbol                                            File
ADC1_2_IRQHandler                                 build/startup_stm32f103xb.o
AHBPrescTable                                     build/system_stm32f1xx.o
                                                  build/stm32f1xx_hal_rcc.o
APBPrescTable                                     build/system_stm32f1xx.o
                                                  build/stm32f1xx_hal_rcc.o
BusFault_Handler                                  build/stm32f1xx_it.o
CAN1_RX1_IRQHandler                               build/startup_stm32f103xb.o
CAN1_SCE_IRQHandler                               build/startup_stm32f103xb.o
DMA1_Channel1_IRQHandler                          build/startup_stm32f103xb.o
DMA1_Channel2_IRQHandler                          build/startup_stm32f103xb.o
DMA1_Channel3_IRQHandler                          build/startup_stm32f103xb.o
DMA1_Channel4_IRQHandler                          build/startup_stm32f103xb.o
DMA1_Channel5_IRQHandler                          build/startup_stm32f103xb.o
DMA1_Channel6_IRQHandler                          build/startup_stm32f103xb.o
DMA1_Channel7_IRQHandler                          build/startup_stm32f103xb.o
DebugMon_Handler                                  build/stm32f1xx_it.o
Default_Handler                                   build/startup_stm32f103xb.o
EXTI0_IRQHandler                                  build/startup_stm32f103xb.o
EXTI15_10_IRQHandler                              build/startup_stm32f103xb.o
EXTI1_IRQHandler                                  build/startup_stm32f103xb.o
EXTI2_IRQHandler                                  build/startup_stm32f103xb.o
EXTI3_IRQHandler                                  build/startup_stm32f103xb.o
EXTI4_IRQHandler                                  build/startup_stm32f103xb.o
EXTI9_5_IRQHandler                                build/startup_stm32f103xb.o
Error_Handler                                     build/main.o
                                                  build/i2c.o
FLASH_IRQHandler                                  build/startup_stm32f103xb.o
FLASH_PageErase                                   build/stm32f1xx_hal_flash_ex.o
                                                  build/stm32f1xx_hal_flash.o
FLASH_WaitForLastOperation                        build/stm32f1xx_hal_flash.o
                                                  build/stm32f1xx_hal_flash_ex.o
HAL_DBGMCU_DisableDBGSleepMode                    build/stm32f1xx_hal.o
HAL_DBGMCU_DisableDBGStandbyMode                  build/stm32f1xx_hal.o
HAL_DBGMCU_DisableDBGStopMode                     build/stm32f1xx_hal.o
HAL_DBGMCU_EnableDBGSleepMode                     build/stm32f1xx_hal.o
HAL_DBGMCU_EnableDBGStandbyMode                   build/stm32f1xx_hal.o
HAL_DBGMCU_EnableDBGStopMode                      build/stm32f1xx_hal.o
HAL_DMA_Abort                                     build/stm32f1xx_hal_dma.o
HAL_DMA_Abort_IT                                  build/stm32f1xx_hal_dma.o
                                                  build/stm32f1xx_hal_i2c.o
HAL_DMA_DeInit                                    build/stm32f1xx_hal_dma.o
HAL_DMA_GetError                                  build/stm32f1xx_hal_dma.o
HAL_DMA_GetState                                  build/stm32f1xx_hal_dma.o
                                                  build/stm32f1xx_hal_i2c.o
HAL_DMA_IRQHandler                                build/stm32f1xx_hal_dma.o
HAL_DMA_Init                                      build/stm32f1xx_hal_dma.o
HAL_DMA_PollForTransfer                           build/stm32f1xx_hal_dma.o
HAL_DMA_RegisterCallback                          build/stm32f1xx_hal_dma.o
HAL_DMA_Start                                     build/stm32f1xx_hal_dma.o
HAL_DMA_Start_IT                                  build/stm32f1xx_hal_dma.o
                                                  build/stm32f1xx_hal_i2c.o
HAL_DMA_UnRegisterCallback                        build/stm32f1xx_hal_dma.o
HAL_DeInit                                        build/stm32f1xx_hal.o
HAL_Delay                                         build/stm32f1xx_hal.o
                                                  build/OLED.o
HAL_EXTI_ClearConfigLine                          build/stm32f1xx_hal_exti.o
HAL_EXTI_ClearPending                             build/stm32f1xx_hal_exti.o
HAL_EXTI_GenerateSWI                              build/stm32f1xx_hal_exti.o
HAL_EXTI_GetConfigLine                            build/stm32f1xx_hal_exti.o
HAL_EXTI_GetHandle                                build/stm32f1xx_hal_exti.o
HAL_EXTI_GetPending                               build/stm32f1xx_hal_exti.o
HAL_EXTI_IRQHandler                               build/stm32f1xx_hal_exti.o
HAL_EXTI_RegisterCallback                         build/stm32f1xx_hal_exti.o
HAL_EXTI_SetConfigLine                            build/stm32f1xx_hal_exti.o
HAL_FLASHEx_Erase                                 build/stm32f1xx_hal_flash_ex.o
HAL_FLASHEx_Erase_IT                              build/stm32f1xx_hal_flash_ex.o
HAL_FLASHEx_OBErase                               build/stm32f1xx_hal_flash_ex.o
HAL_FLASHEx_OBGetConfig                           build/stm32f1xx_hal_flash_ex.o
HAL_FLASHEx_OBGetUserData                         build/stm32f1xx_hal_flash_ex.o
HAL_FLASHEx_OBProgram                             build/stm32f1xx_hal_flash_ex.o
HAL_FLASH_EndOfOperationCallback                  build/stm32f1xx_hal_flash.o
HAL_FLASH_GetError                                build/stm32f1xx_hal_flash.o
HAL_FLASH_IRQHandler                              build/stm32f1xx_hal_flash.o
HAL_FLASH_Lock                                    build/stm32f1xx_hal_flash.o
HAL_FLASH_OB_Launch                               build/stm32f1xx_hal_flash.o
HAL_FLASH_OB_Lock                                 build/stm32f1xx_hal_flash.o
HAL_FLASH_OB_Unlock                               build/stm32f1xx_hal_flash.o
HAL_FLASH_OperationErrorCallback                  build/stm32f1xx_hal_flash.o
HAL_FLASH_Program                                 build/stm32f1xx_hal_flash.o
HAL_FLASH_Program_IT                              build/stm32f1xx_hal_flash.o
HAL_FLASH_Unlock                                  build/stm32f1xx_hal_flash.o
HAL_GPIOEx_ConfigEventout                         build/stm32f1xx_hal_gpio_ex.o
HAL_GPIOEx_DisableEventout                        build/stm32f1xx_hal_gpio_ex.o
HAL_GPIOEx_EnableEventout                         build/stm32f1xx_hal_gpio_ex.o
HAL_GPIO_DeInit                                   build/stm32f1xx_hal_gpio.o
                                                  build/i2c.o
HAL_GPIO_EXTI_Callback                            build/stm32f1xx_hal_gpio.o
HAL_GPIO_EXTI_IRQHandler                          build/stm32f1xx_hal_gpio.o
HAL_GPIO_Init                                     build/stm32f1xx_hal_gpio.o
                                                  build/stm32f1xx_hal_rcc.o
                                                  build/i2c.o
                                                  build/gpio.o
HAL_GPIO_LockPin                                  build/stm32f1xx_hal_gpio.o
HAL_GPIO_ReadPin                                  build/stm32f1xx_hal_gpio.o
                                                  build/Max30102.o
HAL_GPIO_TogglePin                                build/stm32f1xx_hal_gpio.o
HAL_GPIO_WritePin                                 build/stm32f1xx_hal_gpio.o
HAL_GetDEVID                                      build/stm32f1xx_hal.o
HAL_GetHalVersion                                 build/stm32f1xx_hal.o
HAL_GetREVID                                      build/stm32f1xx_hal.o
HAL_GetTick                                       build/stm32f1xx_hal.o
                                                  build/stm32f1xx_hal_flash.o
                                                  build/stm32f1xx_hal_dma.o
                                                  build/stm32f1xx_hal_rcc_ex.o
                                                  build/stm32f1xx_hal_rcc.o
                                                  build/stm32f1xx_hal_i2c.o
HAL_GetTickFreq                                   build/stm32f1xx_hal.o
HAL_GetTickPrio                                   build/stm32f1xx_hal.o
HAL_GetUIDw0                                      build/stm32f1xx_hal.o
HAL_GetUIDw1                                      build/stm32f1xx_hal.o
HAL_GetUIDw2                                      build/stm32f1xx_hal.o
HAL_I2C_AbortCpltCallback                         build/stm32f1xx_hal_i2c.o
HAL_I2C_AddrCallback                              build/stm32f1xx_hal_i2c.o
HAL_I2C_DeInit                                    build/stm32f1xx_hal_i2c.o
HAL_I2C_DisableListen_IT                          build/stm32f1xx_hal_i2c.o
HAL_I2C_ER_IRQHandler                             build/stm32f1xx_hal_i2c.o
HAL_I2C_EV_IRQHandler                             build/stm32f1xx_hal_i2c.o
HAL_I2C_EnableListen_IT                           build/stm32f1xx_hal_i2c.o
HAL_I2C_ErrorCallback                             build/stm32f1xx_hal_i2c.o
HAL_I2C_GetError                                  build/stm32f1xx_hal_i2c.o
HAL_I2C_GetMode                                   build/stm32f1xx_hal_i2c.o
HAL_I2C_GetState                                  build/stm32f1xx_hal_i2c.o
HAL_I2C_Init                                      build/stm32f1xx_hal_i2c.o
                                                  build/i2c.o
HAL_I2C_IsDeviceReady                             build/stm32f1xx_hal_i2c.o
HAL_I2C_ListenCpltCallback                        build/stm32f1xx_hal_i2c.o
HAL_I2C_MasterRxCpltCallback                      build/stm32f1xx_hal_i2c.o
HAL_I2C_MasterTxCpltCallback                      build/stm32f1xx_hal_i2c.o
HAL_I2C_Master_Abort_IT                           build/stm32f1xx_hal_i2c.o
HAL_I2C_Master_Receive                            build/stm32f1xx_hal_i2c.o
HAL_I2C_Master_Receive_DMA                        build/stm32f1xx_hal_i2c.o
HAL_I2C_Master_Receive_IT                         build/stm32f1xx_hal_i2c.o
HAL_I2C_Master_Seq_Receive_DMA                    build/stm32f1xx_hal_i2c.o
HAL_I2C_Master_Seq_Receive_IT                     build/stm32f1xx_hal_i2c.o
HAL_I2C_Master_Seq_Transmit_DMA                   build/stm32f1xx_hal_i2c.o
HAL_I2C_Master_Seq_Transmit_IT                    build/stm32f1xx_hal_i2c.o
HAL_I2C_Master_Transmit                           build/stm32f1xx_hal_i2c.o
HAL_I2C_Master_Transmit_DMA                       build/stm32f1xx_hal_i2c.o
HAL_I2C_Master_Transmit_IT                        build/stm32f1xx_hal_i2c.o
HAL_I2C_MemRxCpltCallback                         build/stm32f1xx_hal_i2c.o
HAL_I2C_MemTxCpltCallback                         build/stm32f1xx_hal_i2c.o
HAL_I2C_Mem_Read                                  build/stm32f1xx_hal_i2c.o
                                                  build/Max30102.o
HAL_I2C_Mem_Read_DMA                              build/stm32f1xx_hal_i2c.o
HAL_I2C_Mem_Read_IT                               build/stm32f1xx_hal_i2c.o
HAL_I2C_Mem_Write                                 build/stm32f1xx_hal_i2c.o
                                                  build/Max30102.o
                                                  build/OLED.o
HAL_I2C_Mem_Write_DMA                             build/stm32f1xx_hal_i2c.o
HAL_I2C_Mem_Write_IT                              build/stm32f1xx_hal_i2c.o
HAL_I2C_MspDeInit                                 build/i2c.o
HAL_I2C_MspInit                                   build/i2c.o
HAL_I2C_SlaveRxCpltCallback                       build/stm32f1xx_hal_i2c.o
HAL_I2C_SlaveTxCpltCallback                       build/stm32f1xx_hal_i2c.o
HAL_I2C_Slave_Receive                             build/stm32f1xx_hal_i2c.o
HAL_I2C_Slave_Receive_DMA                         build/stm32f1xx_hal_i2c.o
HAL_I2C_Slave_Receive_IT                          build/stm32f1xx_hal_i2c.o
HAL_I2C_Slave_Seq_Receive_DMA                     build/stm32f1xx_hal_i2c.o
HAL_I2C_Slave_Seq_Receive_IT                      build/stm32f1xx_hal_i2c.o
HAL_I2C_Slave_Seq_Transmit_DMA                    build/stm32f1xx_hal_i2c.o
HAL_I2C_Slave_Seq_Transmit_IT                     build/stm32f1xx_hal_i2c.o
HAL_I2C_Slave_Transmit                            build/stm32f1xx_hal_i2c.o
HAL_I2C_Slave_Transmit_DMA                        build/stm32f1xx_hal_i2c.o
HAL_I2C_Slave_Transmit_IT                         build/stm32f1xx_hal_i2c.o
HAL_IncTick                                       build/stm32f1xx_hal.o
                                                  build/stm32f1xx_it.o
HAL_Init                                          build/stm32f1xx_hal.o
                                                  build/main.o
HAL_InitTick                                      build/stm32f1xx_hal.o
                                                  build/stm32f1xx_hal_rcc.o
HAL_MspDeInit                                     build/stm32f1xx_hal.o
HAL_MspInit                                       build/stm32f1xx_hal_msp.o
HAL_NVIC_ClearPendingIRQ                          build/stm32f1xx_hal_cortex.o
HAL_NVIC_DisableIRQ                               build/stm32f1xx_hal_cortex.o
HAL_NVIC_EnableIRQ                                build/stm32f1xx_hal_cortex.o
HAL_NVIC_GetActive                                build/stm32f1xx_hal_cortex.o
HAL_NVIC_GetPendingIRQ                            build/stm32f1xx_hal_cortex.o
HAL_NVIC_GetPriority                              build/stm32f1xx_hal_cortex.o
HAL_NVIC_GetPriorityGrouping                      build/stm32f1xx_hal_cortex.o
HAL_NVIC_SetPendingIRQ                            build/stm32f1xx_hal_cortex.o
HAL_NVIC_SetPriority                              build/stm32f1xx_hal_cortex.o
                                                  build/stm32f1xx_hal.o
HAL_NVIC_SetPriorityGrouping                      build/stm32f1xx_hal_cortex.o
                                                  build/stm32f1xx_hal.o
HAL_NVIC_SystemReset                              build/stm32f1xx_hal_cortex.o
                                                  build/stm32f1xx_hal_flash.o
HAL_PWR_ConfigPVD                                 build/stm32f1xx_hal_pwr.o
HAL_PWR_DeInit                                    build/stm32f1xx_hal_pwr.o
HAL_PWR_DisableBkUpAccess                         build/stm32f1xx_hal_pwr.o
HAL_PWR_DisablePVD                                build/stm32f1xx_hal_pwr.o
HAL_PWR_DisableSEVOnPend                          build/stm32f1xx_hal_pwr.o
HAL_PWR_DisableSleepOnExit                        build/stm32f1xx_hal_pwr.o
HAL_PWR_DisableWakeUpPin                          build/stm32f1xx_hal_pwr.o
HAL_PWR_EnableBkUpAccess                          build/stm32f1xx_hal_pwr.o
HAL_PWR_EnablePVD                                 build/stm32f1xx_hal_pwr.o
HAL_PWR_EnableSEVOnPend                           build/stm32f1xx_hal_pwr.o
HAL_PWR_EnableSleepOnExit                         build/stm32f1xx_hal_pwr.o
HAL_PWR_EnableWakeUpPin                           build/stm32f1xx_hal_pwr.o
HAL_PWR_EnterSLEEPMode                            build/stm32f1xx_hal_pwr.o
HAL_PWR_EnterSTANDBYMode                          build/stm32f1xx_hal_pwr.o
HAL_PWR_EnterSTOPMode                             build/stm32f1xx_hal_pwr.o
HAL_PWR_PVDCallback                               build/stm32f1xx_hal_pwr.o
HAL_PWR_PVD_IRQHandler                            build/stm32f1xx_hal_pwr.o
HAL_RCCEx_GetPeriphCLKConfig                      build/stm32f1xx_hal_rcc_ex.o
HAL_RCCEx_GetPeriphCLKFreq                        build/stm32f1xx_hal_rcc_ex.o
HAL_RCCEx_PeriphCLKConfig                         build/stm32f1xx_hal_rcc_ex.o
HAL_RCC_CSSCallback                               build/stm32f1xx_hal_rcc.o
HAL_RCC_ClockConfig                               build/stm32f1xx_hal_rcc.o
                                                  build/main.o
HAL_RCC_DeInit                                    build/stm32f1xx_hal_rcc.o
HAL_RCC_DisableCSS                                build/stm32f1xx_hal_rcc.o
HAL_RCC_EnableCSS                                 build/stm32f1xx_hal_rcc.o
HAL_RCC_GetClockConfig                            build/stm32f1xx_hal_rcc.o
HAL_RCC_GetHCLKFreq                               build/stm32f1xx_hal_rcc.o
HAL_RCC_GetOscConfig                              build/stm32f1xx_hal_rcc.o
HAL_RCC_GetPCLK1Freq                              build/stm32f1xx_hal_rcc.o
                                                  build/stm32f1xx_hal_i2c.o
HAL_RCC_GetPCLK2Freq                              build/stm32f1xx_hal_rcc.o
                                                  build/stm32f1xx_hal_rcc_ex.o
HAL_RCC_GetSysClockFreq                           build/stm32f1xx_hal_rcc.o
HAL_RCC_MCOConfig                                 build/stm32f1xx_hal_rcc.o
HAL_RCC_NMI_IRQHandler                            build/stm32f1xx_hal_rcc.o
HAL_RCC_OscConfig                                 build/stm32f1xx_hal_rcc.o
                                                  build/main.o
HAL_ResumeTick                                    build/stm32f1xx_hal.o
HAL_SYSTICK_CLKSourceConfig                       build/stm32f1xx_hal_cortex.o
HAL_SYSTICK_Callback                              build/stm32f1xx_hal_cortex.o
HAL_SYSTICK_Config                                build/stm32f1xx_hal_cortex.o
                                                  build/stm32f1xx_hal.o
HAL_SYSTICK_IRQHandler                            build/stm32f1xx_hal_cortex.o
HAL_SetTickFreq                                   build/stm32f1xx_hal.o
HAL_SuspendTick                                   build/stm32f1xx_hal.o
HardFault_Handler                                 build/stm32f1xx_it.o
I2C1_ER_IRQHandler                                build/startup_stm32f103xb.o
I2C1_EV_IRQHandler                                build/startup_stm32f103xb.o
I2C2_ER_IRQHandler                                build/startup_stm32f103xb.o
I2C2_EV_IRQHandler                                build/startup_stm32f103xb.o
MX_GPIO_Init                                      build/gpio.o
                                                  build/main.o
MX_I2C1_Init                                      build/i2c.o
                                                  build/main.o
MX_I2C2_Init                                      build/i2c.o
                                                  build/main.o
Max30102_Calculate_HR_BO_Value                    build/Max30102.o
Max30102_FIFO_ReadData                            build/Max30102.o
Max30102_Init                                     build/Max30102.o
                                                  build/main.o
Max30102_ReadData                                 build/Max30102.o
Max30102_Reset                                    build/Max30102.o
Max30102_Safety                                   build/Max30102.o
                                                  build/main.o
Max30102_WriteData                                build/Max30102.o
MemManage_Handler                                 build/stm32f1xx_it.o
NMI_Handler                                       build/stm32f1xx_it.o
OLED_Clear                                        build/OLED.o
OLED_F8x16                                        build/OLED.o
OLED_Init                                         build/OLED.o
                                                  build/main.o
OLED_Pow                                          build/OLED.o
OLED_SetCursor                                    build/OLED.o
OLED_ShowBinNum                                   build/OLED.o
OLED_ShowChar                                     build/OLED.o
OLED_ShowHexNum                                   build/OLED.o
OLED_ShowNum                                      build/OLED.o
                                                  build/Max30102.o
OLED_ShowSignedNum                                build/OLED.o
OLED_ShowString                                   build/OLED.o
                                                  build/Max30102.o
                                                  build/main.o
OLED_WriteCommand                                 build/OLED.o
OLED_WriteData                                    build/OLED.o
PVD_IRQHandler                                    build/startup_stm32f103xb.o
PendSV_Handler                                    build/stm32f1xx_it.o
RCC_IRQHandler                                    build/startup_stm32f103xb.o
RTC_Alarm_IRQHandler                              build/startup_stm32f103xb.o
RTC_IRQHandler                                    build/startup_stm32f103xb.o
Read                                              build/Max30102.o
                                                  build/main.o
Reset_Handler                                     build/startup_stm32f103xb.o
SPI1_IRQHandler                                   build/startup_stm32f103xb.o
SPI2_IRQHandler                                   build/startup_stm32f103xb.o
SVC_Handler                                       build/stm32f1xx_it.o
SpO2_valid                                        build/Max30102.o
SysTick_Handler                                   build/stm32f1xx_it.o
SystemClock_Config                                build/main.o
SystemCoreClock                                   build/system_stm32f1xx.o
                                                  build/stm32f1xx_hal_rcc.o
                                                  build/stm32f1xx_hal.o
                                                  build/stm32f1xx_hal_i2c.o
SystemCoreClockUpdate                             build/system_stm32f1xx.o
SystemInit                                        build/system_stm32f1xx.o
                                                  build/startup_stm32f103xb.o
TAMPER_IRQHandler                                 build/startup_stm32f103xb.o
TIM1_BRK_IRQHandler                               build/startup_stm32f103xb.o
TIM1_CC_IRQHandler                                build/startup_stm32f103xb.o
TIM1_TRG_COM_IRQHandler                           build/startup_stm32f103xb.o
TIM1_UP_IRQHandler                                build/startup_stm32f103xb.o
TIM2_IRQHandler                                   build/startup_stm32f103xb.o
TIM3_IRQHandler                                   build/startup_stm32f103xb.o
TIM4_IRQHandler                                   build/startup_stm32f103xb.o
TempData                                          build/Max30102.o
USART1_IRQHandler                                 build/startup_stm32f103xb.o
USART2_IRQHandler                                 build/startup_stm32f103xb.o
USART3_IRQHandler                                 build/startup_stm32f103xb.o
USBWakeUp_IRQHandler                              build/startup_stm32f103xb.o
USB_HP_CAN1_TX_IRQHandler                         build/startup_stm32f103xb.o
USB_LP_CAN1_RX0_IRQHandler                        build/startup_stm32f103xb.o
UsageFault_Handler                                build/stm32f1xx_it.o
WWDG_IRQHandler                                   build/startup_stm32f103xb.o
_ITM_deregisterTMCloneTable                       /nix/store/244x2dv48nan65bmpk2pv3pfl5s5jjn8-gcc-arm-embedded-12.3.rel1/bin/../lib/gcc/arm-none-eabi/12.3.1/thumb/v7-m/nofp/crtbegin.o
_ITM_registerTMCloneTable                         /nix/store/244x2dv48nan65bmpk2pv3pfl5s5jjn8-gcc-arm-embedded-12.3.rel1/bin/../lib/gcc/arm-none-eabi/12.3.1/thumb/v7-m/nofp/crtbegin.o
_Min_Stack_Size                                   build/sysmem.o
__TMC_END__                                       /nix/store/244x2dv48nan65bmpk2pv3pfl5s5jjn8-gcc-arm-embedded-12.3.rel1/bin/../lib/gcc/arm-none-eabi/12.3.1/thumb/v7-m/nofp/crtend.o
                                                  /nix/store/244x2dv48nan65bmpk2pv3pfl5s5jjn8-gcc-arm-embedded-12.3.rel1/bin/../lib/gcc/arm-none-eabi/12.3.1/thumb/v7-m/nofp/crtbegin.o
__addsf3                                          /nix/store/244x2dv48nan65bmpk2pv3pfl5s5jjn8-gcc-arm-embedded-12.3.rel1/bin/../lib/gcc/arm-none-eabi/12.3.1/thumb/v7-m/nofp/libgcc.a(_arm_addsubsf3.o)
__aeabi_f2iz                                      /nix/store/244x2dv48nan65bmpk2pv3pfl5s5jjn8-gcc-arm-embedded-12.3.rel1/bin/../lib/gcc/arm-none-eabi/12.3.1/thumb/v7-m/nofp/libgcc.a(_arm_fixsfsi.o)
                                                  build/Max30102.o
__aeabi_fadd                                      /nix/store/244x2dv48nan65bmpk2pv3pfl5s5jjn8-gcc-arm-embedded-12.3.rel1/bin/../lib/gcc/arm-none-eabi/12.3.1/thumb/v7-m/nofp/libgcc.a(_arm_addsubsf3.o)
__aeabi_fdiv                                      /nix/store/244x2dv48nan65bmpk2pv3pfl5s5jjn8-gcc-arm-embedded-12.3.rel1/bin/../lib/gcc/arm-none-eabi/12.3.1/thumb/v7-m/nofp/libgcc.a(_arm_muldivsf3.o)
                                                  build/Max30102.o
__aeabi_fmul                                      /nix/store/244x2dv48nan65bmpk2pv3pfl5s5jjn8-gcc-arm-embedded-12.3.rel1/bin/../lib/gcc/arm-none-eabi/12.3.1/thumb/v7-m/nofp/libgcc.a(_arm_muldivsf3.o)
                                                  /nix/store/244x2dv48nan65bmpk2pv3pfl5s5jjn8-gcc-arm-embedded-12.3.rel1/bin/../lib/gcc/arm-none-eabi/12.3.1/thumb/v7-m/nofp/libgcc.a(_arm_mulsf3.o)
                                                  build/Max30102.o
__aeabi_frsub                                     /nix/store/244x2dv48nan65bmpk2pv3pfl5s5jjn8-gcc-arm-embedded-12.3.rel1/bin/../lib/gcc/arm-none-eabi/12.3.1/thumb/v7-m/nofp/libgcc.a(_arm_addsubsf3.o)
__aeabi_fsub                                      /nix/store/244x2dv48nan65bmpk2pv3pfl5s5jjn8-gcc-arm-embedded-12.3.rel1/bin/../lib/gcc/arm-none-eabi/12.3.1/thumb/v7-m/nofp/libgcc.a(_arm_addsubsf3.o)
__aeabi_i2f                                       /nix/store/244x2dv48nan65bmpk2pv3pfl5s5jjn8-gcc-arm-embedded-12.3.rel1/bin/../lib/gcc/arm-none-eabi/12.3.1/thumb/v7-m/nofp/libgcc.a(_arm_addsubsf3.o)
__aeabi_l2f                                       /nix/store/244x2dv48nan65bmpk2pv3pfl5s5jjn8-gcc-arm-embedded-12.3.rel1/bin/../lib/gcc/arm-none-eabi/12.3.1/thumb/v7-m/nofp/libgcc.a(_arm_addsubsf3.o)
__aeabi_ui2f                                      /nix/store/244x2dv48nan65bmpk2pv3pfl5s5jjn8-gcc-arm-embedded-12.3.rel1/bin/../lib/gcc/arm-none-eabi/12.3.1/thumb/v7-m/nofp/libgcc.a(_arm_addsubsf3.o)
                                                  build/Max30102.o
__aeabi_ul2f                                      /nix/store/244x2dv48nan65bmpk2pv3pfl5s5jjn8-gcc-arm-embedded-12.3.rel1/bin/../lib/gcc/arm-none-eabi/12.3.1/thumb/v7-m/nofp/libgcc.a(_arm_addsubsf3.o)
__bss_end__                                       /nix/store/244x2dv48nan65bmpk2pv3pfl5s5jjn8-gcc-arm-embedded-12.3.rel1/bin/../lib/gcc/arm-none-eabi/12.3.1/../../../../arm-none-eabi/lib/thumb/v7-m/nofp/crt0.o
__bss_start__                                     /nix/store/244x2dv48nan65bmpk2pv3pfl5s5jjn8-gcc-arm-embedded-12.3.rel1/bin/../lib/gcc/arm-none-eabi/12.3.1/../../../../arm-none-eabi/lib/thumb/v7-m/nofp/crt0.o
__call_exitprocs                                  /nix/store/244x2dv48nan65bmpk2pv3pfl5s5jjn8-gcc-arm-embedded-12.3.rel1/bin/../lib/gcc/arm-none-eabi/12.3.1/../../../../arm-none-eabi/lib/thumb/v7-m/nofp/libc_nano.a(libc_a-exit.o)
__deregister_frame_info                           /nix/store/244x2dv48nan65bmpk2pv3pfl5s5jjn8-gcc-arm-embedded-12.3.rel1/bin/../lib/gcc/arm-none-eabi/12.3.1/thumb/v7-m/nofp/crtbegin.o
__divsf3                                          /nix/store/244x2dv48nan65bmpk2pv3pfl5s5jjn8-gcc-arm-embedded-12.3.rel1/bin/../lib/gcc/arm-none-eabi/12.3.1/thumb/v7-m/nofp/libgcc.a(_arm_muldivsf3.o)
__dso_handle                                      /nix/store/244x2dv48nan65bmpk2pv3pfl5s5jjn8-gcc-arm-embedded-12.3.rel1/bin/../lib/gcc/arm-none-eabi/12.3.1/thumb/v7-m/nofp/crtbegin.o
__env                                             build/syscalls.o
__errno                                           /nix/store/244x2dv48nan65bmpk2pv3pfl5s5jjn8-gcc-arm-embedded-12.3.rel1/bin/../lib/gcc/arm-none-eabi/12.3.1/../../../../arm-none-eabi/lib/thumb/v7-m/nofp/libc_nano.a(libc_a-errno.o)
                                                  build/syscalls.o
                                                  build/sysmem.o
__fixsfsi                                         /nix/store/244x2dv48nan65bmpk2pv3pfl5s5jjn8-gcc-arm-embedded-12.3.rel1/bin/../lib/gcc/arm-none-eabi/12.3.1/thumb/v7-m/nofp/libgcc.a(_arm_fixsfsi.o)
__floatdisf                                       /nix/store/244x2dv48nan65bmpk2pv3pfl5s5jjn8-gcc-arm-embedded-12.3.rel1/bin/../lib/gcc/arm-none-eabi/12.3.1/thumb/v7-m/nofp/libgcc.a(_arm_addsubsf3.o)
__floatsisf                                       /nix/store/244x2dv48nan65bmpk2pv3pfl5s5jjn8-gcc-arm-embedded-12.3.rel1/bin/../lib/gcc/arm-none-eabi/12.3.1/thumb/v7-m/nofp/libgcc.a(_arm_addsubsf3.o)
__floatundisf                                     /nix/store/244x2dv48nan65bmpk2pv3pfl5s5jjn8-gcc-arm-embedded-12.3.rel1/bin/../lib/gcc/arm-none-eabi/12.3.1/thumb/v7-m/nofp/libgcc.a(_arm_addsubsf3.o)
__floatunsisf                                     /nix/store/244x2dv48nan65bmpk2pv3pfl5s5jjn8-gcc-arm-embedded-12.3.rel1/bin/../lib/gcc/arm-none-eabi/12.3.1/thumb/v7-m/nofp/libgcc.a(_arm_addsubsf3.o)
__fp_lock_all                                     /nix/store/244x2dv48nan65bmpk2pv3pfl5s5jjn8-gcc-arm-embedded-12.3.rel1/bin/../lib/gcc/arm-none-eabi/12.3.1/../../../../arm-none-eabi/lib/thumb/v7-m/nofp/libc_nano.a(libc_a-findfp.o)
__fp_unlock_all                                   /nix/store/244x2dv48nan65bmpk2pv3pfl5s5jjn8-gcc-arm-embedded-12.3.rel1/bin/../lib/gcc/arm-none-eabi/12.3.1/../../../../arm-none-eabi/lib/thumb/v7-m/nofp/libc_nano.a(libc_a-findfp.o)
__init_array_end                                  /nix/store/244x2dv48nan65bmpk2pv3pfl5s5jjn8-gcc-arm-embedded-12.3.rel1/bin/../lib/gcc/arm-none-eabi/12.3.1/../../../../arm-none-eabi/lib/thumb/v7-m/nofp/libc_nano.a(libc_a-init.o)
__init_array_start                                /nix/store/244x2dv48nan65bmpk2pv3pfl5s5jjn8-gcc-arm-embedded-12.3.rel1/bin/../lib/gcc/arm-none-eabi/12.3.1/../../../../arm-none-eabi/lib/thumb/v7-m/nofp/libc_nano.a(libc_a-init.o)
__io_getchar                                      build/syscalls.o
__io_putchar                                      build/syscalls.o
__libc_fini_array                                 /nix/store/244x2dv48nan65bmpk2pv3pfl5s5jjn8-gcc-arm-embedded-12.3.rel1/bin/../lib/gcc/arm-none-eabi/12.3.1/../../../../arm-none-eabi/lib/thumb/v7-m/nofp/crt0.o
__libc_init_array                                 /nix/store/244x2dv48nan65bmpk2pv3pfl5s5jjn8-gcc-arm-embedded-12.3.rel1/bin/../lib/gcc/arm-none-eabi/12.3.1/../../../../arm-none-eabi/lib/thumb/v7-m/nofp/libc_nano.a(libc_a-init.o)
                                                  build/startup_stm32f103xb.o
                                                  /nix/store/244x2dv48nan65bmpk2pv3pfl5s5jjn8-gcc-arm-embedded-12.3.rel1/bin/../lib/gcc/arm-none-eabi/12.3.1/../../../../arm-none-eabi/lib/thumb/v7-m/nofp/crt0.o
__lock___arc4random_mutex                         /nix/store/244x2dv48nan65bmpk2pv3pfl5s5jjn8-gcc-arm-embedded-12.3.rel1/bin/../lib/gcc/arm-none-eabi/12.3.1/../../../../arm-none-eabi/lib/thumb/v7-m/nofp/libc_nano.a(libc_a-lock.o)
__lock___at_quick_exit_mutex                      /nix/store/244x2dv48nan65bmpk2pv3pfl5s5jjn8-gcc-arm-embedded-12.3.rel1/bin/../lib/gcc/arm-none-eabi/12.3.1/../../../../arm-none-eabi/lib/thumb/v7-m/nofp/libc_nano.a(libc_a-lock.o)
__lock___atexit_recursive_mutex                   /nix/store/244x2dv48nan65bmpk2pv3pfl5s5jjn8-gcc-arm-embedded-12.3.rel1/bin/../lib/gcc/arm-none-eabi/12.3.1/../../../../arm-none-eabi/lib/thumb/v7-m/nofp/libc_nano.a(libc_a-lock.o)
__lock___dd_hash_mutex                            /nix/store/244x2dv48nan65bmpk2pv3pfl5s5jjn8-gcc-arm-embedded-12.3.rel1/bin/../lib/gcc/arm-none-eabi/12.3.1/../../../../arm-none-eabi/lib/thumb/v7-m/nofp/libc_nano.a(libc_a-lock.o)
__lock___env_recursive_mutex                      /nix/store/244x2dv48nan65bmpk2pv3pfl5s5jjn8-gcc-arm-embedded-12.3.rel1/bin/../lib/gcc/arm-none-eabi/12.3.1/../../../../arm-none-eabi/lib/thumb/v7-m/nofp/libc_nano.a(libc_a-lock.o)
__lock___malloc_recursive_mutex                   /nix/store/244x2dv48nan65bmpk2pv3pfl5s5jjn8-gcc-arm-embedded-12.3.rel1/bin/../lib/gcc/arm-none-eabi/12.3.1/../../../../arm-none-eabi/lib/thumb/v7-m/nofp/libc_nano.a(libc_a-lock.o)
                                                  /nix/store/244x2dv48nan65bmpk2pv3pfl5s5jjn8-gcc-arm-embedded-12.3.rel1/bin/../lib/gcc/arm-none-eabi/12.3.1/../../../../arm-none-eabi/lib/thumb/v7-m/nofp/libc_nano.a(libc_a-mlock.o)
__lock___sfp_recursive_mutex                      /nix/store/244x2dv48nan65bmpk2pv3pfl5s5jjn8-gcc-arm-embedded-12.3.rel1/bin/../lib/gcc/arm-none-eabi/12.3.1/../../../../arm-none-eabi/lib/thumb/v7-m/nofp/libc_nano.a(libc_a-lock.o)
                                                  /nix/store/244x2dv48nan65bmpk2pv3pfl5s5jjn8-gcc-arm-embedded-12.3.rel1/bin/../lib/gcc/arm-none-eabi/12.3.1/../../../../arm-none-eabi/lib/thumb/v7-m/nofp/libc_nano.a(libc_a-findfp.o)
__lock___tz_mutex                                 /nix/store/244x2dv48nan65bmpk2pv3pfl5s5jjn8-gcc-arm-embedded-12.3.rel1/bin/../lib/gcc/arm-none-eabi/12.3.1/../../../../arm-none-eabi/lib/thumb/v7-m/nofp/libc_nano.a(libc_a-lock.o)
__malloc_free_list                                /nix/store/244x2dv48nan65bmpk2pv3pfl5s5jjn8-gcc-arm-embedded-12.3.rel1/bin/../lib/gcc/arm-none-eabi/12.3.1/../../../../arm-none-eabi/lib/thumb/v7-m/nofp/libc_nano.a(libc_a-mallocr.o)
                                                  /nix/store/244x2dv48nan65bmpk2pv3pfl5s5jjn8-gcc-arm-embedded-12.3.rel1/bin/../lib/gcc/arm-none-eabi/12.3.1/../../../../arm-none-eabi/lib/thumb/v7-m/nofp/libc_nano.a(libc_a-freer.o)
__malloc_lock                                     /nix/store/244x2dv48nan65bmpk2pv3pfl5s5jjn8-gcc-arm-embedded-12.3.rel1/bin/../lib/gcc/arm-none-eabi/12.3.1/../../../../arm-none-eabi/lib/thumb/v7-m/nofp/libc_nano.a(libc_a-mlock.o)
                                                  /nix/store/244x2dv48nan65bmpk2pv3pfl5s5jjn8-gcc-arm-embedded-12.3.rel1/bin/../lib/gcc/arm-none-eabi/12.3.1/../../../../arm-none-eabi/lib/thumb/v7-m/nofp/libc_nano.a(libc_a-freer.o)
                                                  /nix/store/244x2dv48nan65bmpk2pv3pfl5s5jjn8-gcc-arm-embedded-12.3.rel1/bin/../lib/gcc/arm-none-eabi/12.3.1/../../../../arm-none-eabi/lib/thumb/v7-m/nofp/libc_nano.a(libc_a-mallocr.o)
__malloc_sbrk_start                               /nix/store/244x2dv48nan65bmpk2pv3pfl5s5jjn8-gcc-arm-embedded-12.3.rel1/bin/../lib/gcc/arm-none-eabi/12.3.1/../../../../arm-none-eabi/lib/thumb/v7-m/nofp/libc_nano.a(libc_a-mallocr.o)
__malloc_unlock                                   /nix/store/244x2dv48nan65bmpk2pv3pfl5s5jjn8-gcc-arm-embedded-12.3.rel1/bin/../lib/gcc/arm-none-eabi/12.3.1/../../../../arm-none-eabi/lib/thumb/v7-m/nofp/libc_nano.a(libc_a-mlock.o)
                                                  /nix/store/244x2dv48nan65bmpk2pv3pfl5s5jjn8-gcc-arm-embedded-12.3.rel1/bin/../lib/gcc/arm-none-eabi/12.3.1/../../../../arm-none-eabi/lib/thumb/v7-m/nofp/libc_nano.a(libc_a-freer.o)
                                                  /nix/store/244x2dv48nan65bmpk2pv3pfl5s5jjn8-gcc-arm-embedded-12.3.rel1/bin/../lib/gcc/arm-none-eabi/12.3.1/../../../../arm-none-eabi/lib/thumb/v7-m/nofp/libc_nano.a(libc_a-mallocr.o)
__mulsf3                                          /nix/store/244x2dv48nan65bmpk2pv3pfl5s5jjn8-gcc-arm-embedded-12.3.rel1/bin/../lib/gcc/arm-none-eabi/12.3.1/thumb/v7-m/nofp/libgcc.a(_arm_muldivsf3.o)
                                                  /nix/store/244x2dv48nan65bmpk2pv3pfl5s5jjn8-gcc-arm-embedded-12.3.rel1/bin/../lib/gcc/arm-none-eabi/12.3.1/thumb/v7-m/nofp/libgcc.a(_arm_mulsf3.o)
__preinit_array_end                               /nix/store/244x2dv48nan65bmpk2pv3pfl5s5jjn8-gcc-arm-embedded-12.3.rel1/bin/../lib/gcc/arm-none-eabi/12.3.1/../../../../arm-none-eabi/lib/thumb/v7-m/nofp/libc_nano.a(libc_a-init.o)
__preinit_array_start                             /nix/store/244x2dv48nan65bmpk2pv3pfl5s5jjn8-gcc-arm-embedded-12.3.rel1/bin/../lib/gcc/arm-none-eabi/12.3.1/../../../../arm-none-eabi/lib/thumb/v7-m/nofp/libc_nano.a(libc_a-init.o)
__register_frame_info                             /nix/store/244x2dv48nan65bmpk2pv3pfl5s5jjn8-gcc-arm-embedded-12.3.rel1/bin/../lib/gcc/arm-none-eabi/12.3.1/thumb/v7-m/nofp/crtbegin.o
__retarget_lock_acquire                           /nix/store/244x2dv48nan65bmpk2pv3pfl5s5jjn8-gcc-arm-embedded-12.3.rel1/bin/../lib/gcc/arm-none-eabi/12.3.1/../../../../arm-none-eabi/lib/thumb/v7-m/nofp/libc_nano.a(libc_a-lock.o)
__retarget_lock_acquire_recursive                 /nix/store/244x2dv48nan65bmpk2pv3pfl5s5jjn8-gcc-arm-embedded-12.3.rel1/bin/../lib/gcc/arm-none-eabi/12.3.1/../../../../arm-none-eabi/lib/thumb/v7-m/nofp/libc_nano.a(libc_a-lock.o)
                                                  /nix/store/244x2dv48nan65bmpk2pv3pfl5s5jjn8-gcc-arm-embedded-12.3.rel1/bin/../lib/gcc/arm-none-eabi/12.3.1/../../../../arm-none-eabi/lib/thumb/v7-m/nofp/libc_nano.a(libc_a-mlock.o)
                                                  /nix/store/244x2dv48nan65bmpk2pv3pfl5s5jjn8-gcc-arm-embedded-12.3.rel1/bin/../lib/gcc/arm-none-eabi/12.3.1/../../../../arm-none-eabi/lib/thumb/v7-m/nofp/libc_nano.a(libc_a-fflush.o)
                                                  /nix/store/244x2dv48nan65bmpk2pv3pfl5s5jjn8-gcc-arm-embedded-12.3.rel1/bin/../lib/gcc/arm-none-eabi/12.3.1/../../../../arm-none-eabi/lib/thumb/v7-m/nofp/libc_nano.a(libc_a-findfp.o)
__retarget_lock_close                             /nix/store/244x2dv48nan65bmpk2pv3pfl5s5jjn8-gcc-arm-embedded-12.3.rel1/bin/../lib/gcc/arm-none-eabi/12.3.1/../../../../arm-none-eabi/lib/thumb/v7-m/nofp/libc_nano.a(libc_a-lock.o)
__retarget_lock_close_recursive                   /nix/store/244x2dv48nan65bmpk2pv3pfl5s5jjn8-gcc-arm-embedded-12.3.rel1/bin/../lib/gcc/arm-none-eabi/12.3.1/../../../../arm-none-eabi/lib/thumb/v7-m/nofp/libc_nano.a(libc_a-lock.o)
__retarget_lock_init                              /nix/store/244x2dv48nan65bmpk2pv3pfl5s5jjn8-gcc-arm-embedded-12.3.rel1/bin/../lib/gcc/arm-none-eabi/12.3.1/../../../../arm-none-eabi/lib/thumb/v7-m/nofp/libc_nano.a(libc_a-lock.o)
__retarget_lock_init_recursive                    /nix/store/244x2dv48nan65bmpk2pv3pfl5s5jjn8-gcc-arm-embedded-12.3.rel1/bin/../lib/gcc/arm-none-eabi/12.3.1/../../../../arm-none-eabi/lib/thumb/v7-m/nofp/libc_nano.a(libc_a-lock.o)
                                                  /nix/store/244x2dv48nan65bmpk2pv3pfl5s5jjn8-gcc-arm-embedded-12.3.rel1/bin/../lib/gcc/arm-none-eabi/12.3.1/../../../../arm-none-eabi/lib/thumb/v7-m/nofp/libc_nano.a(libc_a-findfp.o)
__retarget_lock_release                           /nix/store/244x2dv48nan65bmpk2pv3pfl5s5jjn8-gcc-arm-embedded-12.3.rel1/bin/../lib/gcc/arm-none-eabi/12.3.1/../../../../arm-none-eabi/lib/thumb/v7-m/nofp/libc_nano.a(libc_a-lock.o)
__retarget_lock_release_recursive                 /nix/store/244x2dv48nan65bmpk2pv3pfl5s5jjn8-gcc-arm-embedded-12.3.rel1/bin/../lib/gcc/arm-none-eabi/12.3.1/../../../../arm-none-eabi/lib/thumb/v7-m/nofp/libc_nano.a(libc_a-lock.o)
                                                  /nix/store/244x2dv48nan65bmpk2pv3pfl5s5jjn8-gcc-arm-embedded-12.3.rel1/bin/../lib/gcc/arm-none-eabi/12.3.1/../../../../arm-none-eabi/lib/thumb/v7-m/nofp/libc_nano.a(libc_a-mlock.o)
                                                  /nix/store/244x2dv48nan65bmpk2pv3pfl5s5jjn8-gcc-arm-embedded-12.3.rel1/bin/../lib/gcc/arm-none-eabi/12.3.1/../../../../arm-none-eabi/lib/thumb/v7-m/nofp/libc_nano.a(libc_a-fflush.o)
                                                  /nix/store/244x2dv48nan65bmpk2pv3pfl5s5jjn8-gcc-arm-embedded-12.3.rel1/bin/../lib/gcc/arm-none-eabi/12.3.1/../../../../arm-none-eabi/lib/thumb/v7-m/nofp/libc_nano.a(libc_a-findfp.o)
__retarget_lock_try_acquire                       /nix/store/244x2dv48nan65bmpk2pv3pfl5s5jjn8-gcc-arm-embedded-12.3.rel1/bin/../lib/gcc/arm-none-eabi/12.3.1/../../../../arm-none-eabi/lib/thumb/v7-m/nofp/libc_nano.a(libc_a-lock.o)
__retarget_lock_try_acquire_recursive             /nix/store/244x2dv48nan65bmpk2pv3pfl5s5jjn8-gcc-arm-embedded-12.3.rel1/bin/../lib/gcc/arm-none-eabi/12.3.1/../../../../arm-none-eabi/lib/thumb/v7-m/nofp/libc_nano.a(libc_a-lock.o)
__sclose                                          /nix/store/244x2dv48nan65bmpk2pv3pfl5s5jjn8-gcc-arm-embedded-12.3.rel1/bin/../lib/gcc/arm-none-eabi/12.3.1/../../../../arm-none-eabi/lib/thumb/v7-m/nofp/libc_nano.a(libc_a-stdio.o)
                                                  /nix/store/244x2dv48nan65bmpk2pv3pfl5s5jjn8-gcc-arm-embedded-12.3.rel1/bin/../lib/gcc/arm-none-eabi/12.3.1/../../../../arm-none-eabi/lib/thumb/v7-m/nofp/libc_nano.a(libc_a-findfp.o)
__seofread                                        /nix/store/244x2dv48nan65bmpk2pv3pfl5s5jjn8-gcc-arm-embedded-12.3.rel1/bin/../lib/gcc/arm-none-eabi/12.3.1/../../../../arm-none-eabi/lib/thumb/v7-m/nofp/libc_nano.a(libc_a-stdio.o)
__sf                                              /nix/store/244x2dv48nan65bmpk2pv3pfl5s5jjn8-gcc-arm-embedded-12.3.rel1/bin/../lib/gcc/arm-none-eabi/12.3.1/../../../../arm-none-eabi/lib/thumb/v7-m/nofp/libc_nano.a(libc_a-findfp.o)
                                                  /nix/store/244x2dv48nan65bmpk2pv3pfl5s5jjn8-gcc-arm-embedded-12.3.rel1/bin/../lib/gcc/arm-none-eabi/12.3.1/../../../../arm-none-eabi/lib/thumb/v7-m/nofp/libc_nano.a(libc_a-impure.o)
__sflush_r                                        /nix/store/244x2dv48nan65bmpk2pv3pfl5s5jjn8-gcc-arm-embedded-12.3.rel1/bin/../lib/gcc/arm-none-eabi/12.3.1/../../../../arm-none-eabi/lib/thumb/v7-m/nofp/libc_nano.a(libc_a-fflush.o)
__sfp                                             /nix/store/244x2dv48nan65bmpk2pv3pfl5s5jjn8-gcc-arm-embedded-12.3.rel1/bin/../lib/gcc/arm-none-eabi/12.3.1/../../../../arm-none-eabi/lib/thumb/v7-m/nofp/libc_nano.a(libc_a-findfp.o)
__sfp_lock_acquire                                /nix/store/244x2dv48nan65bmpk2pv3pfl5s5jjn8-gcc-arm-embedded-12.3.rel1/bin/../lib/gcc/arm-none-eabi/12.3.1/../../../../arm-none-eabi/lib/thumb/v7-m/nofp/libc_nano.a(libc_a-findfp.o)
__sfp_lock_release                                /nix/store/244x2dv48nan65bmpk2pv3pfl5s5jjn8-gcc-arm-embedded-12.3.rel1/bin/../lib/gcc/arm-none-eabi/12.3.1/../../../../arm-none-eabi/lib/thumb/v7-m/nofp/libc_nano.a(libc_a-findfp.o)
__sglue                                           /nix/store/244x2dv48nan65bmpk2pv3pfl5s5jjn8-gcc-arm-embedded-12.3.rel1/bin/../lib/gcc/arm-none-eabi/12.3.1/../../../../arm-none-eabi/lib/thumb/v7-m/nofp/libc_nano.a(libc_a-findfp.o)
                                                  /nix/store/244x2dv48nan65bmpk2pv3pfl5s5jjn8-gcc-arm-embedded-12.3.rel1/bin/../lib/gcc/arm-none-eabi/12.3.1/../../../../arm-none-eabi/lib/thumb/v7-m/nofp/libc_nano.a(libc_a-fflush.o)
__sinit                                           /nix/store/244x2dv48nan65bmpk2pv3pfl5s5jjn8-gcc-arm-embedded-12.3.rel1/bin/../lib/gcc/arm-none-eabi/12.3.1/../../../../arm-none-eabi/lib/thumb/v7-m/nofp/libc_nano.a(libc_a-findfp.o)
                                                  /nix/store/244x2dv48nan65bmpk2pv3pfl5s5jjn8-gcc-arm-embedded-12.3.rel1/bin/../lib/gcc/arm-none-eabi/12.3.1/../../../../arm-none-eabi/lib/thumb/v7-m/nofp/libc_nano.a(libc_a-fflush.o)
__sread                                           /nix/store/244x2dv48nan65bmpk2pv3pfl5s5jjn8-gcc-arm-embedded-12.3.rel1/bin/../lib/gcc/arm-none-eabi/12.3.1/../../../../arm-none-eabi/lib/thumb/v7-m/nofp/libc_nano.a(libc_a-stdio.o)
                                                  /nix/store/244x2dv48nan65bmpk2pv3pfl5s5jjn8-gcc-arm-embedded-12.3.rel1/bin/../lib/gcc/arm-none-eabi/12.3.1/../../../../arm-none-eabi/lib/thumb/v7-m/nofp/libc_nano.a(libc_a-findfp.o)
__sseek                                           /nix/store/244x2dv48nan65bmpk2pv3pfl5s5jjn8-gcc-arm-embedded-12.3.rel1/bin/../lib/gcc/arm-none-eabi/12.3.1/../../../../arm-none-eabi/lib/thumb/v7-m/nofp/libc_nano.a(libc_a-stdio.o)
                                                  /nix/store/244x2dv48nan65bmpk2pv3pfl5s5jjn8-gcc-arm-embedded-12.3.rel1/bin/../lib/gcc/arm-none-eabi/12.3.1/../../../../arm-none-eabi/lib/thumb/v7-m/nofp/libc_nano.a(libc_a-findfp.o)
__stack                                           /nix/store/244x2dv48nan65bmpk2pv3pfl5s5jjn8-gcc-arm-embedded-12.3.rel1/bin/../lib/gcc/arm-none-eabi/12.3.1/../../../../arm-none-eabi/lib/thumb/v7-m/nofp/crt0.o
__stdio_exit_handler                              /nix/store/244x2dv48nan65bmpk2pv3pfl5s5jjn8-gcc-arm-embedded-12.3.rel1/bin/../lib/gcc/arm-none-eabi/12.3.1/../../../../arm-none-eabi/lib/thumb/v7-m/nofp/libc_nano.a(libc_a-findfp.o)
                                                  /nix/store/244x2dv48nan65bmpk2pv3pfl5s5jjn8-gcc-arm-embedded-12.3.rel1/bin/../lib/gcc/arm-none-eabi/12.3.1/../../../../arm-none-eabi/lib/thumb/v7-m/nofp/libc_nano.a(libc_a-exit.o)
__subsf3                                          /nix/store/244x2dv48nan65bmpk2pv3pfl5s5jjn8-gcc-arm-embedded-12.3.rel1/bin/../lib/gcc/arm-none-eabi/12.3.1/thumb/v7-m/nofp/libgcc.a(_arm_addsubsf3.o)
__swrite                                          /nix/store/244x2dv48nan65bmpk2pv3pfl5s5jjn8-gcc-arm-embedded-12.3.rel1/bin/../lib/gcc/arm-none-eabi/12.3.1/../../../../arm-none-eabi/lib/thumb/v7-m/nofp/libc_nano.a(libc_a-stdio.o)
                                                  /nix/store/244x2dv48nan65bmpk2pv3pfl5s5jjn8-gcc-arm-embedded-12.3.rel1/bin/../lib/gcc/arm-none-eabi/12.3.1/../../../../arm-none-eabi/lib/thumb/v7-m/nofp/libc_nano.a(libc_a-findfp.o)
_close                                            build/syscalls.o
                                                  /nix/store/244x2dv48nan65bmpk2pv3pfl5s5jjn8-gcc-arm-embedded-12.3.rel1/bin/../lib/gcc/arm-none-eabi/12.3.1/../../../../arm-none-eabi/lib/thumb/v7-m/nofp/libc_nano.a(libc_a-closer.o)
_close_r                                          /nix/store/244x2dv48nan65bmpk2pv3pfl5s5jjn8-gcc-arm-embedded-12.3.rel1/bin/../lib/gcc/arm-none-eabi/12.3.1/../../../../arm-none-eabi/lib/thumb/v7-m/nofp/libc_nano.a(libc_a-closer.o)
                                                  /nix/store/244x2dv48nan65bmpk2pv3pfl5s5jjn8-gcc-arm-embedded-12.3.rel1/bin/../lib/gcc/arm-none-eabi/12.3.1/../../../../arm-none-eabi/lib/thumb/v7-m/nofp/libc_nano.a(libc_a-stdio.o)
_ebss                                             build/startup_stm32f103xb.o
_edata                                            build/startup_stm32f103xb.o
_end                                              build/sysmem.o
_estack                                           build/startup_stm32f103xb.o
                                                  build/sysmem.o
_execve                                           build/syscalls.o
_exit                                             build/syscalls.o
                                                  /nix/store/244x2dv48nan65bmpk2pv3pfl5s5jjn8-gcc-arm-embedded-12.3.rel1/bin/../lib/gcc/arm-none-eabi/12.3.1/../../../../arm-none-eabi/lib/thumb/v7-m/nofp/libc_nano.a(libc_a-exit.o)
_fflush_r                                         /nix/store/244x2dv48nan65bmpk2pv3pfl5s5jjn8-gcc-arm-embedded-12.3.rel1/bin/../lib/gcc/arm-none-eabi/12.3.1/../../../../arm-none-eabi/lib/thumb/v7-m/nofp/libc_nano.a(libc_a-fflush.o)
                                                  /nix/store/244x2dv48nan65bmpk2pv3pfl5s5jjn8-gcc-arm-embedded-12.3.rel1/bin/../lib/gcc/arm-none-eabi/12.3.1/../../../../arm-none-eabi/lib/thumb/v7-m/nofp/libc_nano.a(libc_a-findfp.o)
_fini                                             /nix/store/244x2dv48nan65bmpk2pv3pfl5s5jjn8-gcc-arm-embedded-12.3.rel1/bin/../lib/gcc/arm-none-eabi/12.3.1/thumb/v7-m/nofp/crti.o
_fork                                             build/syscalls.o
_free_r                                           /nix/store/244x2dv48nan65bmpk2pv3pfl5s5jjn8-gcc-arm-embedded-12.3.rel1/bin/../lib/gcc/arm-none-eabi/12.3.1/../../../../arm-none-eabi/lib/thumb/v7-m/nofp/libc_nano.a(libc_a-freer.o)
                                                  /nix/store/244x2dv48nan65bmpk2pv3pfl5s5jjn8-gcc-arm-embedded-12.3.rel1/bin/../lib/gcc/arm-none-eabi/12.3.1/../../../../arm-none-eabi/lib/thumb/v7-m/nofp/libc_nano.a(libc_a-fflush.o)
                                                  /nix/store/244x2dv48nan65bmpk2pv3pfl5s5jjn8-gcc-arm-embedded-12.3.rel1/bin/../lib/gcc/arm-none-eabi/12.3.1/../../../../arm-none-eabi/lib/thumb/v7-m/nofp/libc_nano.a(libc_a-reent.o)
_fstat                                            build/syscalls.o
_fwalk_sglue                                      /nix/store/244x2dv48nan65bmpk2pv3pfl5s5jjn8-gcc-arm-embedded-12.3.rel1/bin/../lib/gcc/arm-none-eabi/12.3.1/../../../../arm-none-eabi/lib/thumb/v7-m/nofp/libc_nano.a(libc_a-fwalk.o)
                                                  /nix/store/244x2dv48nan65bmpk2pv3pfl5s5jjn8-gcc-arm-embedded-12.3.rel1/bin/../lib/gcc/arm-none-eabi/12.3.1/../../../../arm-none-eabi/lib/thumb/v7-m/nofp/libc_nano.a(libc_a-fflush.o)
                                                  /nix/store/244x2dv48nan65bmpk2pv3pfl5s5jjn8-gcc-arm-embedded-12.3.rel1/bin/../lib/gcc/arm-none-eabi/12.3.1/../../../../arm-none-eabi/lib/thumb/v7-m/nofp/libc_nano.a(libc_a-findfp.o)
_getpid                                           build/syscalls.o
_impure_data                                      /nix/store/244x2dv48nan65bmpk2pv3pfl5s5jjn8-gcc-arm-embedded-12.3.rel1/bin/../lib/gcc/arm-none-eabi/12.3.1/../../../../arm-none-eabi/lib/thumb/v7-m/nofp/libc_nano.a(libc_a-impure.o)
                                                  /nix/store/244x2dv48nan65bmpk2pv3pfl5s5jjn8-gcc-arm-embedded-12.3.rel1/bin/../lib/gcc/arm-none-eabi/12.3.1/../../../../arm-none-eabi/lib/thumb/v7-m/nofp/libc_nano.a(libc_a-fflush.o)
                                                  /nix/store/244x2dv48nan65bmpk2pv3pfl5s5jjn8-gcc-arm-embedded-12.3.rel1/bin/../lib/gcc/arm-none-eabi/12.3.1/../../../../arm-none-eabi/lib/thumb/v7-m/nofp/libc_nano.a(libc_a-findfp.o)
_impure_ptr                                       /nix/store/244x2dv48nan65bmpk2pv3pfl5s5jjn8-gcc-arm-embedded-12.3.rel1/bin/../lib/gcc/arm-none-eabi/12.3.1/../../../../arm-none-eabi/lib/thumb/v7-m/nofp/libc_nano.a(libc_a-impure.o)
                                                  /nix/store/244x2dv48nan65bmpk2pv3pfl5s5jjn8-gcc-arm-embedded-12.3.rel1/bin/../lib/gcc/arm-none-eabi/12.3.1/../../../../arm-none-eabi/lib/thumb/v7-m/nofp/libc_nano.a(libc_a-fflush.o)
                                                  /nix/store/244x2dv48nan65bmpk2pv3pfl5s5jjn8-gcc-arm-embedded-12.3.rel1/bin/../lib/gcc/arm-none-eabi/12.3.1/../../../../arm-none-eabi/lib/thumb/v7-m/nofp/libc_nano.a(libc_a-reent.o)
                                                  /nix/store/244x2dv48nan65bmpk2pv3pfl5s5jjn8-gcc-arm-embedded-12.3.rel1/bin/../lib/gcc/arm-none-eabi/12.3.1/../../../../arm-none-eabi/lib/thumb/v7-m/nofp/libc_nano.a(libc_a-errno.o)
_init                                             /nix/store/244x2dv48nan65bmpk2pv3pfl5s5jjn8-gcc-arm-embedded-12.3.rel1/bin/../lib/gcc/arm-none-eabi/12.3.1/thumb/v7-m/nofp/crti.o
                                                  /nix/store/244x2dv48nan65bmpk2pv3pfl5s5jjn8-gcc-arm-embedded-12.3.rel1/bin/../lib/gcc/arm-none-eabi/12.3.1/../../../../arm-none-eabi/lib/thumb/v7-m/nofp/libc_nano.a(libc_a-init.o)
_isatty                                           build/syscalls.o
_kill                                             build/syscalls.o
_link                                             build/syscalls.o
_lseek                                            build/syscalls.o